Archive member included to satisfy reference by file (symbol)

/home/heiko/UniZeugs/Lab/altera_lite/15.1/nios2eds/bin/gnu/H-x86_64-pc-linux-gnu/bin/../lib/gcc/nios2-elf/4.9.2/../../../../../H-x86_64-pc-linux-gnu/nios2-elf/lib/mno-hw-mul/libc.a(lib_a-puts.o)
                              obj/default/main.o (puts)
/home/heiko/UniZeugs/Lab/altera_lite/15.1/nios2eds/bin/gnu/H-x86_64-pc-linux-gnu/bin/../lib/gcc/nios2-elf/4.9.2/../../../../../H-x86_64-pc-linux-gnu/nios2-elf/lib/mno-hw-mul/libc.a(lib_a-strlen.o)
                              /home/heiko/UniZeugs/Lab/altera_lite/15.1/nios2eds/bin/gnu/H-x86_64-pc-linux-gnu/bin/../lib/gcc/nios2-elf/4.9.2/../../../../../H-x86_64-pc-linux-gnu/nios2-elf/lib/mno-hw-mul/libc.a(lib_a-puts.o) (strlen)
/home/heiko/UniZeugs/Lab/altera_lite/15.1/nios2eds/bin/gnu/H-x86_64-pc-linux-gnu/bin/../lib/gcc/nios2-elf/4.9.2/../../../../../H-x86_64-pc-linux-gnu/nios2-elf/lib/mno-hw-mul/libc.a(lib_a-fvwrite.o)
                              /home/heiko/UniZeugs/Lab/altera_lite/15.1/nios2eds/bin/gnu/H-x86_64-pc-linux-gnu/bin/../lib/gcc/nios2-elf/4.9.2/../../../../../H-x86_64-pc-linux-gnu/nios2-elf/lib/mno-hw-mul/libc.a(lib_a-puts.o) (__sfvwrite_r)
/home/heiko/UniZeugs/Lab/altera_lite/15.1/nios2eds/bin/gnu/H-x86_64-pc-linux-gnu/bin/../lib/gcc/nios2-elf/4.9.2/../../../../../H-x86_64-pc-linux-gnu/nios2-elf/lib/mno-hw-mul/libc.a(lib_a-impure.o)
                              /home/heiko/UniZeugs/Lab/altera_lite/15.1/nios2eds/bin/gnu/H-x86_64-pc-linux-gnu/bin/../lib/gcc/nios2-elf/4.9.2/../../../../../H-x86_64-pc-linux-gnu/nios2-elf/lib/mno-hw-mul/libc.a(lib_a-puts.o) (_impure_ptr)
/home/heiko/UniZeugs/Lab/altera_lite/15.1/nios2eds/bin/gnu/H-x86_64-pc-linux-gnu/bin/../lib/gcc/nios2-elf/4.9.2/../../../../../H-x86_64-pc-linux-gnu/nios2-elf/lib/mno-hw-mul/libc.a(lib_a-mallocr.o)
                              /home/heiko/UniZeugs/Lab/altera_lite/15.1/nios2eds/bin/gnu/H-x86_64-pc-linux-gnu/bin/../lib/gcc/nios2-elf/4.9.2/../../../../../H-x86_64-pc-linux-gnu/nios2-elf/lib/mno-hw-mul/libc.a(lib_a-fvwrite.o) (_malloc_r)
/home/heiko/UniZeugs/Lab/altera_lite/15.1/nios2eds/bin/gnu/H-x86_64-pc-linux-gnu/bin/../lib/gcc/nios2-elf/4.9.2/../../../../../H-x86_64-pc-linux-gnu/nios2-elf/lib/mno-hw-mul/libc.a(lib_a-memchr.o)
                              /home/heiko/UniZeugs/Lab/altera_lite/15.1/nios2eds/bin/gnu/H-x86_64-pc-linux-gnu/bin/../lib/gcc/nios2-elf/4.9.2/../../../../../H-x86_64-pc-linux-gnu/nios2-elf/lib/mno-hw-mul/libc.a(lib_a-fvwrite.o) (memchr)
/home/heiko/UniZeugs/Lab/altera_lite/15.1/nios2eds/bin/gnu/H-x86_64-pc-linux-gnu/bin/../lib/gcc/nios2-elf/4.9.2/../../../../../H-x86_64-pc-linux-gnu/nios2-elf/lib/mno-hw-mul/libc.a(lib_a-memcpy.o)
                              /home/heiko/UniZeugs/Lab/altera_lite/15.1/nios2eds/bin/gnu/H-x86_64-pc-linux-gnu/bin/../lib/gcc/nios2-elf/4.9.2/../../../../../H-x86_64-pc-linux-gnu/nios2-elf/lib/mno-hw-mul/libc.a(lib_a-fvwrite.o) (memcpy)
/home/heiko/UniZeugs/Lab/altera_lite/15.1/nios2eds/bin/gnu/H-x86_64-pc-linux-gnu/bin/../lib/gcc/nios2-elf/4.9.2/../../../../../H-x86_64-pc-linux-gnu/nios2-elf/lib/mno-hw-mul/libc.a(lib_a-memmove.o)
                              /home/heiko/UniZeugs/Lab/altera_lite/15.1/nios2eds/bin/gnu/H-x86_64-pc-linux-gnu/bin/../lib/gcc/nios2-elf/4.9.2/../../../../../H-x86_64-pc-linux-gnu/nios2-elf/lib/mno-hw-mul/libc.a(lib_a-fvwrite.o) (memmove)
/home/heiko/UniZeugs/Lab/altera_lite/15.1/nios2eds/bin/gnu/H-x86_64-pc-linux-gnu/bin/../lib/gcc/nios2-elf/4.9.2/../../../../../H-x86_64-pc-linux-gnu/nios2-elf/lib/mno-hw-mul/libc.a(lib_a-reallocr.o)
                              /home/heiko/UniZeugs/Lab/altera_lite/15.1/nios2eds/bin/gnu/H-x86_64-pc-linux-gnu/bin/../lib/gcc/nios2-elf/4.9.2/../../../../../H-x86_64-pc-linux-gnu/nios2-elf/lib/mno-hw-mul/libc.a(lib_a-fvwrite.o) (_realloc_r)
/home/heiko/UniZeugs/Lab/altera_lite/15.1/nios2eds/bin/gnu/H-x86_64-pc-linux-gnu/bin/../lib/gcc/nios2-elf/4.9.2/../../../../../H-x86_64-pc-linux-gnu/nios2-elf/lib/mno-hw-mul/libc.a(lib_a-sbrkr.o)
                              /home/heiko/UniZeugs/Lab/altera_lite/15.1/nios2eds/bin/gnu/H-x86_64-pc-linux-gnu/bin/../lib/gcc/nios2-elf/4.9.2/../../../../../H-x86_64-pc-linux-gnu/nios2-elf/lib/mno-hw-mul/libc.a(lib_a-mallocr.o) (_sbrk_r)
/home/heiko/UniZeugs/Lab/altera_lite/15.1/nios2eds/bin/gnu/H-x86_64-pc-linux-gnu/bin/../lib/gcc/nios2-elf/4.9.2/../../../../../H-x86_64-pc-linux-gnu/nios2-elf/lib/mno-hw-mul/libc.a(lib_a-wsetup.o)
                              /home/heiko/UniZeugs/Lab/altera_lite/15.1/nios2eds/bin/gnu/H-x86_64-pc-linux-gnu/bin/../lib/gcc/nios2-elf/4.9.2/../../../../../H-x86_64-pc-linux-gnu/nios2-elf/lib/mno-hw-mul/libc.a(lib_a-fvwrite.o) (__swsetup_r)
/home/heiko/UniZeugs/Lab/altera_lite/15.1/nios2eds/bin/gnu/H-x86_64-pc-linux-gnu/bin/../lib/gcc/nios2-elf/4.9.2/../../../../../H-x86_64-pc-linux-gnu/nios2-elf/lib/mno-hw-mul/libc.a(lib_a-fflush.o)
[...]
Memory Configuration

Name             Origin             Length             Attributes
sdram_BEFORE_EXCEPTION 0x0000000000000000 0x0000000000000020
sdram            0x0000000000000020 0x0000000001ffffe0
onchip_memory2_0 0x0000000002004000 0x0000000000004000
reset            0x0000000002009000 0x0000000000000020
epcs_flash_controller_0 0x0000000002009020 0x00000000000007e0
*default*        0x0000000000000000 0xffffffffffffffff

Linker script and memory map

LOAD ../test_bsp//obj/HAL/src/crt0.o
LOAD obj/default/hello_world.o
LOAD obj/default/main.o
LOAD obj/default/motor_setting.o
LOAD obj/default/pin_tests.o
LOAD obj/default/stearing_setting.o
LOAD obj/default/uart.o
LOAD obj/default/ultrasound.o
LOAD /home/heiko/UniZeugs/Lab/altera_lite/15.1/nios2eds/bin/gnu/H-x86_64-pc-linux-gnu/bin/../lib/gcc/nios2-elf/4.9.2/../../../../../H-x86_64-pc-linux-gnu/nios2-elf/lib/mno-hw-mul/libstdc++.a
LOAD /home/heiko/UniZeugs/Lab/altera_lite/15.1/nios2eds/bin/gnu/H-x86_64-pc-linux-gnu/bin/../lib/gcc/nios2-elf/4.9.2/../../../../../H-x86_64-pc-linux-gnu/nios2-elf/lib/mno-hw-mul/libm.a
LOAD /home/heiko/UniZeugs/Lab/altera_lite/15.1/nios2eds/bin/gnu/H-x86_64-pc-linux-gnu/bin/../lib/gcc/nios2-elf/4.9.2/mno-hw-mul/libgcc.a
START GROUP
LOAD /home/heiko/UniZeugs/Lab/altera_lite/15.1/nios2eds/bin/gnu/H-x86_64-pc-linux-gnu/bin/../lib/gcc/nios2-elf/4.9.2/../../../../../H-x86_64-pc-linux-gnu/nios2-elf/lib/mno-hw-mul/libc.a
LOAD /home/heiko/UniZeugs/Lab/altera_lite/15.1/nios2eds/bin/gnu/H-x86_64-pc-linux-gnu/bin/../lib/gcc/nios2-elf/4.9.2/mno-hw-mul/libgcc.a
LOAD ../test_bsp//libhal_bsp.a
LOAD /home/heiko/UniZeugs/Lab/altera_lite/15.1/nios2eds/bin/gnu/H-x86_64-pc-linux-gnu/bin/../lib/gcc/nios2-elf/4.9.2/../../../../../H-x86_64-pc-linux-gnu/nios2-elf/lib/mno-hw-mul/libm.a
END GROUP
LOAD /home/heiko/UniZeugs/Lab/altera_lite/15.1/nios2eds/bin/gnu/H-x86_64-pc-linux-gnu/bin/../lib/gcc/nios2-elf/4.9.2/mno-hw-mul/libgcc.a
                0x0000000000000000                __alt_mem_sdram = 0x0
                0x0000000002004000                __alt_mem_onchip_memory2_0 = 0x2004000
                0x0000000002009000                __alt_mem_epcs_flash_controller_0 = 0x2009000

.entry          0x0000000002009000        0x0
 *(.entry)
 .entry         0x0000000002009000        0x0 ../test_bsp//obj/HAL/src/crt0.o
                0x0000000002009000                __reset

.exceptions     0x0000000000000020      0x19c
                0x0000000000000020                PROVIDE (__ram_exceptions_start, ABSOLUTE (.))
                0x0000000000000020                . = ALIGN (0x20)
 *(.irq)
 *(.exceptions.entry.label)
 .exceptions.entry.label
                0x0000000000000020        0x0 ../test_bsp//libhal_bsp.a(alt_irq_entry.o)
                0x0000000000000020                alt_irq_entry
 .exceptions.entry.label
                0x0000000000000020        0x0 ../test_bsp//libhal_bsp.a(alt_exception_entry.o)
                0x0000000000000020                alt_exception
 *(.exceptions.entry.user)
 *(.exceptions.entry.ecc_fatal)
 *(.exceptions.entry)
 .exceptions.entry
                0x0000000000000020       0x54 ../test_bsp//libhal_bsp.a(alt_exception_entry.o)
 *(.exceptions.irqtest.user)
 *(.exceptions.irqtest)
 .exceptions.irqtest
                0x0000000000000074       0x10 ../test_bsp//libhal_bsp.a(alt_irq_entry.o)
 *(.exceptions.irqhandler.user)
 *(.exceptions.irqhandler)
 .exceptions.irqhandler
                0x0000000000000084        0x4 ../test_bsp//libhal_bsp.a(alt_irq_entry.o)
 *(.exceptions.irqreturn.user)
 *(.exceptions.irqreturn)
 .exceptions.irqreturn
                0x0000000000000088        0x4 ../test_bsp//libhal_bsp.a(alt_irq_entry.o)
 *(.exceptions.notirq.label)
 .exceptions.notirq.label
                0x000000000000008c        0x0 ../test_bsp//libhal_bsp.a(alt_irq_entry.o)
 *(.exceptions.notirq.user)
 *(.exceptions.notirq)
 .exceptions.notirq
                0x000000000000008c        0x8 ../test_bsp//libhal_bsp.a(alt_exception_entry.o)
 *(.exceptions.soft.user)
 *(.exceptions.soft)
 *(.exceptions.unknown.user)
 *(.exceptions.unknown)
 .exceptions.unknown
                0x0000000000000094        0x4 ../test_bsp//libhal_bsp.a(alt_exception_entry.o)
 *(.exceptions.exit.label)
 .exceptions.exit.label
                0x0000000000000098        0x0 ../test_bsp//libhal_bsp.a(alt_irq_entry.o)
 .exceptions.exit.label
                0x0000000000000098        0x0 ../test_bsp//libhal_bsp.a(alt_exception_entry.o)
 *(.exceptions.exit.user)
 *(.exceptions.exit)
 .exceptions.exit
                0x0000000000000098       0x54 ../test_bsp//libhal_bsp.a(alt_exception_entry.o)
 *(.exceptions)
 .exceptions    0x00000000000000ec       0xd0 ../test_bsp//libhal_bsp.a(alt_irq_handler.o)
                0x00000000000000ec                alt_irq_handler
                0x00000000000001bc                PROVIDE (__ram_exceptions_end, ABSOLUTE (.))
                0x0000000000000020                PROVIDE (__flash_exceptions_start, LOADADDR (.exceptions))

.text           0x00000000000001bc     0x7984
                0x00000000000001bc                PROVIDE (stext, ABSOLUTE (.))
 *(.interp)
 *(.hash)
 *(.dynsym)
 *(.dynstr)
 *(.gnu.version)
 *(.gnu.version_d)
 *(.gnu.version_r)
 *(.rel.init)
 *(.rela.init)
 *(.rel.text .rel.text.* .rel.gnu.linkonce.t.*)
 *(.rela.text .rela.text.* .rela.gnu.linkonce.t.*)
 *(.rel.fini)
 *(.rela.fini)
 *(.rel.rodata .rel.rodata.* .rel.gnu.linkonce.r.*)
 *(.rela.rodata .rela.rodata.* .rela.gnu.linkonce.r.*)
 *(.rel.data .rel.data.* .rel.gnu.linkonce.d.*)
 *(.rela.data .rela.data.* .rela.gnu.linkonce.d.*)
 *(.rel.tdata .rel.tdata.* .rel.gnu.linkonce.td.*)
 *(.rela.tdata .rela.tdata.* .rela.gnu.linkonce.td.*)
 *(.rel.tbss .rel.tbss.* .rel.gnu.linkonce.tb.*)
 *(.rela.tbss .rela.tbss.* .rela.gnu.linkonce.tb.*)
 *(.rel.ctors)
 *(.rela.ctors)
 *(.rel.dtors)
 *(.rela.dtors)
 *(.rel.got)
 *(.rela.got)
 *(.rel.sdata .rel.sdata.* .rel.gnu.linkonce.s.*)
 *(.rela.sdata .rela.sdata.* .rela.gnu.linkonce.s.*)
 *(.rel.sbss .rel.sbss.* .rel.gnu.linkonce.sb.*)
 *(.rela.sbss .rela.sbss.* .rela.gnu.linkonce.sb.*)
 *(.rel.sdata2 .rel.sdata2.* .rel.gnu.linkonce.s2.*)
 *(.rela.sdata2 .rela.sdata2.* .rela.gnu.linkonce.s2.*)
 *(.rel.sbss2 .rel.sbss2.* .rel.gnu.linkonce.sb2.*)
 *(.rela.sbss2 .rela.sbss2.* .rela.gnu.linkonce.sb2.*)
 *(.rel.bss .rel.bss.* .rel.gnu.linkonce.b.*)
 *(.rela.bss .rela.bss.* .rela.gnu.linkonce.b.*)
 *(.rel.plt)
 *(.rela.plt)
 *(.rel.dyn)
 *(.init)
 *(.plt)
 *(.text .stub .text.* .gnu.linkonce.t.*)
 .text          0x00000000000001bc       0x38 ../test_bsp//obj/HAL/src/crt0.o
                0x00000000000001bc                _start
 .text          0x00000000000001f4        0x0 obj/default/hello_world.o
 .text          0x00000000000001f4       0xfc obj/default/main.o
                0x00000000000001f4                main
 .text          0x00000000000002f0       0xe4 obj/default/motor_setting.o
                0x00000000000002f0                motor_setting
 .text          0x00000000000003d4      0x3bc obj/default/pin_tests.o
                0x00000000000003d4                test_stearing
                0x00000000000005ac                test_motor
 .text          0x0000000000000790       0xbc obj/default/stearing_setting.o
                0x0000000000000790                stearing_setting
 .text          0x000000000000084c      0x118 obj/default/uart.o
                0x000000000000084c                uart_init
                0x0000000000000898                uart_send_byte
                0x0000000000000904                uart_receive_byte
 .text          0x0000000000000964       0xe8 obj/default/ultrasound.o
                0x0000000000000964                ultrasound_init
                0x0000000000000998                ultrasound_read
 .text          0x0000000000000a4c        0x0 /home/heiko/UniZeugs/Lab/altera_lite/15.1/nios2eds/bin/gnu/H-x86_64-pc-linux-gnu/bin/../lib/gcc/nios2-elf/4.9.2/../../../../../H-x86_64-pc-linux-gnu/nios2-elf/lib/mno-hw-mul/libc.a(lib_a-puts.o)
 .text._puts_r  0x0000000000000a4c       0xa8 /home/heiko/UniZeugs/Lab/altera_lite/15.1/nios2eds/bin/gnu/H-x86_64-pc-linux-gnu/bin/../lib/gcc/nios2-elf/4.9.2/../../../../../H-x86_64-pc-linux-gnu/nios2-elf/lib/mno-hw-mul/libc.a(lib_a-puts.o)
                0x0000000000000a4c                _puts_r
 .text.puts     0x0000000000000af4       0x14 /home/heiko/UniZeugs/Lab/altera_lite/15.1/nios2eds/bin/gnu/H-x86_64-pc-linux-gnu/bin/../lib/gcc/nios2-elf/4.9.2/../../../../../H-x86_64-pc-linux-gnu/nios2-elf/lib/mno-hw-mul/libc.a(lib_a-puts.o)
                0x0000000000000af4                puts
 .text          0x0000000000000b08        0x0 /home/heiko/UniZeugs/Lab/altera_lite/15.1/nios2eds/bin/gnu/H-x86_64-pc-linux-gnu/bin/../lib/gcc/nios2-elf/4.9.2/../../../../../H-x86_64-pc-linux-gnu/nios2-elf/lib/mno-hw-mul/libc.a(lib_a-strlen.o)
 .text.strlen   0x0000000000000b08       0x98 /home/heiko/UniZeugs/Lab/altera_lite/15.1/nios2eds/bin/gnu/H-x86_64-pc-linux-gnu/bin/../lib/gcc/nios2-elf/4.9.2/../../../../../H-x86_64-pc-linux-gnu/nios2-elf/lib/mno-hw-mul/libc.a(lib_a-strlen.o)
                0x0000000000000b08                strlen
 .text          0x0000000000000ba0        0x0 /home/heiko/UniZeugs/Lab/altera_lite/15.1/nios2eds/bin/gnu/H-x86_64-pc-linux-gnu/bin/../lib/gcc/nios2-elf/4.9.2/../../../../../H-x86_64-pc-linux-gnu/nios2-elf/lib/mno-hw-mul/libc.a(lib_a-fvwrite.o)
 .text.__sfvwrite_r
                0x0000000000000ba0      0x4cc /home/heiko/UniZeugs/Lab/altera_lite/15.1/nios2eds/bin/gnu/H-x86_64-pc-linux-gnu/bin/../lib/gcc/nios2-elf/4.9.2/../../../../../H-x86_64-pc-linux-gnu/nios2-elf/lib/mno-hw-mul/libc.a(lib_a-fvwrite.o)
                0x0000000000000ba0                __sfvwrite_r
 .text          0x000000000000106c        0x0 /home/heiko/UniZeugs/Lab/altera_lite/15.1/nios2eds/bin/gnu/H-x86_64-pc-linux-gnu/bin/../lib/gcc/nios2-elf/4.9.2/../../../../../H-x86_64-pc-linux-gnu/nios2-elf/lib/mno-hw-mul/libc.a(lib_a-impure.o)
 .text          0x000000000000106c        0x0 /home/heiko/UniZeugs/Lab/altera_lite/15.1/nios2eds/bin/gnu/H-x86_64-pc-linux-gnu/bin/../lib/gcc/nios2-elf/4.9.2/../../../../../H-x86_64-pc-linux-gnu/nios2-elf/lib/mno-hw-mul/libc.a(lib_a-mallocr.o)
 .text._malloc_r
                0x000000000000106c      0x7a8 /home/heiko/UniZeugs/Lab/altera_lite/15.1/nios2eds/bin/gnu/H-x86_64-pc-linux-gnu/bin/../lib/gcc/nios2-elf/4.9.2/../../../../../H-x86_64-pc-linux-gnu/nios2-elf/lib/mno-hw-mul/libc.a(lib_a-mallocr.o)
                0x000000000000106c                _malloc_r
 .text          0x0000000000001814        0x0 /home/heiko/UniZeugs/Lab/altera_lite/15.1/nios2eds/bin/gnu/H-x86_64-pc-linux-gnu/bin/../lib/gcc/nios2-elf/4.9.2/../../../../../H-x86_64-pc-linux-gnu/nios2-elf/lib/mno-hw-mul/libc.a(lib_a-memchr.o)
 .text.memchr   0x0000000000001814       0xe8 /home/heiko/UniZeugs/Lab/altera_lite/15.1/nios2eds/bin/gnu/H-x86_64-pc-linux-gnu/bin/../lib/gcc/nios2-elf/4.9.2/../../../../../H-x86_64-pc-linux-gnu/nios2-elf/lib/mno-hw-mul/libc.a(lib_a-memchr.o)
                0x0000000000001814                memchr
 .text          0x00000000000018fc        0x0 /home/heiko/UniZeugs/Lab/altera_lite/15.1/nios2eds/bin/gnu/H-x86_64-pc-linux-gnu/bin/../lib/gcc/nios2-elf/4.9.2/../../../../../H-x86_64-pc-linux-gnu/nios2-elf/lib/mno-hw-mul/libc.a(lib_a-memcpy.o)
 .text.memcpy   0x00000000000018fc      0x138 /home/heiko/UniZeugs/Lab/altera_lite/15.1/nios2eds/bin/gnu/H-x86_64-pc-linux-gnu/bin/../lib/gcc/nios2-elf/4.9.2/../../../../../H-x86_64-pc-linux-gnu/nios2-elf/lib/mno-hw-mul/libc.a(lib_a-memcpy.o)
                0x00000000000018fc                memcpy
 .text          0x0000000000001a34        0x0 /home/heiko/UniZeugs/Lab/altera_lite/15.1/nios2eds/bin/gnu/H-x86_64-pc-linux-gnu/bin/../lib/gcc/nios2-elf/4.9.2/../../../../../H-x86_64-pc-linux-gnu/nios2-elf/lib/mno-hw-mul/libc.a(lib_a-memmove.o)
 .text.memmove  0x0000000000001a34      0x15c /home/heiko/UniZeugs/Lab/altera_lite/15.1/nios2eds/bin/gnu/H-x86_64-pc-linux-gnu/bin/../lib/gcc/nios2-elf/4.9.2/../../../../../H-x86_64-pc-linux-gnu/nios2-elf/lib/mno-hw-mul/libc.a(lib_a-memmove.o)
                0x0000000000001a34                memmove
 .text          0x0000000000001b90        0x0 /home/heiko/UniZeugs/Lab/altera_lite/15.1/nios2eds/bin/gnu/H-x86_64-pc-linux-gnu/bin/../lib/gcc/nios2-elf/4.9.2/../../../../../H-x86_64-pc-linux-gnu/nios2-elf/lib/mno-hw-mul/libc.a(lib_a-reallocr.o)
 .text._realloc_r
                0x0000000000001b90      0x568 /home/heiko/UniZeugs/Lab/altera_lite/15.1/nios2eds/bin/gnu/H-x86_64-pc-linux-gnu/bin/../lib/gcc/nios2-elf/4.9.2/../../../../../H-x86_64-pc-linux-gnu/nios2-elf/lib/mno-hw-mul/libc.a(lib_a-reallocr.o)
                0x0000000000001b90                _realloc_r
 .text          0x00000000000020f8        0x0 /home/heiko/UniZeugs/Lab/altera_lite/15.1/nios2eds/bin/gnu/H-x86_64-pc-linux-gnu/bin/../lib/gcc/nios2-elf/4.9.2/../../../../../H-x86_64-pc-linux-gnu/nios2-elf/lib/mno-hw-mul/libc.a(lib_a-sbrkr.o)
 .text._sbrk_r  0x00000000000020f8       0x54 /home/heiko/UniZeugs/Lab/altera_lite/15.1/nios2eds/bin/gnu/H-x86_64-pc-linux-gnu/bin/../lib/gcc/nios2-elf/4.9.2/../../../../../H-x86_64-pc-linux-gnu/nios2-elf/lib/mno-hw-mul/libc.a(lib_a-sbrkr.o)
                0x00000000000020f8                _sbrk_r
 .text          0x000000000000214c        0x0 /home/heiko/UniZeugs/Lab/altera_lite/15.1/nios2eds/bin/gnu/H-x86_64-pc-linux-gnu/bin/../lib/gcc/nios2-elf/4.9.2/../../../../../H-x86_64-pc-linux-gnu/nios2-elf/lib/mno-hw-mul/libc.a(lib_a-wsetup.o)
 .text.__swsetup_r
                0x000000000000214c      0x154 /home/heiko/UniZeugs/Lab/altera_lite/15.1/nios2eds/bin/gnu/H-x86_64-pc-linux-gnu/bin/../lib/gcc/nios2-elf/4.9.2/../../../../../H-x86_64-pc-linux-gnu/nios2-elf/lib/mno-hw-mul/libc.a(lib_a-wsetup.o)
                0x000000000000214c                __swsetup_r
 .text          0x00000000000022a0        0x0 /home/heiko/UniZeugs/Lab/altera_lite/15.1/nios2eds/bin/gnu/H-x86_64-pc-linux-gnu/bin/../lib/gcc/nios2-elf/4.9.2/../../../../../H-x86_64-pc-linux-gnu/nios2-elf/lib/mno-hw-mul/libc.a(lib_a-fflush.o)
 .text.__sflush_r
                0x00000000000022a0      0x208 /home/heiko/UniZeugs/Lab/altera_lite/15.1/nios2eds/bin/gnu/H-x86_64-pc-linux-gnu/bin/../lib/gcc/nios2-elf/4.9.2/../../../../../H-x86_64-pc-linux-gnu/nios2-elf/lib/mno-hw-mul/libc.a(lib_a-fflush.o)
                0x00000000000022a0                __sflush_r
 .text._fflush_r
                0x00000000000024a8       0x5c /home/heiko/UniZeugs/Lab/altera_lite/15.1/nios2eds/bin/gnu/H-x86_64-pc-linux-gnu/bin/../lib/gcc/nios2-elf/4.9.2/../../../../../H-x86_64-pc-linux-gnu/nios2-elf/lib/mno-hw-mul/libc.a(lib_a-fflush.o)
                0x00000000000024a8                _fflush_r
 .text.fflush   0x0000000000002504       0x30 /home/heiko/UniZeugs/Lab/altera_lite/15.1/nios2eds/bin/gnu/H-x86_64-pc-linux-gnu/bin/../lib/gcc/nios2-elf/4.9.2/../../../../../H-x86_64-pc-linux-gnu/nios2-elf/lib/mno-hw-mul/libc.a(lib_a-fflush.o)
                0x0000000000002504                fflush
 .text          0x0000000000002534        0x0 /home/heiko/UniZeugs/Lab/altera_lite/15.1/nios2eds/bin/gnu/H-x86_64-pc-linux-gnu/bin/../lib/gcc/nios2-elf/4.9.2/../../../../../H-x86_64-pc-linux-gnu/nios2-elf/lib/mno-hw-mul/libc.a(lib_a-findfp.o)
 .text.__fp_lock
                0x0000000000002534        0x8 /home/heiko/UniZeugs/Lab/altera_lite/15.1/nios2eds/bin/gnu/H-x86_64-pc-linux-gnu/bin/../lib/gcc/nios2-elf/4.9.2/../../../../../H-x86_64-pc-linux-gnu/nios2-elf/lib/mno-hw-mul/libc.a(lib_a-findfp.o)
 .text.__fp_unlock
                0x000000000000253c        0x8 /home/heiko/UniZeugs/Lab/altera_lite/15.1/nios2eds/bin/gnu/H-x86_64-pc-linux-gnu/bin/../lib/gcc/nios2-elf/4.9.2/../../../../../H-x86_64-pc-linux-gnu/nios2-elf/lib/mno-hw-mul/libc.a(lib_a-findfp.o)
 .text._cleanup_r
                0x0000000000002544        0xc /home/heiko/UniZeugs/Lab/altera_lite/15.1/nios2eds/bin/gnu/H-x86_64-pc-linux-gnu/bin/../lib/gcc/nios2-elf/4.9.2/../../../../../H-x86_64-pc-linux-gnu/nios2-elf/lib/mno-hw-mul/libc.a(lib_a-findfp.o)
                0x0000000000002544                _cleanup_r
 .text.__sinit.part.1
                0x0000000000002550      0x19c /home/heiko/UniZeugs/Lab/altera_lite/15.1/nios2eds/bin/gnu/H-x86_64-pc-linux-gnu/bin/../lib/gcc/nios2-elf/4.9.2/../../../../../H-x86_64-pc-linux-gnu/nios2-elf/lib/mno-hw-mul/libc.a(lib_a-findfp.o)
 .text.__sfmoreglue
                0x00000000000026ec       0x78 /home/heiko/UniZeugs/Lab/altera_lite/15.1/nios2eds/bin/gnu/H-x86_64-pc-linux-gnu/bin/../lib/gcc/nios2-elf/4.9.2/../../../../../H-x86_64-pc-linux-gnu/nios2-elf/lib/mno-hw-mul/libc.a(lib_a-findfp.o)
                0x00000000000026ec                __sfmoreglue
 .text.__sfp    0x0000000000002764      0x118 /home/heiko/UniZeugs/Lab/altera_lite/15.1/nios2eds/bin/gnu/H-x86_64-pc-linux-gnu/bin/../lib/gcc/nios2-elf/4.9.2/../../../../../H-x86_64-pc-linux-gnu/nios2-elf/lib/mno-hw-mul/libc.a(lib_a-findfp.o)
                0x0000000000002764                __sfp
 .text._cleanup
                0x000000000000287c       0x18 /home/heiko/UniZeugs/Lab/altera_lite/15.1/nios2eds/bin/gnu/H-x86_64-pc-linux-gnu/bin/../lib/gcc/nios2-elf/4.9.2/../../../../../H-x86_64-pc-linux-gnu/nios2-elf/lib/mno-hw-mul/libc.a(lib_a-findfp.o)
                0x000000000000287c                _cleanup
 .text.__sinit  0x0000000000002894       0x10 /home/heiko/UniZeugs/Lab/altera_lite/15.1/nios2eds/bin/gnu/H-x86_64-pc-linux-gnu/bin/../lib/gcc/nios2-elf/4.9.2/../../../../../H-x86_64-pc-linux-gnu/nios2-elf/lib/mno-hw-mul/libc.a(lib_a-findfp.o)
                0x0000000000002894                __sinit
 .text.__sfp_lock_acquire
                0x00000000000028a4        0x4 /home/heiko/UniZeugs/Lab/altera_lite/15.1/nios2eds/bin/gnu/H-x86_64-pc-linux-gnu/bin/../lib/gcc/nios2-elf/4.9.2/../../../../../H-x86_64-pc-linux-gnu/nios2-elf/lib/mno-hw-mul/libc.a(lib_a-findfp.o)
                0x00000000000028a4                __sfp_lock_acquire
 .text.__sfp_lock_release
                0x00000000000028a8        0x4 /home/heiko/UniZeugs/Lab/altera_lite/15.1/nios2eds/bin/gnu/H-x86_64-pc-linux-gnu/bin/../lib/gcc/nios2-elf/4.9.2/../../../../../H-x86_64-pc-linux-gnu/nios2-elf/lib/mno-hw-mul/libc.a(lib_a-findfp.o)
                0x00000000000028a8                __sfp_lock_release
 .text.__sinit_lock_acquire
                0x00000000000028ac        0x4 /home/heiko/UniZeugs/Lab/altera_lite/15.1/nios2eds/bin/gnu/H-x86_64-pc-linux-gnu/bin/../lib/gcc/nios2-elf/4.9.2/../../../../../H-x86_64-pc-linux-gnu/nios2-elf/lib/mno-hw-mul/libc.a(lib_a-findfp.o)
                0x00000000000028ac                __sinit_lock_acquire
 .text.__sinit_lock_release
                0x00000000000028b0        0x4 /home/heiko/UniZeugs/Lab/altera_lite/15.1/nios2eds/bin/gnu/H-x86_64-pc-linux-gnu/bin/../lib/gcc/nios2-elf/4.9.2/../../../../../H-x86_64-pc-linux-gnu/nios2-elf/lib/mno-hw-mul/libc.a(lib_a-findfp.o)
                0x00000000000028b0                __sinit_lock_release
 .text.__fp_lock_all
                0x00000000000028b4       0x18 /home/heiko/UniZeugs/Lab/altera_lite/15.1/nios2eds/bin/gnu/H-x86_64-pc-linux-gnu/bin/../lib/gcc/nios2-elf/4.9.2/../../../../../H-x86_64-pc-linux-gnu/nios2-elf/lib/mno-hw-mul/libc.a(lib_a-findfp.o)
                0x00000000000028b4                __fp_lock_all
 .text.__fp_unlock_all
                0x00000000000028cc       0x18 /home/heiko/UniZeugs/Lab/altera_lite/15.1/nios2eds/bin/gnu/H-x86_64-pc-linux-gnu/bin/../lib/gcc/nios2-elf/4.9.2/../../../../../H-x86_64-pc-linux-gnu/nios2-elf/lib/mno-hw-mul/libc.a(lib_a-findfp.o)
                0x00000000000028cc                __fp_unlock_all
 .text          0x00000000000028e4        0x0 /home/heiko/UniZeugs/Lab/altera_lite/15.1/nios2eds/bin/gnu/H-x86_64-pc-linux-gnu/bin/../lib/gcc/nios2-elf/4.9.2/../../../../../H-x86_64-pc-linux-gnu/nios2-elf/lib/mno-hw-mul/libc.a(lib_a-freer.o)
 .text._malloc_trim_r
                0x00000000000028e4      0x124 /home/heiko/UniZeugs/Lab/altera_lite/15.1/nios2eds/bin/gnu/H-x86_64-pc-linux-gnu/bin/../lib/gcc/nios2-elf/4.9.2/../../../../../H-x86_64-pc-linux-gnu/nios2-elf/lib/mno-hw-mul/libc.a(lib_a-freer.o)
                0x00000000000028e4                _malloc_trim_r
 .text._free_r  0x0000000000002a08      0x2f0 /home/heiko/UniZeugs/Lab/altera_lite/15.1/nios2eds/bin/gnu/H-x86_64-pc-linux-gnu/bin/../lib/gcc/nios2-elf/4.9.2/../../../../../H-x86_64-pc-linux-gnu/nios2-elf/lib/mno-hw-mul/libc.a(lib_a-freer.o)
                0x0000000000002a08                _free_r
 .text          0x0000000000002cf8        0x0 /home/heiko/UniZeugs/Lab/altera_lite/15.1/nios2eds/bin/gnu/H-x86_64-pc-linux-gnu/bin/../lib/gcc/nios2-elf/4.9.2/../../../../../H-x86_64-pc-linux-gnu/nios2-elf/lib/mno-hw-mul/libc.a(lib_a-fwalk.o)
 .text._fwalk   0x0000000000002cf8       0xc4 /home/heiko/UniZeugs/Lab/altera_lite/15.1/nios2eds/bin/gnu/H-x86_64-pc-linux-gnu/bin/../lib/gcc/nios2-elf/4.9.2/../../../../../H-x86_64-pc-linux-gnu/nios2-elf/lib/mno-hw-mul/libc.a(lib_a-fwalk.o)
                0x0000000000002cf8                _fwalk
 .text._fwalk_reent
                0x0000000000002dbc       0xc4 /home/heiko/UniZeugs/Lab/altera_lite/15.1/nios2eds/bin/gnu/H-x86_64-pc-linux-gnu/bin/../lib/gcc/nios2-elf/4.9.2/../../../../../H-x86_64-pc-linux-gnu/nios2-elf/lib/mno-hw-mul/libc.a(lib_a-fwalk.o)
                0x0000000000002dbc                _fwalk_reent
 .text          0x0000000000002e80        0x0 /home/heiko/UniZeugs/Lab/altera_lite/15.1/nios2eds/bin/gnu/H-x86_64-pc-linux-gnu/bin/../lib/gcc/nios2-elf/4.9.2/../../../../../H-x86_64-pc-linux-gnu/nios2-elf/lib/mno-hw-mul/libc.a(lib_a-int_errno.o)
 .text          0x0000000000002e80        0x0 /home/heiko/UniZeugs/Lab/altera_lite/15.1/nios2eds/bin/gnu/H-x86_64-pc-linux-gnu/bin/../lib/gcc/nios2-elf/4.9.2/../../../../../H-x86_64-pc-linux-gnu/nios2-elf/lib/mno-hw-mul/libc.a(lib_a-makebuf.o)
 .text.__smakebuf_r
                0x0000000000002e80      0x1b8 /home/heiko/UniZeugs/Lab/altera_lite/15.1/nios2eds/bin/gnu/H-x86_64-pc-linux-gnu/bin/../lib/gcc/nios2-elf/4.9.2/../../../../../H-x86_64-pc-linux-gnu/nios2-elf/lib/mno-hw-mul/libc.a(lib_a-makebuf.o)
                0x0000000000002e80                __smakebuf_r
 .text          0x0000000000003038        0x0 /home/heiko/UniZeugs/Lab/altera_lite/15.1/nios2eds/bin/gnu/H-x86_64-pc-linux-gnu/bin/../lib/gcc/nios2-elf/4.9.2/../../../../../H-x86_64-pc-linux-gnu/nios2-elf/lib/mno-hw-mul/libc.a(lib_a-memset.o)
 .text.memset   0x0000000000003038      0x124 /home/heiko/UniZeugs/Lab/altera_lite/15.1/nios2eds/bin/gnu/H-x86_64-pc-linux-gnu/bin/../lib/gcc/nios2-elf/4.9.2/../../../../../H-x86_64-pc-linux-gnu/nios2-elf/lib/mno-hw-mul/libc.a(lib_a-memset.o)
                0x0000000000003038                memset
 .text          0x000000000000315c        0x0 /home/heiko/UniZeugs/Lab/altera_lite/15.1/nios2eds/bin/gnu/H-x86_64-pc-linux-gnu/bin/../lib/gcc/nios2-elf/4.9.2/../../../../../H-x86_64-pc-linux-gnu/nios2-elf/lib/mno-hw-mul/libc.a(lib_a-stdio.o)
 .text.__sread  0x000000000000315c       0x54 /home/heiko/UniZeugs/Lab/altera_lite/15.1/nios2eds/bin/gnu/H-x86_64-pc-linux-gnu/bin/../lib/gcc/nios2-elf/4.9.2/../../../../../H-x86_64-pc-linux-gnu/nios2-elf/lib/mno-hw-mul/libc.a(lib_a-stdio.o)
                0x000000000000315c                __sread
 .text.__seofread
                0x00000000000031b0        0x8 /home/heiko/UniZeugs/Lab/altera_lite/15.1/nios2eds/bin/gnu/H-x86_64-pc-linux-gnu/bin/../lib/gcc/nios2-elf/4.9.2/../../../../../H-x86_64-pc-linux-gnu/nios2-elf/lib/mno-hw-mul/libc.a(lib_a-stdio.o)
                0x00000000000031b0                __seofread
 .text.__swrite
                0x00000000000031b8       0x7c /home/heiko/UniZeugs/Lab/altera_lite/15.1/nios2eds/bin/gnu/H-x86_64-pc-linux-gnu/bin/../lib/gcc/nios2-elf/4.9.2/../../../../../H-x86_64-pc-linux-gnu/nios2-elf/lib/mno-hw-mul/libc.a(lib_a-stdio.o)
                0x00000000000031b8                __swrite
 .text.__sseek  0x0000000000003234       0x5c /home/heiko/UniZeugs/Lab/altera_lite/15.1/nios2eds/bin/gnu/H-x86_64-pc-linux-gnu/bin/../lib/gcc/nios2-elf/4.9.2/../../../../../H-x86_64-pc-linux-gnu/nios2-elf/lib/mno-hw-mul/libc.a(lib_a-stdio.o)
                0x0000000000003234                __sseek
 .text.__sclose
                0x0000000000003290        0x8 /home/heiko/UniZeugs/Lab/altera_lite/15.1/nios2eds/bin/gnu/H-x86_64-pc-linux-gnu/bin/../lib/gcc/nios2-elf/4.9.2/../../../../../H-x86_64-pc-linux-gnu/nios2-elf/lib/mno-hw-mul/libc.a(lib_a-stdio.o)
                0x0000000000003290                __sclose
 .text          0x0000000000003298        0x0 /home/heiko/UniZeugs/Lab/altera_lite/15.1/nios2eds/bin/gnu/H-x86_64-pc-linux-gnu/bin/../lib/gcc/nios2-elf/4.9.2/../../../../../H-x86_64-pc-linux-gnu/nios2-elf/lib/mno-hw-mul/libc.a(lib_a-writer.o)
 .text._write_r
                0x0000000000003298       0x5c /home/heiko/UniZeugs/Lab/altera_lite/15.1/nios2eds/bin/gnu/H-x86_64-pc-linux-gnu/bin/../lib/gcc/nios2-elf/4.9.2/../../../../../H-x86_64-pc-linux-gnu/nios2-elf/lib/mno-hw-mul/libc.a(lib_a-writer.o)
                0x0000000000003298                _write_r
 .text          0x00000000000032f4        0x0 /home/heiko/UniZeugs/Lab/altera_lite/15.1/nios2eds/bin/gnu/H-x86_64-pc-linux-gnu/bin/../lib/gcc/nios2-elf/4.9.2/../../../../../H-x86_64-pc-linux-gnu/nios2-elf/lib/mno-hw-mul/libc.a(closer.o)
 .text._close_r
                0x00000000000032f4       0x54 /home/heiko/UniZeugs/Lab/altera_lite/15.1/nios2eds/bin/gnu/H-x86_64-pc-linux-gnu/bin/../lib/gcc/nios2-elf/4.9.2/../../../../../H-x86_64-pc-linux-gnu/nios2-elf/lib/mno-hw-mul/libc.a(closer.o)
                0x00000000000032f4                _close_r
 .text          0x0000000000003348        0x0 /home/heiko/UniZeugs/Lab/altera_lite/15.1/nios2eds/bin/gnu/H-x86_64-pc-linux-gnu/bin/../lib/gcc/nios2-elf/4.9.2/../../../../../H-x86_64-pc-linux-gnu/nios2-elf/lib/mno-hw-mul/libc.a(lib_a-fclose.o)
 .text._fclose_r
                0x0000000000003348       0xf0 /home/heiko/UniZeugs/Lab/altera_lite/15.1/nios2eds/bin/gnu/H-x86_64-pc-linux-gnu/bin/../lib/gcc/nios2-elf/4.9.2/../../../../../H-x86_64-pc-linux-gnu/nios2-elf/lib/mno-hw-mul/libc.a(lib_a-fclose.o)
                0x0000000000003348                _fclose_r
 .text.fclose   0x0000000000003438       0x14 /home/heiko/UniZeugs/Lab/altera_lite/15.1/nios2eds/bin/gnu/H-x86_64-pc-linux-gnu/bin/../lib/gcc/nios2-elf/4.9.2/../../../../../H-x86_64-pc-linux-gnu/nios2-elf/lib/mno-hw-mul/libc.a(lib_a-fclose.o)
                0x0000000000003438                fclose
 .text          0x000000000000344c        0x0 /home/heiko/UniZeugs/Lab/altera_lite/15.1/nios2eds/bin/gnu/H-x86_64-pc-linux-gnu/bin/../lib/gcc/nios2-elf/4.9.2/../../../../../H-x86_64-pc-linux-gnu/nios2-elf/lib/mno-hw-mul/libc.a(lib_a-fstatr.o)
 .text._fstat_r
                0x000000000000344c       0x58 /home/heiko/UniZeugs/Lab/altera_lite/15.1/nios2eds/bin/gnu/H-x86_64-pc-linux-gnu/bin/../lib/gcc/nios2-elf/4.9.2/../../../../../H-x86_64-pc-linux-gnu/nios2-elf/lib/mno-hw-mul/libc.a(lib_a-fstatr.o)
                0x000000000000344c                _fstat_r
 .text          0x00000000000034a4        0x0 /home/heiko/UniZeugs/Lab/altera_lite/15.1/nios2eds/bin/gnu/H-x86_64-pc-linux-gnu/bin/../lib/gcc/nios2-elf/4.9.2/../../../../../H-x86_64-pc-linux-gnu/nios2-elf/lib/mno-hw-mul/libc.a(lib_a-isattyr.o)
 .text._isatty_r
                0x00000000000034a4       0x54 /home/heiko/UniZeugs/Lab/altera_lite/15.1/nios2eds/bin/gnu/H-x86_64-pc-linux-gnu/bin/../lib/gcc/nios2-elf/4.9.2/../../../../../H-x86_64-pc-linux-gnu/nios2-elf/lib/mno-hw-mul/libc.a(lib_a-isattyr.o)
                0x00000000000034a4                _isatty_r
 .text          0x00000000000034f8        0x0 /home/heiko/UniZeugs/Lab/altera_lite/15.1/nios2eds/bin/gnu/H-x86_64-pc-linux-gnu/bin/../lib/gcc/nios2-elf/4.9.2/../../../../../H-x86_64-pc-linux-gnu/nios2-elf/lib/mno-hw-mul/libc.a(lib_a-lseekr.o)
 .text._lseek_r
                0x00000000000034f8       0x5c /home/heiko/UniZeugs/Lab/altera_lite/15.1/nios2eds/bin/gnu/H-x86_64-pc-linux-gnu/bin/../lib/gcc/nios2-elf/4.9.2/../../../../../H-x86_64-pc-linux-gnu/nios2-elf/lib/mno-hw-mul/libc.a(lib_a-lseekr.o)
                0x00000000000034f8                _lseek_r
 .text          0x0000000000003554        0x0 /home/heiko/UniZeugs/Lab/altera_lite/15.1/nios2eds/bin/gnu/H-x86_64-pc-linux-gnu/bin/../lib/gcc/nios2-elf/4.9.2/../../../../../H-x86_64-pc-linux-gnu/nios2-elf/lib/mno-hw-mul/libc.a(lib_a-readr.o)
 .text._read_r  0x0000000000003554       0x5c /home/heiko/UniZeugs/Lab/altera_lite/15.1/nios2eds/bin/gnu/H-x86_64-pc-linux-gnu/bin/../lib/gcc/nios2-elf/4.9.2/../../../../../H-x86_64-pc-linux-gnu/nios2-elf/lib/mno-hw-mul/libc.a(lib_a-readr.o)
                0x0000000000003554                _read_r
 .text          0x00000000000035b0      0x12c /home/heiko/UniZeugs/Lab/altera_lite/15.1/nios2eds/bin/gnu/H-x86_64-pc-linux-gnu/bin/../lib/gcc/nios2-elf/4.9.2/mno-hw-mul/libgcc.a(lib2-divmod.o)
                0x000000000000361c                __divsi3
                0x0000000000003670                __modsi3
                0x00000000000036cc                __udivsi3
                0x00000000000036d4                __umodsi3
 .text          0x00000000000036dc       0x28 /home/heiko/UniZeugs/Lab/altera_lite/15.1/nios2eds/bin/gnu/H-x86_64-pc-linux-gnu/bin/../lib/gcc/nios2-elf/4.9.2/mno-hw-mul/libgcc.a(lib2-mul.o)
                0x00000000000036dc                __mulsi3
 .text          0x0000000000003704      0x128 ../test_bsp//libhal_bsp.a(alt_close.o)
                0x0000000000003754                close
 .text          0x000000000000382c       0x2c ../test_bsp//libhal_bsp.a(alt_dev.o)
 .text          0x0000000000003858        0x0 ../test_bsp//libhal_bsp.a(alt_errno.o)
 .text          0x0000000000003858      0x108 ../test_bsp//libhal_bsp.a(alt_fstat.o)
                0x00000000000038a8                fstat
 .text          0x0000000000003960       0xfc ../test_bsp//libhal_bsp.a(alt_isatty.o)
                0x00000000000039b0                isatty
 .text          0x0000000000003a5c      0x12c ../test_bsp//libhal_bsp.a(alt_lseek.o)
                0x0000000000003aac                lseek
 .text          0x0000000000003b88       0x78 ../test_bsp//libhal_bsp.a(alt_main.o)
                0x0000000000003b88                alt_main
 .text          0x0000000000003c00       0x40 ../test_bsp//libhal_bsp.a(alt_malloc_lock.o)
                0x0000000000003c00                __malloc_lock
                0x0000000000003c20                __malloc_unlock
 .text          0x0000000000003c40      0x154 ../test_bsp//libhal_bsp.a(alt_read.o)
                0x0000000000003c90                read
 .text          0x0000000000003d94       0x80 ../test_bsp//libhal_bsp.a(alt_release_fd.o)
                0x0000000000003d94                alt_release_fd
 .text          0x0000000000003e14       0xb0 ../test_bsp//libhal_bsp.a(alt_sbrk.o)
                0x0000000000003e14                sbrk
 .text          0x0000000000003ec4      0x150 ../test_bsp//libhal_bsp.a(alt_write.o)
                0x0000000000003f14                write
 .text          0x0000000000004014      0x184 ../test_bsp//libhal_bsp.a(alt_sys_init.o)
                0x000000000000404c                alt_irq_init
                0x0000000000004080                alt_sys_init
 .text          0x0000000000004198      0xaf8 ../test_bsp//libhal_bsp.a(altera_avalon_epcs_flash_controller.o)
                0x00000000000041d0                alt_epcs_flash_init
                0x0000000000004704                alt_epcs_flash_write
                0x0000000000004964                alt_epcs_flash_get_info
                0x0000000000004a84                alt_epcs_flash_erase_block
                0x0000000000004af8                alt_epcs_flash_write_block
                0x0000000000004bf8                alt_epcs_flash_read
 .text          0x0000000000004c90      0x164 ../test_bsp//libhal_bsp.a(altera_avalon_jtag_uart_fd.o)
                0x0000000000004c90                altera_avalon_jtag_uart_read_fd
                0x0000000000004cf0                altera_avalon_jtag_uart_write_fd
                0x0000000000004d50                altera_avalon_jtag_uart_close_fd
                0x0000000000004da0                altera_avalon_jtag_uart_ioctl_fd
 .text          0x0000000000004df4      0x3d8 ../test_bsp//libhal_bsp.a(altera_avalon_jtag_uart_init.o)
                0x0000000000004df4                altera_avalon_jtag_uart_init
                0x0000000000005164                altera_avalon_jtag_uart_close
 .text          0x00000000000051cc       0xec ../test_bsp//libhal_bsp.a(altera_avalon_jtag_uart_ioctl.o)
                0x00000000000051cc                altera_avalon_jtag_uart_ioctl
 .text          0x00000000000052b8      0x20c ../test_bsp//libhal_bsp.a(altera_avalon_jtag_uart_read.o)
                0x00000000000052b8                altera_avalon_jtag_uart_read
 .text          0x00000000000054c4      0x218 ../test_bsp//libhal_bsp.a(altera_avalon_jtag_uart_write.o)
                0x00000000000054c4                altera_avalon_jtag_uart_write
 .text          0x00000000000056dc       0xfc ../test_bsp//libhal_bsp.a(altera_avalon_timer_sc.o)
                0x0000000000005750                alt_avalon_timer_sc_init
 .text          0x00000000000057d8      0x110 ../test_bsp//libhal_bsp.a(altera_avalon_uart_fd.o)
                0x00000000000057d8                altera_avalon_uart_read_fd
                0x0000000000005838                altera_avalon_uart_write_fd
                0x0000000000005898                altera_avalon_uart_close_fd
 .text          0x00000000000058e8      0x3b8 ../test_bsp//libhal_bsp.a(altera_avalon_uart_init.o)
                0x00000000000058e8                altera_avalon_uart_init
                0x0000000000005c4c                altera_avalon_uart_close
 .text          0x0000000000005ca0      0x22c ../test_bsp//libhal_bsp.a(altera_avalon_uart_read.o)
                0x0000000000005cf0                altera_avalon_uart_read
 .text          0x0000000000005ecc      0x1fc ../test_bsp//libhal_bsp.a(altera_avalon_uart_write.o)
                0x0000000000005f1c                altera_avalon_uart_write
 .text          0x00000000000060c8      0x62c ../test_bsp//libhal_bsp.a(epcs_commands.o)
                0x00000000000060c8                epcs_read_status_register
                0x0000000000006194                epcs_sector_erase
                0x000000000000628c                epcs_read_buffer
                0x0000000000006380                epcs_write_enable
                0x00000000000063d0                epcs_write_status_register
                0x0000000000006438                epcs_write_buffer
                0x0000000000006554                epcs_read_electronic_signature
                0x00000000000065bc                epcs_read_device_id
                0x000000000000663c                epcs_enter_4_bytes_mode
                0x0000000000006698                epcs_exit_4_bytes_mode
 .text          0x00000000000066f4      0x140 ../test_bsp//libhal_bsp.a(alt_alarm_start.o)
                0x00000000000066f4                alt_alarm_start
 .text          0x0000000000006834       0xf4 ../test_bsp//libhal_bsp.a(alt_dev_llist_insert.o)
                0x0000000000006884                alt_dev_llist_insert
 .text          0x0000000000006928       0x5c ../test_bsp//libhal_bsp.a(alt_do_ctors.o)
                0x0000000000006928                _do_ctors
 .text          0x0000000000006984       0x5c ../test_bsp//libhal_bsp.a(alt_do_dtors.o)
                0x0000000000006984                _do_dtors
 .text          0x00000000000069e0       0xb8 ../test_bsp//libhal_bsp.a(alt_flash_dev.o)
                0x00000000000069e0                alt_flash_open_dev
                0x0000000000006a48                alt_flash_close_dev
 .text          0x0000000000006a98      0x1e0 ../test_bsp//libhal_bsp.a(alt_iic.o)
                0x0000000000006a98                alt_ic_isr_register
                0x0000000000006ae8                alt_ic_irq_enable
                0x0000000000006b88                alt_ic_irq_disable
                0x0000000000006c2c                alt_ic_irq_enabled
 .text          0x0000000000006c78       0xf0 ../test_bsp//libhal_bsp.a(alt_iic_isr_register.o)
                0x0000000000006c78                alt_iic_isr_register
 .text          0x0000000000006d68      0x158 ../test_bsp//libhal_bsp.a(alt_io_redirect.o)
                0x0000000000006e48                alt_io_redirect
 .text          0x0000000000006ec0        0x0 ../test_bsp//libhal_bsp.a(alt_irq_entry.o)
 .text          0x0000000000006ec0        0x0 ../test_bsp//libhal_bsp.a(alt_irq_handler.o)
 .text          0x0000000000006ec0        0x0 ../test_bsp//libhal_bsp.a(alt_irq_vars.o)
 .text          0x0000000000006ec0      0x2a4 ../test_bsp//libhal_bsp.a(alt_open.o)
                0x0000000000007004                open
 .text          0x0000000000007164      0x19c ../test_bsp//libhal_bsp.a(alt_tick.o)
                0x0000000000007164                alt_alarm_stop
                0x00000000000071fc                alt_tick
 .text          0x0000000000007300       0x20 ../test_bsp//libhal_bsp.a(altera_nios2_qsys_irq.o)
                0x0000000000007300                altera_nios2_qsys_irq_init
 .text          0x0000000000007320      0x204 ../test_bsp//libhal_bsp.a(altera_avalon_spi.o)
                0x0000000000007320                alt_avalon_spi_command
 .text          0x0000000000007524        0x0 ../test_bsp//libhal_bsp.a(alt_exception_entry.o)
 .text          0x0000000000007524       0x90 ../test_bsp//libhal_bsp.a(alt_find_dev.o)
                0x0000000000007524                alt_find_dev
 .text          0x00000000000075b4      0x114 ../test_bsp//libhal_bsp.a(alt_find_file.o)
                0x00000000000075b4                alt_find_file
 .text          0x00000000000076c8       0xd4 ../test_bsp//libhal_bsp.a(alt_get_fd.o)
                0x00000000000076c8                alt_get_fd
 .text          0x000000000000779c        0x0 /home/heiko/UniZeugs/Lab/altera_lite/15.1/nios2eds/bin/gnu/H-x86_64-pc-linux-gnu/bin/../lib/gcc/nios2-elf/4.9.2/../../../../../H-x86_64-pc-linux-gnu/nios2-elf/lib/mno-hw-mul/libc.a(lib_a-atexit.o)
 .text.atexit   0x000000000000779c       0x14 /home/heiko/UniZeugs/Lab/altera_lite/15.1/nios2eds/bin/gnu/H-x86_64-pc-linux-gnu/bin/../lib/gcc/nios2-elf/4.9.2/../../../../../H-x86_64-pc-linux-gnu/nios2-elf/lib/mno-hw-mul/libc.a(lib_a-atexit.o)
                0x000000000000779c                atexit
 .text          0x00000000000077b0        0x0 /home/heiko/UniZeugs/Lab/altera_lite/15.1/nios2eds/bin/gnu/H-x86_64-pc-linux-gnu/bin/../lib/gcc/nios2-elf/4.9.2/../../../../../H-x86_64-pc-linux-gnu/nios2-elf/lib/mno-hw-mul/libc.a(lib_a-exit.o)
 .text.exit     0x00000000000077b0       0x38 /home/heiko/UniZeugs/Lab/altera_lite/15.1/nios2eds/bin/gnu/H-x86_64-pc-linux-gnu/bin/../lib/gcc/nios2-elf/4.9.2/../../../../../H-x86_64-pc-linux-gnu/nios2-elf/lib/mno-hw-mul/libc.a(lib_a-exit.o)
                0x00000000000077b0                exit
 .text          0x00000000000077e8        0x0 /home/heiko/UniZeugs/Lab/altera_lite/15.1/nios2eds/bin/gnu/H-x86_64-pc-linux-gnu/bin/../lib/gcc/nios2-elf/4.9.2/../../../../../H-x86_64-pc-linux-gnu/nios2-elf/lib/mno-hw-mul/libc.a(lib_a-memcmp.o)
 .text.memcmp   0x00000000000077e8       0x7c /home/heiko/UniZeugs/Lab/altera_lite/15.1/nios2eds/bin/gnu/H-x86_64-pc-linux-gnu/bin/../lib/gcc/nios2-elf/4.9.2/../../../../../H-x86_64-pc-linux-gnu/nios2-elf/lib/mno-hw-mul/libc.a(lib_a-memcmp.o)
                0x00000000000077e8                memcmp
 .text          0x0000000000007864        0x0 /home/heiko/UniZeugs/Lab/altera_lite/15.1/nios2eds/bin/gnu/H-x86_64-pc-linux-gnu/bin/../lib/gcc/nios2-elf/4.9.2/../../../../../H-x86_64-pc-linux-gnu/nios2-elf/lib/mno-hw-mul/libc.a(lib_a-__atexit.o)
 .text.__register_exitproc
                0x0000000000007864      0x114 /home/heiko/UniZeugs/Lab/altera_lite/15.1/nios2eds/bin/gnu/H-x86_64-pc-linux-gnu/bin/../lib/gcc/nios2-elf/4.9.2/../../../../../H-x86_64-pc-linux-gnu/nios2-elf/lib/mno-hw-mul/libc.a(lib_a-__atexit.o)
                0x0000000000007864                __register_exitproc
 .text          0x0000000000007978        0x0 /home/heiko/UniZeugs/Lab/altera_lite/15.1/nios2eds/bin/gnu/H-x86_64-pc-linux-gnu/bin/../lib/gcc/nios2-elf/4.9.2/../../../../../H-x86_64-pc-linux-gnu/nios2-elf/lib/mno-hw-mul/libc.a(lib_a-__call_atexit.o)
 .text.__call_exitprocs
                0x0000000000007978      0x194 /home/heiko/UniZeugs/Lab/altera_lite/15.1/nios2eds/bin/gnu/H-x86_64-pc-linux-gnu/bin/../lib/gcc/nios2-elf/4.9.2/../../../../../H-x86_64-pc-linux-gnu/nios2-elf/lib/mno-hw-mul/libc.a(lib_a-__call_atexit.o)
                0x0000000000007978                __call_exitprocs
 .text          0x0000000000007b0c       0x34 ../test_bsp//libhal_bsp.a(alt_exit.o)
                0x0000000000007b0c                _exit
 *(.gnu.warning.*)
 *(.fini)
                0x0000000000007b40                PROVIDE (__etext, ABSOLUTE (.))
                0x0000000000007b40                PROVIDE (_etext, ABSOLUTE (.))
                0x0000000000007b40                PROVIDE (etext, ABSOLUTE (.))
 *(.eh_frame_hdr)
                0x0000000000007b40                . = ALIGN (0x4)
                0x0000000000007b40                PROVIDE (__preinit_array_start, ABSOLUTE (.))
 *(.preinit_array)
                0x0000000000007b40                PROVIDE (__preinit_array_end, ABSOLUTE (.))
                0x0000000000007b40                PROVIDE (__init_array_start, ABSOLUTE (.))
 *(.init_array)
                0x0000000000007b40                PROVIDE (__init_array_end, ABSOLUTE (.))
                0x0000000000007b40                PROVIDE (__fini_array_start, ABSOLUTE (.))
 *(.fini_array)
                0x0000000000007b40                PROVIDE (__fini_array_end, ABSOLUTE (.))
 *(.eh_frame)
 *(.gcc_except_table .gcc_except_table.*)
 *(.dynamic)
                0x0000000000007b40                PROVIDE (__CTOR_LIST__, ABSOLUTE (.))
 *(.ctors)
 *(SORT(.ctors.*))
                0x0000000000007b40                PROVIDE (__CTOR_END__, ABSOLUTE (.))
                0x0000000000007b40                PROVIDE (__DTOR_LIST__, ABSOLUTE (.))
 *(.dtors)
 *(SORT(.dtors.*))
                0x0000000000007b40                PROVIDE (__DTOR_END__, ABSOLUTE (.))
 *(.jcr)
                0x0000000000007b40                . = ALIGN (0x4)

.rodata         0x0000000000007b40       0xec
                0x0000000000007b40                PROVIDE (__ram_rodata_start, ABSOLUTE (.))
                0x0000000000007b40                . = ALIGN (0x4)
 *(.rodata .rodata.* .gnu.linkonce.r.*)
 .rodata        0x0000000000007b40       0x24 obj/default/main.o
 .rodata.str1.4
                0x0000000000007b64        0x2 /home/heiko/UniZeugs/Lab/altera_lite/15.1/nios2eds/bin/gnu/H-x86_64-pc-linux-gnu/bin/../lib/gcc/nios2-elf/4.9.2/../../../../../H-x86_64-pc-linux-gnu/nios2-elf/lib/mno-hw-mul/libc.a(lib_a-puts.o)
                                          0x4 (size before relaxing)
 *fill*         0x0000000000007b66        0x2 
 .rodata.str1.4
                0x0000000000007b68        0x4 /home/heiko/UniZeugs/Lab/altera_lite/15.1/nios2eds/bin/gnu/H-x86_64-pc-linux-gnu/bin/../lib/gcc/nios2-elf/4.9.2/../../../../../H-x86_64-pc-linux-gnu/nios2-elf/lib/mno-hw-mul/libc.a(lib_a-impure.o)
 .rodata        0x0000000000007b6c        0xc ../test_bsp//libhal_bsp.a(alt_dev.o)
 .rodata        0x0000000000007b78       0x14 ../test_bsp//libhal_bsp.a(alt_main.o)
 .rodata        0x0000000000007b8c       0xa0 ../test_bsp//libhal_bsp.a(alt_sys_init.o)
 *(.rodata1)
                0x0000000000007c2c                . = ALIGN (0x4)
                0x0000000000007c2c                PROVIDE (__ram_rodata_end, ABSOLUTE (.))
                0x0000000000007b40                PROVIDE (__flash_rodata_start, LOADADDR (.rodata))

.rwdata         0x0000000000007c2c     0x1f14
                0x0000000000007c2c                PROVIDE (__ram_rwdata_start, ABSOLUTE (.))
                0x0000000000007c2c                . = ALIGN (0x4)
 *(.got.plt)
 *(.got)
 *(.data1)
 *(.data .data.* .gnu.linkonce.d.*)
 .data          0x0000000000007c2c        0x0 ../test_bsp//obj/HAL/src/crt0.o
 .data          0x0000000000007c2c        0x0 obj/default/hello_world.o
 .data          0x0000000000007c2c        0x0 obj/default/main.o
 .data          0x0000000000007c2c        0x0 obj/default/motor_setting.o
 .data          0x0000000000007c2c        0x0 obj/default/pin_tests.o
 .data          0x0000000000007c2c        0x0 obj/default/stearing_setting.o
 .data          0x0000000000007c2c        0x0 obj/default/uart.o
 .data          0x0000000000007c2c        0x0 obj/default/ultrasound.o
 .data          0x0000000000007c2c        0x0 /home/heiko/UniZeugs/Lab/altera_lite/15.1/nios2eds/bin/gnu/H-x86_64-pc-linux-gnu/bin/../lib/gcc/nios2-elf/4.9.2/../../../../../H-x86_64-pc-linux-gnu/nios2-elf/lib/mno-hw-mul/libc.a(lib_a-puts.o)
 .data          0x0000000000007c2c        0x0 /home/heiko/UniZeugs/Lab/altera_lite/15.1/nios2eds/bin/gnu/H-x86_64-pc-linux-gnu/bin/../lib/gcc/nios2-elf/4.9.2/../../../../../H-x86_64-pc-linux-gnu/nios2-elf/lib/mno-hw-mul/libc.a(lib_a-strlen.o)
 .data          0x0000000000007c2c        0x0 /home/heiko/UniZeugs/Lab/altera_lite/15.1/nios2eds/bin/gnu/H-x86_64-pc-linux-gnu/bin/../lib/gcc/nios2-elf/4.9.2/../../../../../H-x86_64-pc-linux-gnu/nios2-elf/lib/mno-hw-mul/libc.a(lib_a-fvwrite.o)
 .data          0x0000000000007c2c        0x0 /home/heiko/UniZeugs/Lab/altera_lite/15.1/nios2eds/bin/gnu/H-x86_64-pc-linux-gnu/bin/../lib/gcc/nios2-elf/4.9.2/../../../../../H-x86_64-pc-linux-gnu/nios2-elf/lib/mno-hw-mul/libc.a(lib_a-impure.o)
 .data.impure_data
                0x0000000000007c2c      0x424 /home/heiko/UniZeugs/Lab/altera_lite/15.1/nios2eds/bin/gnu/H-x86_64-pc-linux-gnu/bin/../lib/gcc/nios2-elf/4.9.2/../../../../../H-x86_64-pc-linux-gnu/nios2-elf/lib/mno-hw-mul/libc.a(lib_a-impure.o)
 .data          0x0000000000008050        0x0 /home/heiko/UniZeugs/Lab/altera_lite/15.1/nios2eds/bin/gnu/H-x86_64-pc-linux-gnu/bin/../lib/gcc/nios2-elf/4.9.2/../../../../../H-x86_64-pc-linux-gnu/nios2-elf/lib/mno-hw-mul/libc.a(lib_a-mallocr.o)
 .data.__malloc_av_
                0x0000000000008050      0x408 /home/heiko/UniZeugs/Lab/altera_lite/15.1/nios2eds/bin/gnu/H-x86_64-pc-linux-gnu/bin/../lib/gcc/nios2-elf/4.9.2/../../../../../H-x86_64-pc-linux-gnu/nios2-elf/lib/mno-hw-mul/libc.a(lib_a-mallocr.o)
                0x0000000000008050                __malloc_av_
 .data          0x0000000000008458        0x0 /home/heiko/UniZeugs/Lab/altera_lite/15.1/nios2eds/bin/gnu/H-x86_64-pc-linux-gnu/bin/../lib/gcc/nios2-elf/4.9.2/../../../../../H-x86_64-pc-linux-gnu/nios2-elf/lib/mno-hw-mul/libc.a(lib_a-memchr.o)
 .data          0x0000000000008458        0x0 /home/heiko/UniZeugs/Lab/altera_lite/15.1/nios2eds/bin/gnu/H-x86_64-pc-linux-gnu/bin/../lib/gcc/nios2-elf/4.9.2/../../../../../H-x86_64-pc-linux-gnu/nios2-elf/lib/mno-hw-mul/libc.a(lib_a-memcpy.o)
 .data          0x0000000000008458        0x0 /home/heiko/UniZeugs/Lab/altera_lite/15.1/nios2eds/bin/gnu/H-x86_64-pc-linux-gnu/bin/../lib/gcc/nios2-elf/4.9.2/../../../../../H-x86_64-pc-linux-gnu/nios2-elf/lib/mno-hw-mul/libc.a(lib_a-memmove.o)
 .data          0x0000000000008458        0x0 /home/heiko/UniZeugs/Lab/altera_lite/15.1/nios2eds/bin/gnu/H-x86_64-pc-linux-gnu/bin/../lib/gcc/nios2-elf/4.9.2/../../../../../H-x86_64-pc-linux-gnu/nios2-elf/lib/mno-hw-mul/libc.a(lib_a-reallocr.o)
 .data          0x0000000000008458        0x0 /home/heiko/UniZeugs/Lab/altera_lite/15.1/nios2eds/bin/gnu/H-x86_64-pc-linux-gnu/bin/../lib/gcc/nios2-elf/4.9.2/../../../../../H-x86_64-pc-linux-gnu/nios2-elf/lib/mno-hw-mul/libc.a(lib_a-sbrkr.o)
 .data          0x0000000000008458        0x0 /home/heiko/UniZeugs/Lab/altera_lite/15.1/nios2eds/bin/gnu/H-x86_64-pc-linux-gnu/bin/../lib/gcc/nios2-elf/4.9.2/../../../../../H-x86_64-pc-linux-gnu/nios2-elf/lib/mno-hw-mul/libc.a(lib_a-wsetup.o)
 .data          0x0000000000008458        0x0 /home/heiko/UniZeugs/Lab/altera_lite/15.1/nios2eds/bin/gnu/H-x86_64-pc-linux-gnu/bin/../lib/gcc/nios2-elf/4.9.2/../../../../../H-x86_64-pc-linux-gnu/nios2-elf/lib/mno-hw-mul/libc.a(lib_a-fflush.o)
 .data          0x0000000000008458        0x0 /home/heiko/UniZeugs/Lab/altera_lite/15.1/nios2eds/bin/gnu/H-x86_64-pc-linux-gnu/bin/../lib/gcc/nios2-elf/4.9.2/../../../../../H-x86_64-pc-linux-gnu/nios2-elf/lib/mno-hw-mul/libc.a(lib_a-findfp.o)
 .data          0x0000000000008458        0x0 /home/heiko/UniZeugs/Lab/altera_lite/15.1/nios2eds/bin/gnu/H-x86_64-pc-linux-gnu/bin/../lib/gcc/nios2-elf/4.9.2/../../../../../H-x86_64-pc-linux-gnu/nios2-elf/lib/mno-hw-mul/libc.a(lib_a-freer.o)
 .data          0x0000000000008458        0x0 /home/heiko/UniZeugs/Lab/altera_lite/15.1/nios2eds/bin/gnu/H-x86_64-pc-linux-gnu/bin/../lib/gcc/nios2-elf/4.9.2/../../../../../H-x86_64-pc-linux-gnu/nios2-elf/lib/mno-hw-mul/libc.a(lib_a-fwalk.o)
 .data          0x0000000000008458        0x0 /home/heiko/UniZeugs/Lab/altera_lite/15.1/nios2eds/bin/gnu/H-x86_64-pc-linux-gnu/bin/../lib/gcc/nios2-elf/4.9.2/../../../../../H-x86_64-pc-linux-gnu/nios2-elf/lib/mno-hw-mul/libc.a(lib_a-int_errno.o)
 .data          0x0000000000008458        0x0 /home/heiko/UniZeugs/Lab/altera_lite/15.1/nios2eds/bin/gnu/H-x86_64-pc-linux-gnu/bin/../lib/gcc/nios2-elf/4.9.2/../../../../../H-x86_64-pc-linux-gnu/nios2-elf/lib/mno-hw-mul/libc.a(lib_a-makebuf.o)
 .data          0x0000000000008458        0x0 /home/heiko/UniZeugs/Lab/altera_lite/15.1/nios2eds/bin/gnu/H-x86_64-pc-linux-gnu/bin/../lib/gcc/nios2-elf/4.9.2/../../../../../H-x86_64-pc-linux-gnu/nios2-elf/lib/mno-hw-mul/libc.a(lib_a-memset.o)
 .data          0x0000000000008458        0x0 /home/heiko/UniZeugs/Lab/altera_lite/15.1/nios2eds/bin/gnu/H-x86_64-pc-linux-gnu/bin/../lib/gcc/nios2-elf/4.9.2/../../../../../H-x86_64-pc-linux-gnu/nios2-elf/lib/mno-hw-mul/libc.a(lib_a-stdio.o)
 .data          0x0000000000008458        0x0 /home/heiko/UniZeugs/Lab/altera_lite/15.1/nios2eds/bin/gnu/H-x86_64-pc-linux-gnu/bin/../lib/gcc/nios2-elf/4.9.2/../../../../../H-x86_64-pc-linux-gnu/nios2-elf/lib/mno-hw-mul/libc.a(lib_a-writer.o)
 .data          0x0000000000008458        0x0 /home/heiko/UniZeugs/Lab/altera_lite/15.1/nios2eds/bin/gnu/H-x86_64-pc-linux-gnu/bin/../lib/gcc/nios2-elf/4.9.2/../../../../../H-x86_64-pc-linux-gnu/nios2-elf/lib/mno-hw-mul/libc.a(closer.o)
 .data          0x0000000000008458        0x0 /home/heiko/UniZeugs/Lab/altera_lite/15.1/nios2eds/bin/gnu/H-x86_64-pc-linux-gnu/bin/../lib/gcc/nios2-elf/4.9.2/../../../../../H-x86_64-pc-linux-gnu/nios2-elf/lib/mno-hw-mul/libc.a(lib_a-fclose.o)
 .data          0x0000000000008458        0x0 /home/heiko/UniZeugs/Lab/altera_lite/15.1/nios2eds/bin/gnu/H-x86_64-pc-linux-gnu/bin/../lib/gcc/nios2-elf/4.9.2/../../../../../H-x86_64-pc-linux-gnu/nios2-elf/lib/mno-hw-mul/libc.a(lib_a-fstatr.o)
 .data          0x0000000000008458        0x0 /home/heiko/UniZeugs/Lab/altera_lite/15.1/nios2eds/bin/gnu/H-x86_64-pc-linux-gnu/bin/../lib/gcc/nios2-elf/4.9.2/../../../../../H-x86_64-pc-linux-gnu/nios2-elf/lib/mno-hw-mul/libc.a(lib_a-isattyr.o)
 .data          0x0000000000008458        0x0 /home/heiko/UniZeugs/Lab/altera_lite/15.1/nios2eds/bin/gnu/H-x86_64-pc-linux-gnu/bin/../lib/gcc/nios2-elf/4.9.2/../../../../../H-x86_64-pc-linux-gnu/nios2-elf/lib/mno-hw-mul/libc.a(lib_a-lseekr.o)
 .data          0x0000000000008458        0x0 /home/heiko/UniZeugs/Lab/altera_lite/15.1/nios2eds/bin/gnu/H-x86_64-pc-linux-gnu/bin/../lib/gcc/nios2-elf/4.9.2/../../../../../H-x86_64-pc-linux-gnu/nios2-elf/lib/mno-hw-mul/libc.a(lib_a-readr.o)
 .data          0x0000000000008458        0x0 /home/heiko/UniZeugs/Lab/altera_lite/15.1/nios2eds/bin/gnu/H-x86_64-pc-linux-gnu/bin/../lib/gcc/nios2-elf/4.9.2/mno-hw-mul/libgcc.a(lib2-divmod.o)
 .data          0x0000000000008458        0x0 /home/heiko/UniZeugs/Lab/altera_lite/15.1/nios2eds/bin/gnu/H-x86_64-pc-linux-gnu/bin/../lib/gcc/nios2-elf/4.9.2/mno-hw-mul/libgcc.a(lib2-mul.o)
 .data          0x0000000000008458        0x0 ../test_bsp//libhal_bsp.a(alt_close.o)
 .data          0x0000000000008458      0x1a8 ../test_bsp//libhal_bsp.a(alt_dev.o)
                0x0000000000008458                alt_dev_null
                0x0000000000008480                alt_fd_list
 .data          0x0000000000008600        0x0 ../test_bsp//libhal_bsp.a(alt_errno.o)
 .data          0x0000000000008600        0x0 ../test_bsp//libhal_bsp.a(alt_fstat.o)
 .data          0x0000000000008600        0x0 ../test_bsp//libhal_bsp.a(alt_isatty.o)
 .data          0x0000000000008600        0x0 ../test_bsp//libhal_bsp.a(alt_lseek.o)
 .data          0x0000000000008600        0x0 ../test_bsp//libhal_bsp.a(alt_main.o)
 .data          0x0000000000008600        0x0 ../test_bsp//libhal_bsp.a(alt_malloc_lock.o)
 .data          0x0000000000008600        0x0 ../test_bsp//libhal_bsp.a(alt_read.o)
 .data          0x0000000000008600        0x0 ../test_bsp//libhal_bsp.a(alt_release_fd.o)
 .data          0x0000000000008600        0x0 ../test_bsp//libhal_bsp.a(alt_sbrk.o)
 .data          0x0000000000008600        0x0 ../test_bsp//libhal_bsp.a(alt_write.o)
 .data          0x0000000000008600     0x1500 ../test_bsp//libhal_bsp.a(alt_sys_init.o)
 .data          0x0000000000009b00        0x0 ../test_bsp//libhal_bsp.a(altera_avalon_epcs_flash_controller.o)
 .data          0x0000000000009b00        0x0 ../test_bsp//libhal_bsp.a(altera_avalon_jtag_uart_fd.o)
 .data          0x0000000000009b00        0x0 ../test_bsp//libhal_bsp.a(altera_avalon_jtag_uart_init.o)
 .data          0x0000000000009b00        0x0 ../test_bsp//libhal_bsp.a(altera_avalon_jtag_uart_ioctl.o)
 .data          0x0000000000009b00        0x0 ../test_bsp//libhal_bsp.a(altera_avalon_jtag_uart_read.o)
 .data          0x0000000000009b00        0x0 ../test_bsp//libhal_bsp.a(altera_avalon_jtag_uart_write.o)
 .data          0x0000000000009b00        0x0 ../test_bsp//libhal_bsp.a(altera_avalon_timer_sc.o)
 .data          0x0000000000009b00        0x0 ../test_bsp//libhal_bsp.a(altera_avalon_uart_fd.o)
 .data          0x0000000000009b00        0x0 ../test_bsp//libhal_bsp.a(altera_avalon_uart_init.o)
 .data          0x0000000000009b00        0x0 ../test_bsp//libhal_bsp.a(altera_avalon_uart_read.o)
 .data          0x0000000000009b00        0x0 ../test_bsp//libhal_bsp.a(altera_avalon_uart_write.o)
 .data          0x0000000000009b00        0x0 ../test_bsp//libhal_bsp.a(epcs_commands.o)
 .data          0x0000000000009b00        0x0 ../test_bsp//libhal_bsp.a(alt_alarm_start.o)
 .data          0x0000000000009b00        0x0 ../test_bsp//libhal_bsp.a(alt_dev_llist_insert.o)
 .data          0x0000000000009b00        0x0 ../test_bsp//libhal_bsp.a(alt_do_ctors.o)
 .data          0x0000000000009b00        0x0 ../test_bsp//libhal_bsp.a(alt_do_dtors.o)
 .data          0x0000000000009b00        0x0 ../test_bsp//libhal_bsp.a(alt_flash_dev.o)
 .data          0x0000000000009b00        0x0 ../test_bsp//libhal_bsp.a(alt_iic.o)
 .data          0x0000000000009b00        0x0 ../test_bsp//libhal_bsp.a(alt_iic_isr_register.o)
 .data          0x0000000000009b00        0x0 ../test_bsp//libhal_bsp.a(alt_io_redirect.o)
 .data          0x0000000000009b00        0x0 ../test_bsp//libhal_bsp.a(alt_irq_entry.o)
 .data          0x0000000000009b00        0x0 ../test_bsp//libhal_bsp.a(alt_irq_handler.o)
 .data          0x0000000000009b00        0x0 ../test_bsp//libhal_bsp.a(alt_irq_vars.o)
 .data          0x0000000000009b00        0x0 ../test_bsp//libhal_bsp.a(alt_open.o)
 .data          0x0000000000009b00        0x0 ../test_bsp//libhal_bsp.a(alt_tick.o)
 .data          0x0000000000009b00        0x0 ../test_bsp//libhal_bsp.a(altera_nios2_qsys_irq.o)
 .data          0x0000000000009b00        0x0 ../test_bsp//libhal_bsp.a(altera_avalon_spi.o)
 .data          0x0000000000009b00        0x0 ../test_bsp//libhal_bsp.a(alt_exception_entry.o)
 .data          0x0000000000009b00        0x0 ../test_bsp//libhal_bsp.a(alt_find_dev.o)
 .data          0x0000000000009b00        0x0 ../test_bsp//libhal_bsp.a(alt_find_file.o)
 .data          0x0000000000009b00        0x0 ../test_bsp//libhal_bsp.a(alt_get_fd.o)
 .data          0x0000000000009b00        0x0 /home/heiko/UniZeugs/Lab/altera_lite/15.1/nios2eds/bin/gnu/H-x86_64-pc-linux-gnu/bin/../lib/gcc/nios2-elf/4.9.2/../../../../../H-x86_64-pc-linux-gnu/nios2-elf/lib/mno-hw-mul/libc.a(lib_a-atexit.o)
 .data          0x0000000000009b00        0x0 /home/heiko/UniZeugs/Lab/altera_lite/15.1/nios2eds/bin/gnu/H-x86_64-pc-linux-gnu/bin/../lib/gcc/nios2-elf/4.9.2/../../../../../H-x86_64-pc-linux-gnu/nios2-elf/lib/mno-hw-mul/libc.a(lib_a-exit.o)
 .data          0x0000000000009b00        0x0 /home/heiko/UniZeugs/Lab/altera_lite/15.1/nios2eds/bin/gnu/H-x86_64-pc-linux-gnu/bin/../lib/gcc/nios2-elf/4.9.2/../../../../../H-x86_64-pc-linux-gnu/nios2-elf/lib/mno-hw-mul/libc.a(lib_a-memcmp.o)
 .data          0x0000000000009b00        0x0 /home/heiko/UniZeugs/Lab/altera_lite/15.1/nios2eds/bin/gnu/H-x86_64-pc-linux-gnu/bin/../lib/gcc/nios2-elf/4.9.2/../../../../../H-x86_64-pc-linux-gnu/nios2-elf/lib/mno-hw-mul/libc.a(lib_a-__atexit.o)
 .data          0x0000000000009b00        0x0 /home/heiko/UniZeugs/Lab/altera_lite/15.1/nios2eds/bin/gnu/H-x86_64-pc-linux-gnu/bin/../lib/gcc/nios2-elf/4.9.2/../../../../../H-x86_64-pc-linux-gnu/nios2-elf/lib/mno-hw-mul/libc.a(lib_a-__call_atexit.o)
 .data          0x0000000000009b00        0x0 ../test_bsp//libhal_bsp.a(alt_exit.o)
                0x0000000000011b00                _gp = ABSOLUTE ((. + 0x8000))
                0x0000000000011b00                PROVIDE (gp, _gp)
 *(.rwdata .rwdata.*)
 *(.sdata .sdata.* .gnu.linkonce.s.*)
 .sdata._global_impure_ptr
                0x0000000000009b00        0x4 /home/heiko/UniZeugs/Lab/altera_lite/15.1/nios2eds/bin/gnu/H-x86_64-pc-linux-gnu/bin/../lib/gcc/nios2-elf/4.9.2/../../../../../H-x86_64-pc-linux-gnu/nios2-elf/lib/mno-hw-mul/libc.a(lib_a-impure.o)
                0x0000000000009b00                _global_impure_ptr
 .sdata._impure_ptr
                0x0000000000009b04        0x4 /home/heiko/UniZeugs/Lab/altera_lite/15.1/nios2eds/bin/gnu/H-x86_64-pc-linux-gnu/bin/../lib/gcc/nios2-elf/4.9.2/../../../../../H-x86_64-pc-linux-gnu/nios2-elf/lib/mno-hw-mul/libc.a(lib_a-impure.o)
                0x0000000000009b04                _impure_ptr
 .sdata.__malloc_sbrk_base
                0x0000000000009b08        0x4 /home/heiko/UniZeugs/Lab/altera_lite/15.1/nios2eds/bin/gnu/H-x86_64-pc-linux-gnu/bin/../lib/gcc/nios2-elf/4.9.2/../../../../../H-x86_64-pc-linux-gnu/nios2-elf/lib/mno-hw-mul/libc.a(lib_a-mallocr.o)
                0x0000000000009b08                __malloc_sbrk_base
 .sdata.__malloc_trim_threshold
                0x0000000000009b0c        0x4 /home/heiko/UniZeugs/Lab/altera_lite/15.1/nios2eds/bin/gnu/H-x86_64-pc-linux-gnu/bin/../lib/gcc/nios2-elf/4.9.2/../../../../../H-x86_64-pc-linux-gnu/nios2-elf/lib/mno-hw-mul/libc.a(lib_a-mallocr.o)
                0x0000000000009b0c                __malloc_trim_threshold
 .sdata         0x0000000000009b10       0x14 ../test_bsp//libhal_bsp.a(alt_dev.o)
                0x0000000000009b10                alt_fs_list
                0x0000000000009b18                alt_dev_list
                0x0000000000009b20                alt_max_fd
 .sdata         0x0000000000009b24        0x4 ../test_bsp//libhal_bsp.a(alt_errno.o)
                0x0000000000009b24                alt_errno
 .sdata         0x0000000000009b28        0x4 ../test_bsp//libhal_bsp.a(alt_sbrk.o)
 .sdata         0x0000000000009b2c        0x8 ../test_bsp//libhal_bsp.a(alt_flash_dev.o)
                0x0000000000009b2c                alt_flash_dev_list
 .sdata         0x0000000000009b34        0x4 ../test_bsp//libhal_bsp.a(alt_irq_vars.o)
                0x0000000000009b34                alt_priority_mask
 .sdata         0x0000000000009b38        0x8 ../test_bsp//libhal_bsp.a(alt_tick.o)
                0x0000000000009b38                alt_alarm_list
 *(.sdata2 .sdata2.* .gnu.linkonce.s2.*)
                0x0000000000009b40                . = ALIGN (0x4)
                0x0000000000009b40                _edata = ABSOLUTE (.)
                0x0000000000009b40                PROVIDE (edata, ABSOLUTE (.))
                0x0000000000009b40                PROVIDE (__ram_rwdata_end, ABSOLUTE (.))
                0x0000000000007c2c                PROVIDE (__flash_rwdata_start, LOADADDR (.rwdata))

.bss            0x0000000000009b40      0x150
                0x0000000000009b40                __bss_start = ABSOLUTE (.)
                0x0000000000009b40                PROVIDE (__sbss_start, ABSOLUTE (.))
                0x0000000000009b40                PROVIDE (___sbss_start, ABSOLUTE (.))
 *(.dynsbss)
 *(.sbss .sbss.* .gnu.linkonce.sb.*)
 .sbss.__malloc_max_total_mem
                0x0000000000009b40        0x4 /home/heiko/UniZeugs/Lab/altera_lite/15.1/nios2eds/bin/gnu/H-x86_64-pc-linux-gnu/bin/../lib/gcc/nios2-elf/4.9.2/../../../../../H-x86_64-pc-linux-gnu/nios2-elf/lib/mno-hw-mul/libc.a(lib_a-mallocr.o)
                0x0000000000009b40                __malloc_max_total_mem
 .sbss.__malloc_max_sbrked_mem
                0x0000000000009b44        0x4 /home/heiko/UniZeugs/Lab/altera_lite/15.1/nios2eds/bin/gnu/H-x86_64-pc-linux-gnu/bin/../lib/gcc/nios2-elf/4.9.2/../../../../../H-x86_64-pc-linux-gnu/nios2-elf/lib/mno-hw-mul/libc.a(lib_a-mallocr.o)
                0x0000000000009b44                __malloc_max_sbrked_mem
 .sbss.__malloc_top_pad
                0x0000000000009b48        0x4 /home/heiko/UniZeugs/Lab/altera_lite/15.1/nios2eds/bin/gnu/H-x86_64-pc-linux-gnu/bin/../lib/gcc/nios2-elf/4.9.2/../../../../../H-x86_64-pc-linux-gnu/nios2-elf/lib/mno-hw-mul/libc.a(lib_a-mallocr.o)
                0x0000000000009b48                __malloc_top_pad
 .sbss          0x0000000000009b4c        0x4 /home/heiko/UniZeugs/Lab/altera_lite/15.1/nios2eds/bin/gnu/H-x86_64-pc-linux-gnu/bin/../lib/gcc/nios2-elf/4.9.2/../../../../../H-x86_64-pc-linux-gnu/nios2-elf/lib/mno-hw-mul/libc.a(lib_a-int_errno.o)
                0x0000000000009b4c                errno
 .sbss          0x0000000000009b50        0xc ../test_bsp//libhal_bsp.a(alt_main.o)
                0x0000000000009b50                alt_argc
                0x0000000000009b54                alt_argv
                0x0000000000009b58                alt_envp
 .sbss          0x0000000000009b5c        0x4 ../test_bsp//libhal_bsp.a(alt_irq_vars.o)
                0x0000000000009b5c                alt_irq_active
 .sbss          0x0000000000009b60        0x8 ../test_bsp//libhal_bsp.a(alt_tick.o)
                0x0000000000009b60                _alt_tick_rate
                0x0000000000009b64                _alt_nticks
 *(.sbss2 .sbss2.* .gnu.linkonce.sb2.*)
 *(.scommon)
                0x0000000000009b68                PROVIDE (__sbss_end, ABSOLUTE (.))
                0x0000000000009b68                PROVIDE (___sbss_end, ABSOLUTE (.))
 *(.dynbss)
 *(.bss .bss.* .gnu.linkonce.b.*)
 .bss           0x0000000000009b68        0x0 ../test_bsp//obj/HAL/src/crt0.o
 .bss           0x0000000000009b68        0x0 obj/default/hello_world.o
 .bss           0x0000000000009b68        0x0 obj/default/main.o
 .bss           0x0000000000009b68        0x0 obj/default/motor_setting.o
 .bss           0x0000000000009b68        0x0 obj/default/pin_tests.o
 .bss           0x0000000000009b68        0x0 obj/default/stearing_setting.o
 .bss           0x0000000000009b68        0x0 obj/default/uart.o
 .bss           0x0000000000009b68        0x0 obj/default/ultrasound.o
 .bss           0x0000000000009b68        0x0 /home/heiko/UniZeugs/Lab/altera_lite/15.1/nios2eds/bin/gnu/H-x86_64-pc-linux-gnu/bin/../lib/gcc/nios2-elf/4.9.2/../../../../../H-x86_64-pc-linux-gnu/nios2-elf/lib/mno-hw-mul/libc.a(lib_a-puts.o)
 .bss           0x0000000000009b68        0x0 /home/heiko/UniZeugs/Lab/altera_lite/15.1/nios2eds/bin/gnu/H-x86_64-pc-linux-gnu/bin/../lib/gcc/nios2-elf/4.9.2/../../../../../H-x86_64-pc-linux-gnu/nios2-elf/lib/mno-hw-mul/libc.a(lib_a-strlen.o)
 .bss           0x0000000000009b68        0x0 /home/heiko/UniZeugs/Lab/altera_lite/15.1/nios2eds/bin/gnu/H-x86_64-pc-linux-gnu/bin/../lib/gcc/nios2-elf/4.9.2/../../../../../H-x86_64-pc-linux-gnu/nios2-elf/lib/mno-hw-mul/libc.a(lib_a-fvwrite.o)
 .bss           0x0000000000009b68        0x0 /home/heiko/UniZeugs/Lab/altera_lite/15.1/nios2eds/bin/gnu/H-x86_64-pc-linux-gnu/bin/../lib/gcc/nios2-elf/4.9.2/../../../../../H-x86_64-pc-linux-gnu/nios2-elf/lib/mno-hw-mul/libc.a(lib_a-impure.o)
 .bss           0x0000000000009b68        0x0 /home/heiko/UniZeugs/Lab/altera_lite/15.1/nios2eds/bin/gnu/H-x86_64-pc-linux-gnu/bin/../lib/gcc/nios2-elf/4.9.2/../../../../../H-x86_64-pc-linux-gnu/nios2-elf/lib/mno-hw-mul/libc.a(lib_a-mallocr.o)
 .bss.__malloc_current_mallinfo
                0x0000000000009b68       0x28 /home/heiko/UniZeugs/Lab/altera_lite/15.1/nios2eds/bin/gnu/H-x86_64-pc-linux-gnu/bin/../lib/gcc/nios2-elf/4.9.2/../../../../../H-x86_64-pc-linux-gnu/nios2-elf/lib/mno-hw-mul/libc.a(lib_a-mallocr.o)
                0x0000000000009b68                __malloc_current_mallinfo
 .bss           0x0000000000009b90        0x0 /home/heiko/UniZeugs/Lab/altera_lite/15.1/nios2eds/bin/gnu/H-x86_64-pc-linux-gnu/bin/../lib/gcc/nios2-elf/4.9.2/../../../../../H-x86_64-pc-linux-gnu/nios2-elf/lib/mno-hw-mul/libc.a(lib_a-memchr.o)
 .bss           0x0000000000009b90        0x0 /home/heiko/UniZeugs/Lab/altera_lite/15.1/nios2eds/bin/gnu/H-x86_64-pc-linux-gnu/bin/../lib/gcc/nios2-elf/4.9.2/../../../../../H-x86_64-pc-linux-gnu/nios2-elf/lib/mno-hw-mul/libc.a(lib_a-memcpy.o)
 .bss           0x0000000000009b90        0x0 /home/heiko/UniZeugs/Lab/altera_lite/15.1/nios2eds/bin/gnu/H-x86_64-pc-linux-gnu/bin/../lib/gcc/nios2-elf/4.9.2/../../../../../H-x86_64-pc-linux-gnu/nios2-elf/lib/mno-hw-mul/libc.a(lib_a-memmove.o)
 .bss           0x0000000000009b90        0x0 /home/heiko/UniZeugs/Lab/altera_lite/15.1/nios2eds/bin/gnu/H-x86_64-pc-linux-gnu/bin/../lib/gcc/nios2-elf/4.9.2/../../../../../H-x86_64-pc-linux-gnu/nios2-elf/lib/mno-hw-mul/libc.a(lib_a-reallocr.o)
 .bss           0x0000000000009b90        0x0 /home/heiko/UniZeugs/Lab/altera_lite/15.1/nios2eds/bin/gnu/H-x86_64-pc-linux-gnu/bin/../lib/gcc/nios2-elf/4.9.2/../../../../../H-x86_64-pc-linux-gnu/nios2-elf/lib/mno-hw-mul/libc.a(lib_a-sbrkr.o)
 .bss           0x0000000000009b90        0x0 /home/heiko/UniZeugs/Lab/altera_lite/15.1/nios2eds/bin/gnu/H-x86_64-pc-linux-gnu/bin/../lib/gcc/nios2-elf/4.9.2/../../../../../H-x86_64-pc-linux-gnu/nios2-elf/lib/mno-hw-mul/libc.a(lib_a-wsetup.o)
 .bss           0x0000000000009b90        0x0 /home/heiko/UniZeugs/Lab/altera_lite/15.1/nios2eds/bin/gnu/H-x86_64-pc-linux-gnu/bin/../lib/gcc/nios2-elf/4.9.2/../../../../../H-x86_64-pc-linux-gnu/nios2-elf/lib/mno-hw-mul/libc.a(lib_a-fflush.o)
 .bss           0x0000000000009b90        0x0 /home/heiko/UniZeugs/Lab/altera_lite/15.1/nios2eds/bin/gnu/H-x86_64-pc-linux-gnu/bin/../lib/gcc/nios2-elf/4.9.2/../../../../../H-x86_64-pc-linux-gnu/nios2-elf/lib/mno-hw-mul/libc.a(lib_a-findfp.o)
 .bss           0x0000000000009b90        0x0 /home/heiko/UniZeugs/Lab/altera_lite/15.1/nios2eds/bin/gnu/H-x86_64-pc-linux-gnu/bin/../lib/gcc/nios2-elf/4.9.2/../../../../../H-x86_64-pc-linux-gnu/nios2-elf/lib/mno-hw-mul/libc.a(lib_a-freer.o)
 .bss           0x0000000000009b90        0x0 /home/heiko/UniZeugs/Lab/altera_lite/15.1/nios2eds/bin/gnu/H-x86_64-pc-linux-gnu/bin/../lib/gcc/nios2-elf/4.9.2/../../../../../H-x86_64-pc-linux-gnu/nios2-elf/lib/mno-hw-mul/libc.a(lib_a-fwalk.o)
 .bss           0x0000000000009b90        0x0 /home/heiko/UniZeugs/Lab/altera_lite/15.1/nios2eds/bin/gnu/H-x86_64-pc-linux-gnu/bin/../lib/gcc/nios2-elf/4.9.2/../../../../../H-x86_64-pc-linux-gnu/nios2-elf/lib/mno-hw-mul/libc.a(lib_a-int_errno.o)
 .bss           0x0000000000009b90        0x0 /home/heiko/UniZeugs/Lab/altera_lite/15.1/nios2eds/bin/gnu/H-x86_64-pc-linux-gnu/bin/../lib/gcc/nios2-elf/4.9.2/../../../../../H-x86_64-pc-linux-gnu/nios2-elf/lib/mno-hw-mul/libc.a(lib_a-makebuf.o)
 .bss           0x0000000000009b90        0x0 /home/heiko/UniZeugs/Lab/altera_lite/15.1/nios2eds/bin/gnu/H-x86_64-pc-linux-gnu/bin/../lib/gcc/nios2-elf/4.9.2/../../../../../H-x86_64-pc-linux-gnu/nios2-elf/lib/mno-hw-mul/libc.a(lib_a-memset.o)
 .bss           0x0000000000009b90        0x0 /home/heiko/UniZeugs/Lab/altera_lite/15.1/nios2eds/bin/gnu/H-x86_64-pc-linux-gnu/bin/../lib/gcc/nios2-elf/4.9.2/../../../../../H-x86_64-pc-linux-gnu/nios2-elf/lib/mno-hw-mul/libc.a(lib_a-stdio.o)
 .bss           0x0000000000009b90        0x0 /home/heiko/UniZeugs/Lab/altera_lite/15.1/nios2eds/bin/gnu/H-x86_64-pc-linux-gnu/bin/../lib/gcc/nios2-elf/4.9.2/../../../../../H-x86_64-pc-linux-gnu/nios2-elf/lib/mno-hw-mul/libc.a(lib_a-writer.o)
 .bss           0x0000000000009b90        0x0 /home/heiko/UniZeugs/Lab/altera_lite/15.1/nios2eds/bin/gnu/H-x86_64-pc-linux-gnu/bin/../lib/gcc/nios2-elf/4.9.2/../../../../../H-x86_64-pc-linux-gnu/nios2-elf/lib/mno-hw-mul/libc.a(closer.o)
 .bss           0x0000000000009b90        0x0 /home/heiko/UniZeugs/Lab/altera_lite/15.1/nios2eds/bin/gnu/H-x86_64-pc-linux-gnu/bin/../lib/gcc/nios2-elf/4.9.2/../../../../../H-x86_64-pc-linux-gnu/nios2-elf/lib/mno-hw-mul/libc.a(lib_a-fclose.o)
 .bss           0x0000000000009b90        0x0 /home/heiko/UniZeugs/Lab/altera_lite/15.1/nios2eds/bin/gnu/H-x86_64-pc-linux-gnu/bin/../lib/gcc/nios2-elf/4.9.2/../../../../../H-x86_64-pc-linux-gnu/nios2-elf/lib/mno-hw-mul/libc.a(lib_a-fstatr.o)
 .bss           0x0000000000009b90        0x0 /home/heiko/UniZeugs/Lab/altera_lite/15.1/nios2eds/bin/gnu/H-x86_64-pc-linux-gnu/bin/../lib/gcc/nios2-elf/4.9.2/../../../../../H-x86_64-pc-linux-gnu/nios2-elf/lib/mno-hw-mul/libc.a(lib_a-isattyr.o)
 .bss           0x0000000000009b90        0x0 /home/heiko/UniZeugs/Lab/altera_lite/15.1/nios2eds/bin/gnu/H-x86_64-pc-linux-gnu/bin/../lib/gcc/nios2-elf/4.9.2/../../../../../H-x86_64-pc-linux-gnu/nios2-elf/lib/mno-hw-mul/libc.a(lib_a-lseekr.o)
 .bss           0x0000000000009b90        0x0 /home/heiko/UniZeugs/Lab/altera_lite/15.1/nios2eds/bin/gnu/H-x86_64-pc-linux-gnu/bin/../lib/gcc/nios2-elf/4.9.2/../../../../../H-x86_64-pc-linux-gnu/nios2-elf/lib/mno-hw-mul/libc.a(lib_a-readr.o)
 .bss           0x0000000000009b90        0x0 /home/heiko/UniZeugs/Lab/altera_lite/15.1/nios2eds/bin/gnu/H-x86_64-pc-linux-gnu/bin/../lib/gcc/nios2-elf/4.9.2/mno-hw-mul/libgcc.a(lib2-divmod.o)
 .bss           0x0000000000009b90        0x0 /home/heiko/UniZeugs/Lab/altera_lite/15.1/nios2eds/bin/gnu/H-x86_64-pc-linux-gnu/bin/../lib/gcc/nios2-elf/4.9.2/mno-hw-mul/libgcc.a(lib2-mul.o)
 .bss           0x0000000000009b90        0x0 ../test_bsp//libhal_bsp.a(alt_close.o)
 .bss           0x0000000000009b90        0x0 ../test_bsp//libhal_bsp.a(alt_dev.o)
 .bss           0x0000000000009b90        0x0 ../test_bsp//libhal_bsp.a(alt_errno.o)
 .bss           0x0000000000009b90        0x0 ../test_bsp//libhal_bsp.a(alt_fstat.o)
 .bss           0x0000000000009b90        0x0 ../test_bsp//libhal_bsp.a(alt_isatty.o)
 .bss           0x0000000000009b90        0x0 ../test_bsp//libhal_bsp.a(alt_lseek.o)
 .bss           0x0000000000009b90        0x0 ../test_bsp//libhal_bsp.a(alt_main.o)
 .bss           0x0000000000009b90        0x0 ../test_bsp//libhal_bsp.a(alt_malloc_lock.o)
 .bss           0x0000000000009b90        0x0 ../test_bsp//libhal_bsp.a(alt_read.o)
 .bss           0x0000000000009b90        0x0 ../test_bsp//libhal_bsp.a(alt_release_fd.o)
 .bss           0x0000000000009b90        0x0 ../test_bsp//libhal_bsp.a(alt_sbrk.o)
 .bss           0x0000000000009b90        0x0 ../test_bsp//libhal_bsp.a(alt_write.o)
 .bss           0x0000000000009b90        0x0 ../test_bsp//libhal_bsp.a(alt_sys_init.o)
 .bss           0x0000000000009b90        0x0 ../test_bsp//libhal_bsp.a(altera_avalon_epcs_flash_controller.o)
 .bss           0x0000000000009b90        0x0 ../test_bsp//libhal_bsp.a(altera_avalon_jtag_uart_fd.o)
 .bss           0x0000000000009b90        0x0 ../test_bsp//libhal_bsp.a(altera_avalon_jtag_uart_init.o)
 .bss           0x0000000000009b90        0x0 ../test_bsp//libhal_bsp.a(altera_avalon_jtag_uart_ioctl.o)
 .bss           0x0000000000009b90        0x0 ../test_bsp//libhal_bsp.a(altera_avalon_jtag_uart_read.o)
 .bss           0x0000000000009b90        0x0 ../test_bsp//libhal_bsp.a(altera_avalon_jtag_uart_write.o)
 .bss           0x0000000000009b90        0x0 ../test_bsp//libhal_bsp.a(altera_avalon_timer_sc.o)
 .bss           0x0000000000009b90        0x0 ../test_bsp//libhal_bsp.a(altera_avalon_uart_fd.o)
 .bss           0x0000000000009b90        0x0 ../test_bsp//libhal_bsp.a(altera_avalon_uart_init.o)
 .bss           0x0000000000009b90        0x0 ../test_bsp//libhal_bsp.a(altera_avalon_uart_read.o)
 .bss           0x0000000000009b90        0x0 ../test_bsp//libhal_bsp.a(altera_avalon_uart_write.o)
 .bss           0x0000000000009b90        0x0 ../test_bsp//libhal_bsp.a(epcs_commands.o)
 .bss           0x0000000000009b90        0x0 ../test_bsp//libhal_bsp.a(alt_alarm_start.o)
 .bss           0x0000000000009b90        0x0 ../test_bsp//libhal_bsp.a(alt_dev_llist_insert.o)
 .bss           0x0000000000009b90        0x0 ../test_bsp//libhal_bsp.a(alt_do_ctors.o)
 .bss           0x0000000000009b90        0x0 ../test_bsp//libhal_bsp.a(alt_do_dtors.o)
 .bss           0x0000000000009b90        0x0 ../test_bsp//libhal_bsp.a(alt_flash_dev.o)
 .bss           0x0000000000009b90        0x0 ../test_bsp//libhal_bsp.a(alt_iic.o)
 .bss           0x0000000000009b90        0x0 ../test_bsp//libhal_bsp.a(alt_iic_isr_register.o)
 .bss           0x0000000000009b90        0x0 ../test_bsp//libhal_bsp.a(alt_io_redirect.o)
 .bss           0x0000000000009b90        0x0 ../test_bsp//libhal_bsp.a(alt_irq_entry.o)
 .bss           0x0000000000009b90        0x0 ../test_bsp//libhal_bsp.a(alt_irq_handler.o)
 .bss           0x0000000000009b90        0x0 ../test_bsp//libhal_bsp.a(alt_irq_vars.o)
 .bss           0x0000000000009b90        0x0 ../test_bsp//libhal_bsp.a(alt_open.o)
 .bss           0x0000000000009b90        0x0 ../test_bsp//libhal_bsp.a(alt_tick.o)
 .bss           0x0000000000009b90        0x0 ../test_bsp//libhal_bsp.a(altera_nios2_qsys_irq.o)
 .bss           0x0000000000009b90        0x0 ../test_bsp//libhal_bsp.a(altera_avalon_spi.o)
 .bss           0x0000000000009b90        0x0 ../test_bsp//libhal_bsp.a(alt_exception_entry.o)
 .bss           0x0000000000009b90        0x0 ../test_bsp//libhal_bsp.a(alt_find_dev.o)
 .bss           0x0000000000009b90        0x0 ../test_bsp//libhal_bsp.a(alt_find_file.o)
 .bss           0x0000000000009b90        0x0 ../test_bsp//libhal_bsp.a(alt_get_fd.o)
 .bss           0x0000000000009b90        0x0 /home/heiko/UniZeugs/Lab/altera_lite/15.1/nios2eds/bin/gnu/H-x86_64-pc-linux-gnu/bin/../lib/gcc/nios2-elf/4.9.2/../../../../../H-x86_64-pc-linux-gnu/nios2-elf/lib/mno-hw-mul/libc.a(lib_a-atexit.o)
 .bss           0x0000000000009b90        0x0 /home/heiko/UniZeugs/Lab/altera_lite/15.1/nios2eds/bin/gnu/H-x86_64-pc-linux-gnu/bin/../lib/gcc/nios2-elf/4.9.2/../../../../../H-x86_64-pc-linux-gnu/nios2-elf/lib/mno-hw-mul/libc.a(lib_a-exit.o)
 .bss           0x0000000000009b90        0x0 /home/heiko/UniZeugs/Lab/altera_lite/15.1/nios2eds/bin/gnu/H-x86_64-pc-linux-gnu/bin/../lib/gcc/nios2-elf/4.9.2/../../../../../H-x86_64-pc-linux-gnu/nios2-elf/lib/mno-hw-mul/libc.a(lib_a-memcmp.o)
 .bss           0x0000000000009b90        0x0 /home/heiko/UniZeugs/Lab/altera_lite/15.1/nios2eds/bin/gnu/H-x86_64-pc-linux-gnu/bin/../lib/gcc/nios2-elf/4.9.2/../../../../../H-x86_64-pc-linux-gnu/nios2-elf/lib/mno-hw-mul/libc.a(lib_a-__atexit.o)
 .bss           0x0000000000009b90        0x0 /home/heiko/UniZeugs/Lab/altera_lite/15.1/nios2eds/bin/gnu/H-x86_64-pc-linux-gnu/bin/../lib/gcc/nios2-elf/4.9.2/../../../../../H-x86_64-pc-linux-gnu/nios2-elf/lib/mno-hw-mul/libc.a(lib_a-__call_atexit.o)
 .bss           0x0000000000009b90        0x0 ../test_bsp//libhal_bsp.a(alt_exit.o)
 *(COMMON)
 COMMON         0x0000000000009b90      0x100 ../test_bsp//libhal_bsp.a(alt_irq_handler.o)
                0x0000000000009b90                alt_irq
                0x0000000000009c90                . = ALIGN (0x4)
                0x0000000000009c90                __bss_end = ABSOLUTE (.)

.sdram          0x0000000000009c90        0x0
                0x0000000000009c90                PROVIDE (_alt_partition_sdram_start, ABSOLUTE (.))
 *(.sdram .sdram. sdram.*)
                0x0000000000009c90                . = ALIGN (0x4)
                0x0000000000009c90                PROVIDE (_alt_partition_sdram_end, ABSOLUTE (.))
                0x0000000000009c90                _end = ABSOLUTE (.)
                0x0000000000009c90                end = ABSOLUTE (.)
                0x0000000000009c90                __alt_stack_base = ABSOLUTE (.)
                0x0000000000009c90                PROVIDE (_alt_partition_sdram_load_addr, LOADADDR (.sdram))

.onchip_memory2_0
                0x0000000002004000        0x0
                0x0000000002004000                PROVIDE (_alt_partition_onchip_memory2_0_start, ABSOLUTE (.))
 *(.onchip_memory2_0 .onchip_memory2_0. onchip_memory2_0.*)
                0x0000000002004000                . = ALIGN (0x4)
                0x0000000002004000                PROVIDE (_alt_partition_onchip_memory2_0_end, ABSOLUTE (.))
                0x0000000002004000                PROVIDE (_alt_partition_onchip_memory2_0_load_addr, LOADADDR (.onchip_memory2_0))

.epcs_flash_controller_0
                0x0000000002009020        0x0
                0x0000000002009020                PROVIDE (_alt_partition_epcs_flash_controller_0_start, ABSOLUTE (.))
 *(.epcs_flash_controller_0 .epcs_flash_controller_0. epcs_flash_controller_0.*)
                0x0000000002009020                . = ALIGN (0x4)
                0x0000000002009020                PROVIDE (_alt_partition_epcs_flash_controller_0_end, ABSOLUTE (.))
                0x0000000002009020                PROVIDE (_alt_partition_epcs_flash_controller_0_load_addr, LOADADDR (.epcs_flash_controller_0))

.stab
 *(.stab)

.stabstr
 *(.stabstr)

.stab.excl
 *(.stab.excl)

.stab.exclstr
 *(.stab.exclstr)

.stab.index
 *(.stab.index)

.stab.indexstr
 *(.stab.indexstr)

.comment        0x0000000000000000       0x23
 *(.comment)
 .comment       0x0000000000000000       0x23 obj/default/hello_world.o
                                         0x24 (size before relaxing)
 .comment       0x0000000000000000       0x24 obj/default/main.o
 .comment       0x0000000000000000       0x24 obj/default/motor_setting.o
 .comment       0x0000000000000000       0x24 obj/default/pin_tests.o
 .comment       0x0000000000000000       0x24 obj/default/stearing_setting.o
 .comment       0x0000000000000000       0x24 obj/default/uart.o
 .comment       0x0000000000000000       0x24 obj/default/ultrasound.o
 .comment       0x0000000000000000       0x24 /home/heiko/UniZeugs/Lab/altera_lite/15.1/nios2eds/bin/gnu/H-x86_64-pc-linux-gnu/bin/../lib/gcc/nios2-elf/4.9.2/../../../../../H-x86_64-pc-linux-gnu/nios2-elf/lib/mno-hw-mul/libc.a(lib_a-puts.o)
 .comment       0x0000000000000000       0x24 /home/heiko/UniZeugs/Lab/altera_lite/15.1/nios2eds/bin/gnu/H-x86_64-pc-linux-gnu/bin/../lib/gcc/nios2-elf/4.9.2/../../../../../H-x86_64-pc-linux-gnu/nios2-elf/lib/mno-hw-mul/libc.a(lib_a-strlen.o)
 .comment       0x0000000000000000       0x24 /home/heiko/UniZeugs/Lab/altera_lite/15.1/nios2eds/bin/gnu/H-x86_64-pc-linux-gnu/bin/../lib/gcc/nios2-elf/4.9.2/../../../../../H-x86_64-pc-linux-gnu/nios2-elf/lib/mno-hw-mul/libc.a(lib_a-fvwrite.o)
 .comment       0x0000000000000000       0x24 /home/heiko/UniZeugs/Lab/altera_lite/15.1/nios2eds/bin/gnu/H-x86_64-pc-linux-gnu/bin/../lib/gcc/nios2-elf/4.9.2/../../../../../H-x86_64-pc-linux-gnu/nios2-elf/lib/mno-hw-mul/libc.a(lib_a-impure.o)
 .comment       0x0000000000000000       0x24 /home/heiko/UniZeugs/Lab/altera_lite/15.1/nios2eds/bin/gnu/H-x86_64-pc-linux-gnu/bin/../lib/gcc/nios2-elf/4.9.2/../../../../../H-x86_64-pc-linux-gnu/nios2-elf/lib/mno-hw-mul/libc.a(lib_a-mallocr.o)
 .comment       0x0000000000000000       0x24 /home/heiko/UniZeugs/Lab/altera_lite/15.1/nios2eds/bin/gnu/H-x86_64-pc-linux-gnu/bin/../lib/gcc/nios2-elf/4.9.2/../../../../../H-x86_64-pc-linux-gnu/nios2-elf/lib/mno-hw-mul/libc.a(lib_a-memchr.o)
 .comment       0x0000000000000000       0x24 /home/heiko/UniZeugs/Lab/altera_lite/15.1/nios2eds/bin/gnu/H-x86_64-pc-linux-gnu/bin/../lib/gcc/nios2-elf/4.9.2/../../../../../H-x86_64-pc-linux-gnu/nios2-elf/lib/mno-hw-mul/libc.a(lib_a-memcpy.o)
 .comment       0x0000000000000000       0x24 /home/heiko/UniZeugs/Lab/altera_lite/15.1/nios2eds/bin/gnu/H-x86_64-pc-linux-gnu/bin/../lib/gcc/nios2-elf/4.9.2/../../../../../H-x86_64-pc-linux-gnu/nios2-elf/lib/mno-hw-mul/libc.a(lib_a-memmove.o)
 .comment       0x0000000000000000       0x24 /home/heiko/UniZeugs/Lab/altera_lite/15.1/nios2eds/bin/gnu/H-x86_64-pc-linux-gnu/bin/../lib/gcc/nios2-elf/4.9.2/../../../../../H-x86_64-pc-linux-gnu/nios2-elf/lib/mno-hw-mul/libc.a(lib_a-reallocr.o)
 .comment       0x0000000000000000       0x24 /home/heiko/UniZeugs/Lab/altera_lite/15.1/nios2eds/bin/gnu/H-x86_64-pc-linux-gnu/bin/../lib/gcc/nios2-elf/4.9.2/../../../../../H-x86_64-pc-linux-gnu/nios2-elf/lib/mno-hw-mul/libc.a(lib_a-sbrkr.o)
 .comment       0x0000000000000000       0x24 /home/heiko/UniZeugs/Lab/altera_lite/15.1/nios2eds/bin/gnu/H-x86_64-pc-linux-gnu/bin/../lib/gcc/nios2-elf/4.9.2/../../../../../H-x86_64-pc-linux-gnu/nios2-elf/lib/mno-hw-mul/libc.a(lib_a-wsetup.o)
 .comment       0x0000000000000000       0x24 /home/heiko/UniZeugs/Lab/altera_lite/15.1/nios2eds/bin/gnu/H-x86_64-pc-linux-gnu/bin/../lib/gcc/nios2-elf/4.9.2/../../../../../H-x86_64-pc-linux-gnu/nios2-elf/lib/mno-hw-mul/libc.a(lib_a-fflush.o)
 .comment       0x0000000000000000       0x24 /home/heiko/UniZeugs/Lab/altera_lite/15.1/nios2eds/bin/gnu/H-x86_64-pc-linux-gnu/bin/../lib/gcc/nios2-elf/4.9.2/../../../../../H-x86_64-pc-linux-gnu/nios2-elf/lib/mno-hw-mul/libc.a(lib_a-findfp.o)
 .comment       0x0000000000000000       0x24 /home/heiko/UniZeugs/Lab/altera_lite/15.1/nios2eds/bin/gnu/H-x86_64-pc-linux-gnu/bin/../lib/gcc/nios2-elf/4.9.2/../../../../../H-x86_64-pc-linux-gnu/nios2-elf/lib/mno-hw-mul/libc.a(lib_a-freer.o)
 .comment       0x0000000000000000       0x24 /home/heiko/UniZeugs/Lab/altera_lite/15.1/nios2eds/bin/gnu/H-x86_64-pc-linux-gnu/bin/../lib/gcc/nios2-elf/4.9.2/../../../../../H-x86_64-pc-linux-gnu/nios2-elf/lib/mno-hw-mul/libc.a(lib_a-fwalk.o)
 .comment       0x0000000000000000       0x24 /home/heiko/UniZeugs/Lab/altera_lite/15.1/nios2eds/bin/gnu/H-x86_64-pc-linux-gnu/bin/../lib/gcc/nios2-elf/4.9.2/../../../../../H-x86_64-pc-linux-gnu/nios2-elf/lib/mno-hw-mul/libc.a(lib_a-int_errno.o)
 .comment       0x0000000000000000       0x24 /home/heiko/UniZeugs/Lab/altera_lite/15.1/nios2eds/bin/gnu/H-x86_64-pc-linux-gnu/bin/../lib/gcc/nios2-elf/4.9.2/../../../../../H-x86_64-pc-linux-gnu/nios2-elf/lib/mno-hw-mul/libc.a(lib_a-makebuf.o)
 .comment       0x0000000000000000       0x24 /home/heiko/UniZeugs/Lab/altera_lite/15.1/nios2eds/bin/gnu/H-x86_64-pc-linux-gnu/bin/../lib/gcc/nios2-elf/4.9.2/../../../../../H-x86_64-pc-linux-gnu/nios2-elf/lib/mno-hw-mul/libc.a(lib_a-memset.o)
 .comment       0x0000000000000000       0x24 /home/heiko/UniZeugs/Lab/altera_lite/15.1/nios2eds/bin/gnu/H-x86_64-pc-linux-gnu/bin/../lib/gcc/nios2-elf/4.9.2/../../../../../H-x86_64-pc-linux-gnu/nios2-elf/lib/mno-hw-mul/libc.a(lib_a-stdio.o)
 .comment       0x0000000000000000       0x24 /home/heiko/UniZeugs/Lab/altera_lite/15.1/nios2eds/bin/gnu/H-x86_64-pc-linux-gnu/bin/../lib/gcc/nios2-elf/4.9.2/../../../../../H-x86_64-pc-linux-gnu/nios2-elf/lib/mno-hw-mul/libc.a(lib_a-writer.o)
 .comment       0x0000000000000000       0x24 /home/heiko/UniZeugs/Lab/altera_lite/15.1/nios2eds/bin/gnu/H-x86_64-pc-linux-gnu/bin/../lib/gcc/nios2-elf/4.9.2/../../../../../H-x86_64-pc-linux-gnu/nios2-elf/lib/mno-hw-mul/libc.a(closer.o)
 .comment       0x0000000000000000       0x24 /home/heiko/UniZeugs/Lab/altera_lite/15.1/nios2eds/bin/gnu/H-x86_64-pc-linux-gnu/bin/../lib/gcc/nios2-elf/4.9.2/../../../../../H-x86_64-pc-linux-gnu/nios2-elf/lib/mno-hw-mul/libc.a(lib_a-fclose.o)
 .comment       0x0000000000000000       0x24 /home/heiko/UniZeugs/Lab/altera_lite/15.1/nios2eds/bin/gnu/H-x86_64-pc-linux-gnu/bin/../lib/gcc/nios2-elf/4.9.2/../../../../../H-x86_64-pc-linux-gnu/nios2-elf/lib/mno-hw-mul/libc.a(lib_a-fstatr.o)
 .comment       0x0000000000000000       0x24 /home/heiko/UniZeugs/Lab/altera_lite/15.1/nios2eds/bin/gnu/H-x86_64-pc-linux-gnu/bin/../lib/gcc/nios2-elf/4.9.2/../../../../../H-x86_64-pc-linux-gnu/nios2-elf/lib/mno-hw-mul/libc.a(lib_a-isattyr.o)
 .comment       0x0000000000000000       0x24 /home/heiko/UniZeugs/Lab/altera_lite/15.1/nios2eds/bin/gnu/H-x86_64-pc-linux-gnu/bin/../lib/gcc/nios2-elf/4.9.2/../../../../../H-x86_64-pc-linux-gnu/nios2-elf/lib/mno-hw-mul/libc.a(lib_a-lseekr.o)
 .comment       0x0000000000000000       0x24 /home/heiko/UniZeugs/Lab/altera_lite/15.1/nios2eds/bin/gnu/H-x86_64-pc-linux-gnu/bin/../lib/gcc/nios2-elf/4.9.2/../../../../../H-x86_64-pc-linux-gnu/nios2-elf/lib/mno-hw-mul/libc.a(lib_a-readr.o)
 .comment       0x0000000000000000       0x24 /home/heiko/UniZeugs/Lab/altera_lite/15.1/nios2eds/bin/gnu/H-x86_64-pc-linux-gnu/bin/../lib/gcc/nios2-elf/4.9.2/mno-hw-mul/libgcc.a(lib2-divmod.o)
 .comment       0x0000000000000000       0x24 /home/heiko/UniZeugs/Lab/altera_lite/15.1/nios2eds/bin/gnu/H-x86_64-pc-linux-gnu/bin/../lib/gcc/nios2-elf/4.9.2/mno-hw-mul/libgcc.a(lib2-mul.o)
 .comment       0x0000000000000000       0x24 ../test_bsp//libhal_bsp.a(alt_close.o)
 .comment       0x0000000000000000       0x24 ../test_bsp//libhal_bsp.a(alt_dev.o)
 .comment       0x0000000000000000       0x24 ../test_bsp//libhal_bsp.a(alt_errno.o)
 .comment       0x0000000000000000       0x24 ../test_bsp//libhal_bsp.a(alt_fstat.o)
 .comment       0x0000000000000000       0x24 ../test_bsp//libhal_bsp.a(alt_isatty.o)
 .comment       0x0000000000000000       0x24 ../test_bsp//libhal_bsp.a(alt_lseek.o)
 .comment       0x0000000000000000       0x24 ../test_bsp//libhal_bsp.a(alt_main.o)
 .comment       0x0000000000000000       0x24 ../test_bsp//libhal_bsp.a(alt_malloc_lock.o)
 .comment       0x0000000000000000       0x24 ../test_bsp//libhal_bsp.a(alt_read.o)
 .comment       0x0000000000000000       0x24 ../test_bsp//libhal_bsp.a(alt_release_fd.o)
 .comment       0x0000000000000000       0x24 ../test_bsp//libhal_bsp.a(alt_sbrk.o)
 .comment       0x0000000000000000       0x24 ../test_bsp//libhal_bsp.a(alt_write.o)
 .comment       0x0000000000000000       0x24 ../test_bsp//libhal_bsp.a(alt_sys_init.o)
 .comment       0x0000000000000000       0x24 ../test_bsp//libhal_bsp.a(altera_avalon_epcs_flash_controller.o)
 .comment       0x0000000000000000       0x24 ../test_bsp//libhal_bsp.a(altera_avalon_jtag_uart_fd.o)
 .comment       0x0000000000000000       0x24 ../test_bsp//libhal_bsp.a(altera_avalon_jtag_uart_init.o)
 .comment       0x0000000000000000       0x24 ../test_bsp//libhal_bsp.a(altera_avalon_jtag_uart_ioctl.o)
 .comment       0x0000000000000000       0x24 ../test_bsp//libhal_bsp.a(altera_avalon_jtag_uart_read.o)
 .comment       0x0000000000000000       0x24 ../test_bsp//libhal_bsp.a(altera_avalon_jtag_uart_write.o)
 .comment       0x0000000000000000       0x24 ../test_bsp//libhal_bsp.a(altera_avalon_timer_sc.o)
 .comment       0x0000000000000000       0x24 ../test_bsp//libhal_bsp.a(altera_avalon_uart_fd.o)
 .comment       0x0000000000000000       0x24 ../test_bsp//libhal_bsp.a(altera_avalon_uart_init.o)
 .comment       0x0000000000000000       0x24 ../test_bsp//libhal_bsp.a(altera_avalon_uart_read.o)
 .comment       0x0000000000000000       0x24 ../test_bsp//libhal_bsp.a(altera_avalon_uart_write.o)
 .comment       0x0000000000000000       0x24 ../test_bsp//libhal_bsp.a(epcs_commands.o)
 .comment       0x0000000000000000       0x24 ../test_bsp//libhal_bsp.a(alt_alarm_start.o)
 .comment       0x0000000000000000       0x24 ../test_bsp//libhal_bsp.a(alt_dev_llist_insert.o)
 .comment       0x0000000000000000       0x24 ../test_bsp//libhal_bsp.a(alt_do_ctors.o)
 .comment       0x0000000000000000       0x24 ../test_bsp//libhal_bsp.a(alt_do_dtors.o)
 .comment       0x0000000000000000       0x24 ../test_bsp//libhal_bsp.a(alt_flash_dev.o)
 .comment       0x0000000000000000       0x24 ../test_bsp//libhal_bsp.a(alt_iic.o)
 .comment       0x0000000000000000       0x24 ../test_bsp//libhal_bsp.a(alt_iic_isr_register.o)
 .comment       0x0000000000000000       0x24 ../test_bsp//libhal_bsp.a(alt_io_redirect.o)
 .comment       0x0000000000000000       0x24 ../test_bsp//libhal_bsp.a(alt_irq_handler.o)
 .comment       0x0000000000000000       0x24 ../test_bsp//libhal_bsp.a(alt_irq_vars.o)
 .comment       0x0000000000000000       0x24 ../test_bsp//libhal_bsp.a(alt_open.o)
 .comment       0x0000000000000000       0x24 ../test_bsp//libhal_bsp.a(alt_tick.o)
 .comment       0x0000000000000000       0x24 ../test_bsp//libhal_bsp.a(altera_nios2_qsys_irq.o)
 .comment       0x0000000000000000       0x24 ../test_bsp//libhal_bsp.a(altera_avalon_spi.o)
 .comment       0x0000000000000000       0x24 ../test_bsp//libhal_bsp.a(alt_find_dev.o)
 .comment       0x0000000000000000       0x24 ../test_bsp//libhal_bsp.a(alt_find_file.o)
 .comment       0x0000000000000000       0x24 ../test_bsp//libhal_bsp.a(alt_get_fd.o)
 .comment       0x0000000000000000       0x24 /home/heiko/UniZeugs/Lab/altera_lite/15.1/nios2eds/bin/gnu/H-x86_64-pc-linux-gnu/bin/../lib/gcc/nios2-elf/4.9.2/../../../../../H-x86_64-pc-linux-gnu/nios2-elf/lib/mno-hw-mul/libc.a(lib_a-atexit.o)
 .comment       0x0000000000000000       0x24 /home/heiko/UniZeugs/Lab/altera_lite/15.1/nios2eds/bin/gnu/H-x86_64-pc-linux-gnu/bin/../lib/gcc/nios2-elf/4.9.2/../../../../../H-x86_64-pc-linux-gnu/nios2-elf/lib/mno-hw-mul/libc.a(lib_a-exit.o)
 .comment       0x0000000000000000       0x24 /home/heiko/UniZeugs/Lab/altera_lite/15.1/nios2eds/bin/gnu/H-x86_64-pc-linux-gnu/bin/../lib/gcc/nios2-elf/4.9.2/../../../../../H-x86_64-pc-linux-gnu/nios2-elf/lib/mno-hw-mul/libc.a(lib_a-memcmp.o)
 .comment       0x0000000000000000       0x24 /home/heiko/UniZeugs/Lab/altera_lite/15.1/nios2eds/bin/gnu/H-x86_64-pc-linux-gnu/bin/../lib/gcc/nios2-elf/4.9.2/../../../../../H-x86_64-pc-linux-gnu/nios2-elf/lib/mno-hw-mul/libc.a(lib_a-__atexit.o)
 .comment       0x0000000000000000       0x24 /home/heiko/UniZeugs/Lab/altera_lite/15.1/nios2eds/bin/gnu/H-x86_64-pc-linux-gnu/bin/../lib/gcc/nios2-elf/4.9.2/../../../../../H-x86_64-pc-linux-gnu/nios2-elf/lib/mno-hw-mul/libc.a(lib_a-__call_atexit.o)
 .comment       0x0000000000000000       0x24 ../test_bsp//libhal_bsp.a(alt_exit.o)

.debug
 *(.debug)

.line
 *(.line)

.debug_srcinfo
 *(.debug_srcinfo)

.debug_sfnames
 *(.debug_sfnames)

.debug_aranges  0x0000000000000000      0xb78
 *(.debug_aranges)
 .debug_aranges
                0x0000000000000000       0x20 ../test_bsp//obj/HAL/src/crt0.o
 .debug_aranges
                0x0000000000000020       0x18 obj/default/hello_world.o
 .debug_aranges
                0x0000000000000038       0x20 obj/default/main.o
 .debug_aranges
                0x0000000000000058       0x20 obj/default/motor_setting.o
 .debug_aranges
                0x0000000000000078       0x20 obj/default/pin_tests.o
 .debug_aranges
                0x0000000000000098       0x20 obj/default/stearing_setting.o
 .debug_aranges
                0x00000000000000b8       0x20 obj/default/uart.o
 .debug_aranges
                0x00000000000000d8       0x20 obj/default/ultrasound.o
 .debug_aranges
                0x00000000000000f8       0x28 /home/heiko/UniZeugs/Lab/altera_lite/15.1/nios2eds/bin/gnu/H-x86_64-pc-linux-gnu/bin/../lib/gcc/nios2-elf/4.9.2/../../../../../H-x86_64-pc-linux-gnu/nios2-elf/lib/mno-hw-mul/libc.a(lib_a-puts.o)
 .debug_aranges
                0x0000000000000120       0x20 /home/heiko/UniZeugs/Lab/altera_lite/15.1/nios2eds/bin/gnu/H-x86_64-pc-linux-gnu/bin/../lib/gcc/nios2-elf/4.9.2/../../../../../H-x86_64-pc-linux-gnu/nios2-elf/lib/mno-hw-mul/libc.a(lib_a-strlen.o)
 .debug_aranges
                0x0000000000000140       0x20 /home/heiko/UniZeugs/Lab/altera_lite/15.1/nios2eds/bin/gnu/H-x86_64-pc-linux-gnu/bin/../lib/gcc/nios2-elf/4.9.2/../../../../../H-x86_64-pc-linux-gnu/nios2-elf/lib/mno-hw-mul/libc.a(lib_a-fvwrite.o)
 .debug_aranges
                0x0000000000000160       0x18 /home/heiko/UniZeugs/Lab/altera_lite/15.1/nios2eds/bin/gnu/H-x86_64-pc-linux-gnu/bin/../lib/gcc/nios2-elf/4.9.2/../../../../../H-x86_64-pc-linux-gnu/nios2-elf/lib/mno-hw-mul/libc.a(lib_a-impure.o)
 .debug_aranges
                0x0000000000000178       0x20 /home/heiko/UniZeugs/Lab/altera_lite/15.1/nios2eds/bin/gnu/H-x86_64-pc-linux-gnu/bin/../lib/gcc/nios2-elf/4.9.2/../../../../../H-x86_64-pc-linux-gnu/nios2-elf/lib/mno-hw-mul/libc.a(lib_a-mallocr.o)
 .debug_aranges
                0x0000000000000198       0x20 /home/heiko/UniZeugs/Lab/altera_lite/15.1/nios2eds/bin/gnu/H-x86_64-pc-linux-gnu/bin/../lib/gcc/nios2-elf/4.9.2/../../../../../H-x86_64-pc-linux-gnu/nios2-elf/lib/mno-hw-mul/libc.a(lib_a-memchr.o)
 .debug_aranges
                0x00000000000001b8       0x20 /home/heiko/UniZeugs/Lab/altera_lite/15.1/nios2eds/bin/gnu/H-x86_64-pc-linux-gnu/bin/../lib/gcc/nios2-elf/4.9.2/../../../../../H-x86_64-pc-linux-gnu/nios2-elf/lib/mno-hw-mul/libc.a(lib_a-memcpy.o)
 .debug_aranges
                0x00000000000001d8       0x20 /home/heiko/UniZeugs/Lab/altera_lite/15.1/nios2eds/bin/gnu/H-x86_64-pc-linux-gnu/bin/../lib/gcc/nios2-elf/4.9.2/../../../../../H-x86_64-pc-linux-gnu/nios2-elf/lib/mno-hw-mul/libc.a(lib_a-memmove.o)
 .debug_aranges
                0x00000000000001f8       0x20 /home/heiko/UniZeugs/Lab/altera_lite/15.1/nios2eds/bin/gnu/H-x86_64-pc-linux-gnu/bin/../lib/gcc/nios2-elf/4.9.2/../../../../../H-x86_64-pc-linux-gnu/nios2-elf/lib/mno-hw-mul/libc.a(lib_a-reallocr.o)
 .debug_aranges
                0x0000000000000218       0x20 /home/heiko/UniZeugs/Lab/altera_lite/15.1/nios2eds/bin/gnu/H-x86_64-pc-linux-gnu/bin/../lib/gcc/nios2-elf/4.9.2/../../../../../H-x86_64-pc-linux-gnu/nios2-elf/lib/mno-hw-mul/libc.a(lib_a-sbrkr.o)
 .debug_aranges
                0x0000000000000238       0x20 /home/heiko/UniZeugs/Lab/altera_lite/15.1/nios2eds/bin/gnu/H-x86_64-pc-linux-gnu/bin/../lib/gcc/nios2-elf/4.9.2/../../../../../H-x86_64-pc-linux-gnu/nios2-elf/lib/mno-hw-mul/libc.a(lib_a-wsetup.o)
 .debug_aranges
                0x0000000000000258       0x30 /home/heiko/UniZeugs/Lab/altera_lite/15.1/nios2eds/bin/gnu/H-x86_64-pc-linux-gnu/bin/../lib/gcc/nios2-elf/4.9.2/../../../../../H-x86_64-pc-linux-gnu/nios2-elf/lib/mno-hw-mul/libc.a(lib_a-fflush.o)
 .debug_aranges