Archive member included to satisfy reference by file (symbol)

/home/heiko/UniZeugs/Lab/altera_lite/15.1/nios2eds/bin/gnu/H-x86_64-pc-linux-gnu/bin/../lib/gcc/nios2-elf/4.9.2/mno-hw-mul/libgcc.a(lib2-mul.o)
                              obj/default/main.o (__mulsi3)
/home/heiko/UniZeugs/Lab/altera_lite/15.1/nios2eds/bin/gnu/H-x86_64-pc-linux-gnu/bin/../lib/gcc/nios2-elf/4.9.2/mno-hw-mul/libgcc.a(divsf3.o)
                              obj/default/main.o (__divsf3)
/home/heiko/UniZeugs/Lab/altera_lite/15.1/nios2eds/bin/gnu/H-x86_64-pc-linux-gnu/bin/../lib/gcc/nios2-elf/4.9.2/mno-hw-mul/libgcc.a(floatunsisf.o)
                              obj/default/main.o (__floatunsisf)
/home/heiko/UniZeugs/Lab/altera_lite/15.1/nios2eds/bin/gnu/H-x86_64-pc-linux-gnu/bin/../lib/gcc/nios2-elf/4.9.2/mno-hw-mul/libgcc.a(extendsfdf2.o)
                              obj/default/main.o (__extendsfdf2)
/home/heiko/UniZeugs/Lab/altera_lite/15.1/nios2eds/bin/gnu/H-x86_64-pc-linux-gnu/bin/../lib/gcc/nios2-elf/4.9.2/mno-hw-mul/libgcc.a(_clzsi2.o)
                              /home/heiko/UniZeugs/Lab/altera_lite/15.1/nios2eds/bin/gnu/H-x86_64-pc-linux-gnu/bin/../lib/gcc/nios2-elf/4.9.2/mno-hw-mul/libgcc.a(divsf3.o) (__clzsi2)
/home/heiko/UniZeugs/Lab/altera_lite/15.1/nios2eds/bin/gnu/H-x86_64-pc-linux-gnu/bin/../lib/gcc/nios2-elf/4.9.2/mno-hw-mul/libgcc.a(_clz.o)
                              /home/heiko/UniZeugs/Lab/altera_lite/15.1/nios2eds/bin/gnu/H-x86_64-pc-linux-gnu/bin/../lib/gcc/nios2-elf/4.9.2/mno-hw-mul/libgcc.a(_clzsi2.o) (__clz_tab)
/home/heiko/UniZeugs/Lab/altera_lite/15.1/nios2eds/bin/gnu/H-x86_64-pc-linux-gnu/bin/../lib/gcc/nios2-elf/4.9.2/../../../../../H-x86_64-pc-linux-gnu/nios2-elf/lib/mno-hw-mul/libc.a(lib_a-printf.o)
                              obj/default/main.o (printf)
/home/heiko/UniZeugs/Lab/altera_lite/15.1/nios2eds/bin/gnu/H-x86_64-pc-linux-gnu/bin/../lib/gcc/nios2-elf/4.9.2/../../../../../H-x86_64-pc-linux-gnu/nios2-elf/lib/mno-hw-mul/libc.a(lib_a-puts.o)
                              obj/default/main.o (puts)
/home/heiko/UniZeugs/Lab/altera_lite/15.1/nios2eds/bin/gnu/H-x86_64-pc-linux-gnu/bin/../lib/gcc/nios2-elf/4.9.2/../../../../../H-x86_64-pc-linux-gnu/nios2-elf/lib/mno-hw-mul/libc.a(lib_a-strlen.o)
                              /home/heiko/UniZeugs/Lab/altera_lite/15.1/nios2eds/bin/gnu/H-x86_64-pc-linux-gnu/bin/../lib/gcc/nios2-elf/4.9.2/../../../../../H-x86_64-pc-linux-gnu/nios2-elf/lib/mno-hw-mul/libc.a(lib_a-puts.o) (strlen)
/home/heiko/UniZeugs/Lab/altera_lite/15.1/nios2eds/bin/gnu/H-x86_64-pc-linux-gnu/bin/../lib/gcc/nios2-elf/4.9.2/../../../../../H-x86_64-pc-linux-gnu/nios2-elf/lib/mno-hw-mul/libc.a(lib_a-vfprintf.o)
                              /home/heiko/UniZeugs/Lab/altera_lite/15.1/nios2eds/bin/gnu/H-x86_64-pc-linux-gnu/bin/../lib/gcc/nios2-elf/4.9.2/../../../../../H-x86_64-pc-linux-gnu/nios2-elf/lib/mno-hw-mul/libc.a(lib_a-printf.o) (___vfprintf_internal_r)
/home/heiko/UniZeugs/Lab/altera_lite/15.1/nios2eds/bin/gnu/H-x86_64-pc-linux-gnu/bin/../lib/gcc/nios2-elf/4.9.2/../../../../../H-x86_64-pc-linux-gnu/nios2-elf/lib/mno-hw-mul/libc.a(lib_a-wsetup.o)
                              /home/heiko/UniZeugs/Lab/altera_lite/15.1/nios2eds/bin/gnu/H-x86_64-pc-linux-gnu/bin/../lib/gcc/nios2-elf/4.9.2/../../../../../H-x86_64-pc-linux-gnu/nios2-elf/lib/mno-hw-mul/libc.a(lib_a-vfprintf.o) (__swsetup_r)
/home/heiko/UniZeugs/Lab/altera_lite/15.1/nios2eds/bin/gnu/H-x86_64-pc-linux-gnu/bin/../lib/gcc/nios2-elf/4.9.2/../../../../../H-x86_64-pc-linux-gnu/nios2-elf/lib/mno-hw-mul/libc.a(lib_a-dtoa.o)
                              /home/heiko/UniZeugs/Lab/altera_lite/15.1/nios2eds/bin/gnu/H-x86_64-pc-linux-gnu/bin/../lib/gcc/nios2-elf/4.9.2/../../../../../H-x86_64-pc-linux-gnu/nios2-elf/lib/mno-hw-mul/libc.a(lib_a-vfprintf.o) (_dtoa_r)
/home/heiko/UniZeugs/Lab/altera_lite/15.1/nios2eds/bin/gnu/H-x86_64-pc-linux-gnu/bin/../lib/gcc/nios2-elf/4.9.2/../../../../../H-x86_64-pc-linux-gnu/nios2-elf/lib/mno-hw-mul/libc.a(lib_a-fflush.o)
                              /home/heiko/UniZeugs/Lab/altera_lite/15.1/nios2eds/bin/gnu/H-x86_64-pc-linux-gnu/bin/../lib/gcc/nios2-elf/4.9.2/../../../../../H-x86_64-pc-linux-gnu/nios2-elf/lib/mno-hw-mul/libc.a(lib_a-vfprintf.o) (_fflush_r)
/home/heiko/UniZeugs/Lab/altera_lite/15.1/nios2eds/bin/gnu/H-x86_64-pc-linux-gnu/bin/../lib/gcc/nios2-elf/4.9.2/../../../../../H-x86_64-pc-linux-gnu/nios2-elf/lib/mno-hw-mul/libc.a(lib_a-findfp.o)
                              /home/heiko/UniZeugs/Lab/altera_lite/15.1/nios2eds/bin/gnu/H-x86_64-pc-linux-gnu/bin/../lib/gcc/nios2-elf/4.9.2/../../../../../H-x86_64-pc-linux-gnu/nios2-elf/lib/mno-hw-mul/libc.a(lib_a-vfprintf.o) (__sinit)
/home/heiko/UniZeugs/Lab/altera_lite/15.1/nios2eds/bin/gnu/H-x86_64-pc-linux-gnu/bin/../lib/gcc/nios2-elf/4.9.2/../../../../../H-x86_64-pc-linux-gnu/nios2-elf/lib/mno-hw-mul/libc.a(lib_a-freer.o)
[...]
Memory Configuration

Name             Origin             Length             Attributes
sdram_BEFORE_EXCEPTION 0x0000000000000000 0x0000000000000020
sdram            0x0000000000000020 0x0000000001ffffe0
onchip_memory2_0 0x0000000002004000 0x0000000000004000
reset            0x0000000002009000 0x0000000000000020
epcs_flash_controller_0 0x0000000002009020 0x00000000000007e0
*default*        0x0000000000000000 0xffffffffffffffff

Linker script and memory map

LOAD ../test_bsp//obj/HAL/src/crt0.o
LOAD obj/default/hello_world.o
LOAD obj/default/main.o
LOAD obj/default/motor_setting.o
LOAD obj/default/pin_tests.o
LOAD obj/default/raspberry_uart.o
LOAD obj/default/steering_setting.o
LOAD obj/default/uart.o
LOAD obj/default/ultrasound.o
LOAD /home/heiko/UniZeugs/Lab/altera_lite/15.1/nios2eds/bin/gnu/H-x86_64-pc-linux-gnu/bin/../lib/gcc/nios2-elf/4.9.2/../../../../../H-x86_64-pc-linux-gnu/nios2-elf/lib/mno-hw-mul/libstdc++.a
LOAD /home/heiko/UniZeugs/Lab/altera_lite/15.1/nios2eds/bin/gnu/H-x86_64-pc-linux-gnu/bin/../lib/gcc/nios2-elf/4.9.2/../../../../../H-x86_64-pc-linux-gnu/nios2-elf/lib/mno-hw-mul/libm.a
LOAD /home/heiko/UniZeugs/Lab/altera_lite/15.1/nios2eds/bin/gnu/H-x86_64-pc-linux-gnu/bin/../lib/gcc/nios2-elf/4.9.2/mno-hw-mul/libgcc.a
START GROUP
LOAD /home/heiko/UniZeugs/Lab/altera_lite/15.1/nios2eds/bin/gnu/H-x86_64-pc-linux-gnu/bin/../lib/gcc/nios2-elf/4.9.2/../../../../../H-x86_64-pc-linux-gnu/nios2-elf/lib/mno-hw-mul/libc.a
LOAD /home/heiko/UniZeugs/Lab/altera_lite/15.1/nios2eds/bin/gnu/H-x86_64-pc-linux-gnu/bin/../lib/gcc/nios2-elf/4.9.2/mno-hw-mul/libgcc.a
LOAD ../test_bsp//libhal_bsp.a
LOAD /home/heiko/UniZeugs/Lab/altera_lite/15.1/nios2eds/bin/gnu/H-x86_64-pc-linux-gnu/bin/../lib/gcc/nios2-elf/4.9.2/../../../../../H-x86_64-pc-linux-gnu/nios2-elf/lib/mno-hw-mul/libm.a
END GROUP
LOAD /home/heiko/UniZeugs/Lab/altera_lite/15.1/nios2eds/bin/gnu/H-x86_64-pc-linux-gnu/bin/../lib/gcc/nios2-elf/4.9.2/mno-hw-mul/libgcc.a
                0x0000000000000000                __alt_mem_sdram = 0x0
                0x0000000002004000                __alt_mem_onchip_memory2_0 = 0x2004000
                0x0000000002009000                __alt_mem_epcs_flash_controller_0 = 0x2009000

.entry          0x0000000002009000        0x0
 *(.entry)
 .entry         0x0000000002009000        0x0 ../test_bsp//obj/HAL/src/crt0.o
                0x0000000002009000                __reset

.exceptions     0x0000000000000020      0x19c
                0x0000000000000020                PROVIDE (__ram_exceptions_start, ABSOLUTE (.))
                0x0000000000000020                . = ALIGN (0x20)
 *(.irq)
 *(.exceptions.entry.label)
 .exceptions.entry.label
                0x0000000000000020        0x0 ../test_bsp//libhal_bsp.a(alt_irq_entry.o)
                0x0000000000000020                alt_irq_entry
 .exceptions.entry.label
                0x0000000000000020        0x0 ../test_bsp//libhal_bsp.a(alt_exception_entry.o)
                0x0000000000000020                alt_exception
 *(.exceptions.entry.user)
 *(.exceptions.entry.ecc_fatal)
 *(.exceptions.entry)
 .exceptions.entry
                0x0000000000000020       0x54 ../test_bsp//libhal_bsp.a(alt_exception_entry.o)
 *(.exceptions.irqtest.user)
 *(.exceptions.irqtest)
 .exceptions.irqtest
                0x0000000000000074       0x10 ../test_bsp//libhal_bsp.a(alt_irq_entry.o)
 *(.exceptions.irqhandler.user)
 *(.exceptions.irqhandler)
 .exceptions.irqhandler
                0x0000000000000084        0x4 ../test_bsp//libhal_bsp.a(alt_irq_entry.o)
 *(.exceptions.irqreturn.user)
 *(.exceptions.irqreturn)
 .exceptions.irqreturn
                0x0000000000000088        0x4 ../test_bsp//libhal_bsp.a(alt_irq_entry.o)
 *(.exceptions.notirq.label)
 .exceptions.notirq.label
                0x000000000000008c        0x0 ../test_bsp//libhal_bsp.a(alt_irq_entry.o)
 *(.exceptions.notirq.user)
 *(.exceptions.notirq)
 .exceptions.notirq
                0x000000000000008c        0x8 ../test_bsp//libhal_bsp.a(alt_exception_entry.o)
 *(.exceptions.soft.user)
 *(.exceptions.soft)
 *(.exceptions.unknown.user)
 *(.exceptions.unknown)
 .exceptions.unknown
                0x0000000000000094        0x4 ../test_bsp//libhal_bsp.a(alt_exception_entry.o)
 *(.exceptions.exit.label)
 .exceptions.exit.label
                0x0000000000000098        0x0 ../test_bsp//libhal_bsp.a(alt_irq_entry.o)
 .exceptions.exit.label
                0x0000000000000098        0x0 ../test_bsp//libhal_bsp.a(alt_exception_entry.o)
 *(.exceptions.exit.user)
 *(.exceptions.exit)
 .exceptions.exit
                0x0000000000000098       0x54 ../test_bsp//libhal_bsp.a(alt_exception_entry.o)
 *(.exceptions)
 .exceptions    0x00000000000000ec       0xd0 ../test_bsp//libhal_bsp.a(alt_irq_handler.o)
                0x00000000000000ec                alt_irq_handler
                0x00000000000001bc                PROVIDE (__ram_exceptions_end, ABSOLUTE (.))
                0x0000000000000020                PROVIDE (__flash_exceptions_start, LOADADDR (.exceptions))

.text           0x00000000000001bc    0x120cc
                0x00000000000001bc                PROVIDE (stext, ABSOLUTE (.))
 *(.interp)
 *(.hash)
 *(.dynsym)
 *(.dynstr)
 *(.gnu.version)
 *(.gnu.version_d)
 *(.gnu.version_r)
 *(.rel.init)
 *(.rela.init)
 *(.rel.text .rel.text.* .rel.gnu.linkonce.t.*)
 *(.rela.text .rela.text.* .rela.gnu.linkonce.t.*)
 *(.rel.fini)
 *(.rela.fini)
 *(.rel.rodata .rel.rodata.* .rel.gnu.linkonce.r.*)
 *(.rela.rodata .rela.rodata.* .rela.gnu.linkonce.r.*)
 *(.rel.data .rel.data.* .rel.gnu.linkonce.d.*)
 *(.rela.data .rela.data.* .rela.gnu.linkonce.d.*)
 *(.rel.tdata .rel.tdata.* .rel.gnu.linkonce.td.*)
 *(.rela.tdata .rela.tdata.* .rela.gnu.linkonce.td.*)
 *(.rel.tbss .rel.tbss.* .rel.gnu.linkonce.tb.*)
 *(.rela.tbss .rela.tbss.* .rela.gnu.linkonce.tb.*)
 *(.rel.ctors)
 *(.rela.ctors)
 *(.rel.dtors)
 *(.rela.dtors)
 *(.rel.got)
 *(.rela.got)
 *(.rel.sdata .rel.sdata.* .rel.gnu.linkonce.s.*)
 *(.rela.sdata .rela.sdata.* .rela.gnu.linkonce.s.*)
 *(.rel.sbss .rel.sbss.* .rel.gnu.linkonce.sb.*)
 *(.rela.sbss .rela.sbss.* .rela.gnu.linkonce.sb.*)
 *(.rel.sdata2 .rel.sdata2.* .rel.gnu.linkonce.s2.*)
 *(.rela.sdata2 .rela.sdata2.* .rela.gnu.linkonce.s2.*)
 *(.rel.sbss2 .rel.sbss2.* .rel.gnu.linkonce.sb2.*)
 *(.rela.sbss2 .rela.sbss2.* .rela.gnu.linkonce.sb2.*)
 *(.rel.bss .rel.bss.* .rel.gnu.linkonce.b.*)
 *(.rela.bss .rela.bss.* .rela.gnu.linkonce.b.*)
 *(.rel.plt)
 *(.rela.plt)
 *(.rel.dyn)
 *(.init)
 *(.plt)
 *(.text .stub .text.* .gnu.linkonce.t.*)
 .text          0x00000000000001bc       0x38 ../test_bsp//obj/HAL/src/crt0.o
                0x00000000000001bc                _start
 .text          0x00000000000001f4        0x0 obj/default/hello_world.o
 .text          0x00000000000001f4      0x30c obj/default/main.o
                0x00000000000001f4                main
 .text          0x0000000000000500       0xe4 obj/default/motor_setting.o
                0x0000000000000500                motor_setting
 .text          0x00000000000005e4      0x3bc obj/default/pin_tests.o
                0x00000000000005e4                test_stearing
                0x00000000000007bc                test_motor
 .text          0x00000000000009a0       0xa0 obj/default/raspberry_uart.o
                0x00000000000009a0                raspberry_init
                0x00000000000009d4                raspberry_read
                0x0000000000000a04                raspberry_test
 .text          0x0000000000000a40      0x270 obj/default/steering_setting.o
                0x0000000000000a40                steering_setting
                0x0000000000000afc                steering_set_level
 .text          0x0000000000000cb0      0x118 obj/default/uart.o
                0x0000000000000cb0                uart_init
                0x0000000000000cfc                uart_send_byte
                0x0000000000000d68                uart_receive_byte
 .text          0x0000000000000dc8       0xe8 obj/default/ultrasound.o
                0x0000000000000dc8                ultrasound_init
                0x0000000000000dfc                ultrasound_read
 .text          0x0000000000000eb0       0x28 /home/heiko/UniZeugs/Lab/altera_lite/15.1/nios2eds/bin/gnu/H-x86_64-pc-linux-gnu/bin/../lib/gcc/nios2-elf/4.9.2/mno-hw-mul/libgcc.a(lib2-mul.o)
                0x0000000000000eb0                __mulsi3
 .text          0x0000000000000ed8      0x450 /home/heiko/UniZeugs/Lab/altera_lite/15.1/nios2eds/bin/gnu/H-x86_64-pc-linux-gnu/bin/../lib/gcc/nios2-elf/4.9.2/mno-hw-mul/libgcc.a(divsf3.o)
                0x0000000000000ed8                __divsf3
 .text          0x0000000000001328      0x110 /home/heiko/UniZeugs/Lab/altera_lite/15.1/nios2eds/bin/gnu/H-x86_64-pc-linux-gnu/bin/../lib/gcc/nios2-elf/4.9.2/mno-hw-mul/libgcc.a(floatunsisf.o)
                0x0000000000001328                __floatunsisf
 .text          0x0000000000001438      0x110 /home/heiko/UniZeugs/Lab/altera_lite/15.1/nios2eds/bin/gnu/H-x86_64-pc-linux-gnu/bin/../lib/gcc/nios2-elf/4.9.2/mno-hw-mul/libgcc.a(extendsfdf2.o)
                0x0000000000001438                __extendsfdf2
 .text          0x0000000000001548       0x64 /home/heiko/UniZeugs/Lab/altera_lite/15.1/nios2eds/bin/gnu/H-x86_64-pc-linux-gnu/bin/../lib/gcc/nios2-elf/4.9.2/mno-hw-mul/libgcc.a(_clzsi2.o)
                0x0000000000001548                __clzsi2
 .text          0x00000000000015ac        0x0 /home/heiko/UniZeugs/Lab/altera_lite/15.1/nios2eds/bin/gnu/H-x86_64-pc-linux-gnu/bin/../lib/gcc/nios2-elf/4.9.2/mno-hw-mul/libgcc.a(_clz.o)
 .text          0x00000000000015ac        0x0 /home/heiko/UniZeugs/Lab/altera_lite/15.1/nios2eds/bin/gnu/H-x86_64-pc-linux-gnu/bin/../lib/gcc/nios2-elf/4.9.2/../../../../../H-x86_64-pc-linux-gnu/nios2-elf/lib/mno-hw-mul/libc.a(lib_a-printf.o)
 .text._printf_r
                0x00000000000015ac       0x2c /home/heiko/UniZeugs/Lab/altera_lite/15.1/nios2eds/bin/gnu/H-x86_64-pc-linux-gnu/bin/../lib/gcc/nios2-elf/4.9.2/../../../../../H-x86_64-pc-linux-gnu/nios2-elf/lib/mno-hw-mul/libc.a(lib_a-printf.o)
                0x00000000000015ac                _printf_r
 .text.printf   0x00000000000015d8       0x3c /home/heiko/UniZeugs/Lab/altera_lite/15.1/nios2eds/bin/gnu/H-x86_64-pc-linux-gnu/bin/../lib/gcc/nios2-elf/4.9.2/../../../../../H-x86_64-pc-linux-gnu/nios2-elf/lib/mno-hw-mul/libc.a(lib_a-printf.o)
                0x00000000000015d8                printf
 .text          0x0000000000001614        0x0 /home/heiko/UniZeugs/Lab/altera_lite/15.1/nios2eds/bin/gnu/H-x86_64-pc-linux-gnu/bin/../lib/gcc/nios2-elf/4.9.2/../../../../../H-x86_64-pc-linux-gnu/nios2-elf/lib/mno-hw-mul/libc.a(lib_a-puts.o)
 .text._puts_r  0x0000000000001614       0xa8 /home/heiko/UniZeugs/Lab/altera_lite/15.1/nios2eds/bin/gnu/H-x86_64-pc-linux-gnu/bin/../lib/gcc/nios2-elf/4.9.2/../../../../../H-x86_64-pc-linux-gnu/nios2-elf/lib/mno-hw-mul/libc.a(lib_a-puts.o)
                0x0000000000001614                _puts_r
 .text.puts     0x00000000000016bc       0x14 /home/heiko/UniZeugs/Lab/altera_lite/15.1/nios2eds/bin/gnu/H-x86_64-pc-linux-gnu/bin/../lib/gcc/nios2-elf/4.9.2/../../../../../H-x86_64-pc-linux-gnu/nios2-elf/lib/mno-hw-mul/libc.a(lib_a-puts.o)
                0x00000000000016bc                puts
 .text          0x00000000000016d0        0x0 /home/heiko/UniZeugs/Lab/altera_lite/15.1/nios2eds/bin/gnu/H-x86_64-pc-linux-gnu/bin/../lib/gcc/nios2-elf/4.9.2/../../../../../H-x86_64-pc-linux-gnu/nios2-elf/lib/mno-hw-mul/libc.a(lib_a-strlen.o)
 .text.strlen   0x00000000000016d0       0x98 /home/heiko/UniZeugs/Lab/altera_lite/15.1/nios2eds/bin/gnu/H-x86_64-pc-linux-gnu/bin/../lib/gcc/nios2-elf/4.9.2/../../../../../H-x86_64-pc-linux-gnu/nios2-elf/lib/mno-hw-mul/libc.a(lib_a-strlen.o)
                0x00000000000016d0                strlen
 .text          0x0000000000001768        0x0 /home/heiko/UniZeugs/Lab/altera_lite/15.1/nios2eds/bin/gnu/H-x86_64-pc-linux-gnu/bin/../lib/gcc/nios2-elf/4.9.2/../../../../../H-x86_64-pc-linux-gnu/nios2-elf/lib/mno-hw-mul/libc.a(lib_a-vfprintf.o)
 .text.___vfprintf_internal_r
                0x0000000000001768     0x2058 /home/heiko/UniZeugs/Lab/altera_lite/15.1/nios2eds/bin/gnu/H-x86_64-pc-linux-gnu/bin/../lib/gcc/nios2-elf/4.9.2/../../../../../H-x86_64-pc-linux-gnu/nios2-elf/lib/mno-hw-mul/libc.a(lib_a-vfprintf.o)
                0x0000000000001768                ___vfprintf_internal_r
 .text.__vfprintf_internal
                0x00000000000037c0       0x24 /home/heiko/UniZeugs/Lab/altera_lite/15.1/nios2eds/bin/gnu/H-x86_64-pc-linux-gnu/bin/../lib/gcc/nios2-elf/4.9.2/../../../../../H-x86_64-pc-linux-gnu/nios2-elf/lib/mno-hw-mul/libc.a(lib_a-vfprintf.o)
                0x00000000000037c0                __vfprintf_internal
 .text.__sbprintf
                0x00000000000037e4       0xbc /home/heiko/UniZeugs/Lab/altera_lite/15.1/nios2eds/bin/gnu/H-x86_64-pc-linux-gnu/bin/../lib/gcc/nios2-elf/4.9.2/../../../../../H-x86_64-pc-linux-gnu/nios2-elf/lib/mno-hw-mul/libc.a(lib_a-vfprintf.o)
 .text          0x00000000000038a0        0x0 /home/heiko/UniZeugs/Lab/altera_lite/15.1/nios2eds/bin/gnu/H-x86_64-pc-linux-gnu/bin/../lib/gcc/nios2-elf/4.9.2/../../../../../H-x86_64-pc-linux-gnu/nios2-elf/lib/mno-hw-mul/libc.a(lib_a-wsetup.o)
 .text.__swsetup_r
                0x00000000000038a0      0x154 /home/heiko/UniZeugs/Lab/altera_lite/15.1/nios2eds/bin/gnu/H-x86_64-pc-linux-gnu/bin/../lib/gcc/nios2-elf/4.9.2/../../../../../H-x86_64-pc-linux-gnu/nios2-elf/lib/mno-hw-mul/libc.a(lib_a-wsetup.o)
                0x00000000000038a0                __swsetup_r
 .text          0x00000000000039f4        0x0 /home/heiko/UniZeugs/Lab/altera_lite/15.1/nios2eds/bin/gnu/H-x86_64-pc-linux-gnu/bin/../lib/gcc/nios2-elf/4.9.2/../../../../../H-x86_64-pc-linux-gnu/nios2-elf/lib/mno-hw-mul/libc.a(lib_a-dtoa.o)
 .text.quorem   0x00000000000039f4      0x228 /home/heiko/UniZeugs/Lab/altera_lite/15.1/nios2eds/bin/gnu/H-x86_64-pc-linux-gnu/bin/../lib/gcc/nios2-elf/4.9.2/../../../../../H-x86_64-pc-linux-gnu/nios2-elf/lib/mno-hw-mul/libc.a(lib_a-dtoa.o)
 .text._dtoa_r  0x0000000000003c1c     0x1728 /home/heiko/UniZeugs/Lab/altera_lite/15.1/nios2eds/bin/gnu/H-x86_64-pc-linux-gnu/bin/../lib/gcc/nios2-elf/4.9.2/../../../../../H-x86_64-pc-linux-gnu/nios2-elf/lib/mno-hw-mul/libc.a(lib_a-dtoa.o)
                0x0000000000003c1c                _dtoa_r
 .text          0x0000000000005344        0x0 /home/heiko/UniZeugs/Lab/altera_lite/15.1/nios2eds/bin/gnu/H-x86_64-pc-linux-gnu/bin/../lib/gcc/nios2-elf/4.9.2/../../../../../H-x86_64-pc-linux-gnu/nios2-elf/lib/mno-hw-mul/libc.a(lib_a-fflush.o)
 .text.__sflush_r
                0x0000000000005344      0x208 /home/heiko/UniZeugs/Lab/altera_lite/15.1/nios2eds/bin/gnu/H-x86_64-pc-linux-gnu/bin/../lib/gcc/nios2-elf/4.9.2/../../../../../H-x86_64-pc-linux-gnu/nios2-elf/lib/mno-hw-mul/libc.a(lib_a-fflush.o)
                0x0000000000005344                __sflush_r
 .text._fflush_r
                0x000000000000554c       0x5c /home/heiko/UniZeugs/Lab/altera_lite/15.1/nios2eds/bin/gnu/H-x86_64-pc-linux-gnu/bin/../lib/gcc/nios2-elf/4.9.2/../../../../../H-x86_64-pc-linux-gnu/nios2-elf/lib/mno-hw-mul/libc.a(lib_a-fflush.o)
                0x000000000000554c                _fflush_r
 .text.fflush   0x00000000000055a8       0x30 /home/heiko/UniZeugs/Lab/altera_lite/15.1/nios2eds/bin/gnu/H-x86_64-pc-linux-gnu/bin/../lib/gcc/nios2-elf/4.9.2/../../../../../H-x86_64-pc-linux-gnu/nios2-elf/lib/mno-hw-mul/libc.a(lib_a-fflush.o)
                0x00000000000055a8                fflush
 .text          0x00000000000055d8        0x0 /home/heiko/UniZeugs/Lab/altera_lite/15.1/nios2eds/bin/gnu/H-x86_64-pc-linux-gnu/bin/../lib/gcc/nios2-elf/4.9.2/../../../../../H-x86_64-pc-linux-gnu/nios2-elf/lib/mno-hw-mul/libc.a(lib_a-findfp.o)
 .text.__fp_lock
                0x00000000000055d8        0x8 /home/heiko/UniZeugs/Lab/altera_lite/15.1/nios2eds/bin/gnu/H-x86_64-pc-linux-gnu/bin/../lib/gcc/nios2-elf/4.9.2/../../../../../H-x86_64-pc-linux-gnu/nios2-elf/lib/mno-hw-mul/libc.a(lib_a-findfp.o)
 .text.__fp_unlock
                0x00000000000055e0        0x8 /home/heiko/UniZeugs/Lab/altera_lite/15.1/nios2eds/bin/gnu/H-x86_64-pc-linux-gnu/bin/../lib/gcc/nios2-elf/4.9.2/../../../../../H-x86_64-pc-linux-gnu/nios2-elf/lib/mno-hw-mul/libc.a(lib_a-findfp.o)
 .text._cleanup_r
                0x00000000000055e8        0xc /home/heiko/UniZeugs/Lab/altera_lite/15.1/nios2eds/bin/gnu/H-x86_64-pc-linux-gnu/bin/../lib/gcc/nios2-elf/4.9.2/../../../../../H-x86_64-pc-linux-gnu/nios2-elf/lib/mno-hw-mul/libc.a(lib_a-findfp.o)
                0x00000000000055e8                _cleanup_r
 .text.__sinit.part.1
                0x00000000000055f4      0x19c /home/heiko/UniZeugs/Lab/altera_lite/15.1/nios2eds/bin/gnu/H-x86_64-pc-linux-gnu/bin/../lib/gcc/nios2-elf/4.9.2/../../../../../H-x86_64-pc-linux-gnu/nios2-elf/lib/mno-hw-mul/libc.a(lib_a-findfp.o)
 .text.__sfmoreglue
                0x0000000000005790       0x78 /home/heiko/UniZeugs/Lab/altera_lite/15.1/nios2eds/bin/gnu/H-x86_64-pc-linux-gnu/bin/../lib/gcc/nios2-elf/4.9.2/../../../../../H-x86_64-pc-linux-gnu/nios2-elf/lib/mno-hw-mul/libc.a(lib_a-findfp.o)
                0x0000000000005790                __sfmoreglue
 .text.__sfp    0x0000000000005808      0x118 /home/heiko/UniZeugs/Lab/altera_lite/15.1/nios2eds/bin/gnu/H-x86_64-pc-linux-gnu/bin/../lib/gcc/nios2-elf/4.9.2/../../../../../H-x86_64-pc-linux-gnu/nios2-elf/lib/mno-hw-mul/libc.a(lib_a-findfp.o)
                0x0000000000005808                __sfp
 .text._cleanup
                0x0000000000005920       0x18 /home/heiko/UniZeugs/Lab/altera_lite/15.1/nios2eds/bin/gnu/H-x86_64-pc-linux-gnu/bin/../lib/gcc/nios2-elf/4.9.2/../../../../../H-x86_64-pc-linux-gnu/nios2-elf/lib/mno-hw-mul/libc.a(lib_a-findfp.o)
                0x0000000000005920                _cleanup
 .text.__sinit  0x0000000000005938       0x10 /home/heiko/UniZeugs/Lab/altera_lite/15.1/nios2eds/bin/gnu/H-x86_64-pc-linux-gnu/bin/../lib/gcc/nios2-elf/4.9.2/../../../../../H-x86_64-pc-linux-gnu/nios2-elf/lib/mno-hw-mul/libc.a(lib_a-findfp.o)
                0x0000000000005938                __sinit
 .text.__sfp_lock_acquire
                0x0000000000005948        0x4 /home/heiko/UniZeugs/Lab/altera_lite/15.1/nios2eds/bin/gnu/H-x86_64-pc-linux-gnu/bin/../lib/gcc/nios2-elf/4.9.2/../../../../../H-x86_64-pc-linux-gnu/nios2-elf/lib/mno-hw-mul/libc.a(lib_a-findfp.o)
                0x0000000000005948                __sfp_lock_acquire
 .text.__sfp_lock_release
                0x000000000000594c        0x4 /home/heiko/UniZeugs/Lab/altera_lite/15.1/nios2eds/bin/gnu/H-x86_64-pc-linux-gnu/bin/../lib/gcc/nios2-elf/4.9.2/../../../../../H-x86_64-pc-linux-gnu/nios2-elf/lib/mno-hw-mul/libc.a(lib_a-findfp.o)
                0x000000000000594c                __sfp_lock_release
 .text.__sinit_lock_acquire
                0x0000000000005950        0x4 /home/heiko/UniZeugs/Lab/altera_lite/15.1/nios2eds/bin/gnu/H-x86_64-pc-linux-gnu/bin/../lib/gcc/nios2-elf/4.9.2/../../../../../H-x86_64-pc-linux-gnu/nios2-elf/lib/mno-hw-mul/libc.a(lib_a-findfp.o)
                0x0000000000005950                __sinit_lock_acquire
 .text.__sinit_lock_release
                0x0000000000005954        0x4 /home/heiko/UniZeugs/Lab/altera_lite/15.1/nios2eds/bin/gnu/H-x86_64-pc-linux-gnu/bin/../lib/gcc/nios2-elf/4.9.2/../../../../../H-x86_64-pc-linux-gnu/nios2-elf/lib/mno-hw-mul/libc.a(lib_a-findfp.o)
                0x0000000000005954                __sinit_lock_release
 .text.__fp_lock_all
                0x0000000000005958       0x18 /home/heiko/UniZeugs/Lab/altera_lite/15.1/nios2eds/bin/gnu/H-x86_64-pc-linux-gnu/bin/../lib/gcc/nios2-elf/4.9.2/../../../../../H-x86_64-pc-linux-gnu/nios2-elf/lib/mno-hw-mul/libc.a(lib_a-findfp.o)
                0x0000000000005958                __fp_lock_all
 .text.__fp_unlock_all
                0x0000000000005970       0x18 /home/heiko/UniZeugs/Lab/altera_lite/15.1/nios2eds/bin/gnu/H-x86_64-pc-linux-gnu/bin/../lib/gcc/nios2-elf/4.9.2/../../../../../H-x86_64-pc-linux-gnu/nios2-elf/lib/mno-hw-mul/libc.a(lib_a-findfp.o)
                0x0000000000005970                __fp_unlock_all
 .text          0x0000000000005988        0x0 /home/heiko/UniZeugs/Lab/altera_lite/15.1/nios2eds/bin/gnu/H-x86_64-pc-linux-gnu/bin/../lib/gcc/nios2-elf/4.9.2/../../../../../H-x86_64-pc-linux-gnu/nios2-elf/lib/mno-hw-mul/libc.a(lib_a-freer.o)
 .text._malloc_trim_r
                0x0000000000005988      0x124 /home/heiko/UniZeugs/Lab/altera_lite/15.1/nios2eds/bin/gnu/H-x86_64-pc-linux-gnu/bin/../lib/gcc/nios2-elf/4.9.2/../../../../../H-x86_64-pc-linux-gnu/nios2-elf/lib/mno-hw-mul/libc.a(lib_a-freer.o)
                0x0000000000005988                _malloc_trim_r
 .text._free_r  0x0000000000005aac      0x2f0 /home/heiko/UniZeugs/Lab/altera_lite/15.1/nios2eds/bin/gnu/H-x86_64-pc-linux-gnu/bin/../lib/gcc/nios2-elf/4.9.2/../../../../../H-x86_64-pc-linux-gnu/nios2-elf/lib/mno-hw-mul/libc.a(lib_a-freer.o)
                0x0000000000005aac                _free_r
 .text          0x0000000000005d9c        0x0 /home/heiko/UniZeugs/Lab/altera_lite/15.1/nios2eds/bin/gnu/H-x86_64-pc-linux-gnu/bin/../lib/gcc/nios2-elf/4.9.2/../../../../../H-x86_64-pc-linux-gnu/nios2-elf/lib/mno-hw-mul/libc.a(lib_a-fvwrite.o)
 .text.__sfvwrite_r
                0x0000000000005d9c      0x4cc /home/heiko/UniZeugs/Lab/altera_lite/15.1/nios2eds/bin/gnu/H-x86_64-pc-linux-gnu/bin/../lib/gcc/nios2-elf/4.9.2/../../../../../H-x86_64-pc-linux-gnu/nios2-elf/lib/mno-hw-mul/libc.a(lib_a-fvwrite.o)
                0x0000000000005d9c                __sfvwrite_r
 .text          0x0000000000006268        0x0 /home/heiko/UniZeugs/Lab/altera_lite/15.1/nios2eds/bin/gnu/H-x86_64-pc-linux-gnu/bin/../lib/gcc/nios2-elf/4.9.2/../../../../../H-x86_64-pc-linux-gnu/nios2-elf/lib/mno-hw-mul/libc.a(lib_a-fwalk.o)
 .text._fwalk   0x0000000000006268       0xc4 /home/heiko/UniZeugs/Lab/altera_lite/15.1/nios2eds/bin/gnu/H-x86_64-pc-linux-gnu/bin/../lib/gcc/nios2-elf/4.9.2/../../../../../H-x86_64-pc-linux-gnu/nios2-elf/lib/mno-hw-mul/libc.a(lib_a-fwalk.o)
                0x0000000000006268                _fwalk
 .text._fwalk_reent
                0x000000000000632c       0xc4 /home/heiko/UniZeugs/Lab/altera_lite/15.1/nios2eds/bin/gnu/H-x86_64-pc-linux-gnu/bin/../lib/gcc/nios2-elf/4.9.2/../../../../../H-x86_64-pc-linux-gnu/nios2-elf/lib/mno-hw-mul/libc.a(lib_a-fwalk.o)
                0x000000000000632c                _fwalk_reent
 .text          0x00000000000063f0        0x0 /home/heiko/UniZeugs/Lab/altera_lite/15.1/nios2eds/bin/gnu/H-x86_64-pc-linux-gnu/bin/../lib/gcc/nios2-elf/4.9.2/../../../../../H-x86_64-pc-linux-gnu/nios2-elf/lib/mno-hw-mul/libc.a(lib_a-impure.o)
 .text          0x00000000000063f0        0x0 /home/heiko/UniZeugs/Lab/altera_lite/15.1/nios2eds/bin/gnu/H-x86_64-pc-linux-gnu/bin/../lib/gcc/nios2-elf/4.9.2/../../../../../H-x86_64-pc-linux-gnu/nios2-elf/lib/mno-hw-mul/libc.a(lib_a-locale.o)
 .text._setlocale_r
                0x00000000000063f0       0x7c /home/heiko/UniZeugs/Lab/altera_lite/15.1/nios2eds/bin/gnu/H-x86_64-pc-linux-gnu/bin/../lib/gcc/nios2-elf/4.9.2/../../../../../H-x86_64-pc-linux-gnu/nios2-elf/lib/mno-hw-mul/libc.a(lib_a-locale.o)
                0x00000000000063f0                _setlocale_r
 .text.__locale_charset
                0x000000000000646c        0xc /home/heiko/UniZeugs/Lab/altera_lite/15.1/nios2eds/bin/gnu/H-x86_64-pc-linux-gnu/bin/../lib/gcc/nios2-elf/4.9.2/../../../../../H-x86_64-pc-linux-gnu/nios2-elf/lib/mno-hw-mul/libc.a(lib_a-locale.o)
                0x000000000000646c                __locale_charset
 .text.__locale_mb_cur_max
                0x0000000000006478       0x10 /home/heiko/UniZeugs/Lab/altera_lite/15.1/nios2eds/bin/gnu/H-x86_64-pc-linux-gnu/bin/../lib/gcc/nios2-elf/4.9.2/../../../../../H-x86_64-pc-linux-gnu/nios2-elf/lib/mno-hw-mul/libc.a(lib_a-locale.o)
                0x0000000000006478                __locale_mb_cur_max
 .text.__locale_msgcharset
                0x0000000000006488        0xc /home/heiko/UniZeugs/Lab/altera_lite/15.1/nios2eds/bin/gnu/H-x86_64-pc-linux-gnu/bin/../lib/gcc/nios2-elf/4.9.2/../../../../../H-x86_64-pc-linux-gnu/nios2-elf/lib/mno-hw-mul/libc.a(lib_a-locale.o)
                0x0000000000006488                __locale_msgcharset
 .text.__locale_cjk_lang
                0x0000000000006494        0x8 /home/heiko/UniZeugs/Lab/altera_lite/15.1/nios2eds/bin/gnu/H-x86_64-pc-linux-gnu/bin/../lib/gcc/nios2-elf/4.9.2/../../../../../H-x86_64-pc-linux-gnu/nios2-elf/lib/mno-hw-mul/libc.a(lib_a-locale.o)
                0x0000000000006494                __locale_cjk_lang
 .text._localeconv_r
                0x000000000000649c        0xc /home/heiko/UniZeugs/Lab/altera_lite/15.1/nios2eds/bin/gnu/H-x86_64-pc-linux-gnu/bin/../lib/gcc/nios2-elf/4.9.2/../../../../../H-x86_64-pc-linux-gnu/nios2-elf/lib/mno-hw-mul/libc.a(lib_a-locale.o)
                0x000000000000649c                _localeconv_r
 .text.setlocale
                0x00000000000064a8       0x1c /home/heiko/UniZeugs/Lab/altera_lite/15.1/nios2eds/bin/gnu/H-x86_64-pc-linux-gnu/bin/../lib/gcc/nios2-elf/4.9.2/../../../../../H-x86_64-pc-linux-gnu/nios2-elf/lib/mno-hw-mul/libc.a(lib_a-locale.o)
                0x00000000000064a8                setlocale
 .text.localeconv
                0x00000000000064c4        0xc /home/heiko/UniZeugs/Lab/altera_lite/15.1/nios2eds/bin/gnu/H-x86_64-pc-linux-gnu/bin/../lib/gcc/nios2-elf/4.9.2/../../../../../H-x86_64-pc-linux-gnu/nios2-elf/lib/mno-hw-mul/libc.a(lib_a-locale.o)
                0x00000000000064c4                localeconv
 .text          0x00000000000064d0        0x0 /home/heiko/UniZeugs/Lab/altera_lite/15.1/nios2eds/bin/gnu/H-x86_64-pc-linux-gnu/bin/../lib/gcc/nios2-elf/4.9.2/../../../../../H-x86_64-pc-linux-gnu/nios2-elf/lib/mno-hw-mul/libc.a(lib_a-makebuf.o)
 .text.__smakebuf_r
                0x00000000000064d0      0x1b8 /home/heiko/UniZeugs/Lab/altera_lite/15.1/nios2eds/bin/gnu/H-x86_64-pc-linux-gnu/bin/../lib/gcc/nios2-elf/4.9.2/../../../../../H-x86_64-pc-linux-gnu/nios2-elf/lib/mno-hw-mul/libc.a(lib_a-makebuf.o)
                0x00000000000064d0                __smakebuf_r
 .text          0x0000000000006688        0x0 /home/heiko/UniZeugs/Lab/altera_lite/15.1/nios2eds/bin/gnu/H-x86_64-pc-linux-gnu/bin/../lib/gcc/nios2-elf/4.9.2/../../../../../H-x86_64-pc-linux-gnu/nios2-elf/lib/mno-hw-mul/libc.a(lib_a-mallocr.o)
 .text._malloc_r
                0x0000000000006688      0x7a8 /home/heiko/UniZeugs/Lab/altera_lite/15.1/nios2eds/bin/gnu/H-x86_64-pc-linux-gnu/bin/../lib/gcc/nios2-elf/4.9.2/../../../../../H-x86_64-pc-linux-gnu/nios2-elf/lib/mno-hw-mul/libc.a(lib_a-mallocr.o)
                0x0000000000006688                _malloc_r
 .text          0x0000000000006e30        0x0 /home/heiko/UniZeugs/Lab/altera_lite/15.1/nios2eds/bin/gnu/H-x86_64-pc-linux-gnu/bin/../lib/gcc/nios2-elf/4.9.2/../../../../../H-x86_64-pc-linux-gnu/nios2-elf/lib/mno-hw-mul/libc.a(lib_a-memchr.o)
 .text.memchr   0x0000000000006e30       0xe8 /home/heiko/UniZeugs/Lab/altera_lite/15.1/nios2eds/bin/gnu/H-x86_64-pc-linux-gnu/bin/../lib/gcc/nios2-elf/4.9.2/../../../../../H-x86_64-pc-linux-gnu/nios2-elf/lib/mno-hw-mul/libc.a(lib_a-memchr.o)
                0x0000000000006e30                memchr
 .text          0x0000000000006f18        0x0 /home/heiko/UniZeugs/Lab/altera_lite/15.1/nios2eds/bin/gnu/H-x86_64-pc-linux-gnu/bin/../lib/gcc/nios2-elf/4.9.2/../../../../../H-x86_64-pc-linux-gnu/nios2-elf/lib/mno-hw-mul/libc.a(lib_a-memcpy.o)
 .text.memcpy   0x0000000000006f18      0x138 /home/heiko/UniZeugs/Lab/altera_lite/15.1/nios2eds/bin/gnu/H-x86_64-pc-linux-gnu/bin/../lib/gcc/nios2-elf/4.9.2/../../../../../H-x86_64-pc-linux-gnu/nios2-elf/lib/mno-hw-mul/libc.a(lib_a-memcpy.o)
                0x0000000000006f18                memcpy
 .text          0x0000000000007050        0x0 /home/heiko/UniZeugs/Lab/altera_lite/15.1/nios2eds/bin/gnu/H-x86_64-pc-linux-gnu/bin/../lib/gcc/nios2-elf/4.9.2/../../../../../H-x86_64-pc-linux-gnu/nios2-elf/lib/mno-hw-mul/libc.a(lib_a-memmove.o)
 .text.memmove  0x0000000000007050      0x15c /home/heiko/UniZeugs/Lab/altera_lite/15.1/nios2eds/bin/gnu/H-x86_64-pc-linux-gnu/bin/../lib/gcc/nios2-elf/4.9.2/../../../../../H-x86_64-pc-linux-gnu/nios2-elf/lib/mno-hw-mul/libc.a(lib_a-memmove.o)
                0x0000000000007050                memmove
 .text          0x00000000000071ac        0x0 /home/heiko/UniZeugs/Lab/altera_lite/15.1/nios2eds/bin/gnu/H-x86_64-pc-linux-gnu/bin/../lib/gcc/nios2-elf/4.9.2/../../../../../H-x86_64-pc-linux-gnu/nios2-elf/lib/mno-hw-mul/libc.a(lib_a-memset.o)
 .text.memset   0x00000000000071ac      0x124 /home/heiko/UniZeugs/Lab/altera_lite/15.1/nios2eds/bin/gnu/H-x86_64-pc-linux-gnu/bin/../lib/gcc/nios2-elf/4.9.2/../../../../../H-x86_64-pc-linux-gnu/nios2-elf/lib/mno-hw-mul/libc.a(lib_a-memset.o)
                0x00000000000071ac                memset
 .text          0x00000000000072d0        0x0 /home/heiko/UniZeugs/Lab/altera_lite/15.1/nios2eds/bin/gnu/H-x86_64-pc-linux-gnu/bin/../lib/gcc/nios2-elf/4.9.2/../../../../../H-x86_64-pc-linux-gnu/nios2-elf/lib/mno-hw-mul/libc.a(lib_a-mprec.o)
 .text._Balloc  0x00000000000072d0       0xa8 /home/heiko/UniZeugs/Lab/altera_lite/15.1/nios2eds/bin/gnu/H-x86_64-pc-linux-gnu/bin/../lib/gcc/nios2-elf/4.9.2/../../../../../H-x86_64-pc-linux-gnu/nios2-elf/lib/mno-hw-mul/libc.a(lib_a-mprec.o)
                0x00000000000072d0                _Balloc
 .text._Bfree   0x0000000000007378       0x28 /home/heiko/UniZeugs/Lab/altera_lite/15.1/nios2eds/bin/gnu/H-x86_64-pc-linux-gnu/bin/../lib/gcc/nios2-elf/4.9.2/../../../../../H-x86_64-pc-linux-gnu/nios2-elf/lib/mno-hw-mul/libc.a(lib_a-mprec.o)
                0x0000000000007378                _Bfree
 .text.__multadd
                0x00000000000073a0      0x148 /home/heiko/UniZeugs/Lab/altera_lite/15.1/nios2eds/bin/gnu/H-x86_64-pc-linux-gnu/bin/../lib/gcc/nios2-elf/4.9.2/../../../../../H-x86_64-pc-linux-gnu/nios2-elf/lib/mno-hw-mul/libc.a(lib_a-mprec.o)
                0x00000000000073a0                __multadd
 .text.__s2b    0x00000000000074e8      0x104 /home/heiko/UniZeugs/Lab/altera_lite/15.1/nios2eds/bin/gnu/H-x86_64-pc-linux-gnu/bin/../lib/gcc/nios2-elf/4.9.2/../../../../../H-x86_64-pc-linux-gnu/nios2-elf/lib/mno-hw-mul/libc.a(lib_a-mprec.o)
                0x00000000000074e8                __s2b
 .text.__hi0bits
                0x00000000000075ec       0x68 /home/heiko/UniZeugs/Lab/altera_lite/15.1/nios2eds/bin/gnu/H-x86_64-pc-linux-gnu/bin/../lib/gcc/nios2-elf/4.9.2/../../../../../H-x86_64-pc-linux-gnu/nios2-elf/lib/mno-hw-mul/libc.a(lib_a-mprec.o)
                0x00000000000075ec                __hi0bits
 .text.__lo0bits
                0x0000000000007654       0xb0 /home/heiko/UniZeugs/Lab/altera_lite/15.1/nios2eds/bin/gnu/H-x86_64-pc-linux-gnu/bin/../lib/gcc/nios2-elf/4.9.2/../../../../../H-x86_64-pc-linux-gnu/nios2-elf/lib/mno-hw-mul/libc.a(lib_a-mprec.o)
                0x0000000000007654                __lo0bits
 .text.__i2b    0x0000000000007704       0x3c /home/heiko/UniZeugs/Lab/altera_lite/15.1/nios2eds/bin/gnu/H-x86_64-pc-linux-gnu/bin/../lib/gcc/nios2-elf/4.9.2/../../../../../H-x86_64-pc-linux-gnu/nios2-elf/lib/mno-hw-mul/libc.a(lib_a-mprec.o)
                0x0000000000007704                __i2b
 .text.__multiply
                0x0000000000007740      0x290 /home/heiko/UniZeugs/Lab/altera_lite/15.1/nios2eds/bin/gnu/H-x86_64-pc-linux-gnu/bin/../lib/gcc/nios2-elf/4.9.2/../../../../../H-x86_64-pc-linux-gnu/nios2-elf/lib/mno-hw-mul/libc.a(lib_a-mprec.o)
                0x0000000000007740                __multiply
 .text.__pow5mult
                0x00000000000079d0      0x140 /home/heiko/UniZeugs/Lab/altera_lite/15.1/nios2eds/bin/gnu/H-x86_64-pc-linux-gnu/bin/../lib/gcc/nios2-elf/4.9.2/../../../../../H-x86_64-pc-linux-gnu/nios2-elf/lib/mno-hw-mul/libc.a(lib_a-mprec.o)
                0x00000000000079d0                __pow5mult
 .text.__lshift
                0x0000000000007b10      0x150 /home/heiko/UniZeugs/Lab/altera_lite/15.1/nios2eds/bin/gnu/H-x86_64-pc-linux-gnu/bin/../lib/gcc/nios2-elf/4.9.2/../../../../../H-x86_64-pc-linux-gnu/nios2-elf/lib/mno-hw-mul/libc.a(lib_a-mprec.o)
                0x0000000000007b10                __lshift
 .text.__mcmp   0x0000000000007c60       0x60 /home/heiko/UniZeugs/Lab/altera_lite/15.1/nios2eds/bin/gnu/H-x86_64-pc-linux-gnu/bin/../lib/gcc/nios2-elf/4.9.2/../../../../../H-x86_64-pc-linux-gnu/nios2-elf/lib/mno-hw-mul/libc.a(lib_a-mprec.o)
                0x0000000000007c60                __mcmp
 .text.__mdiff  0x0000000000007cc0      0x198 /home/heiko/UniZeugs/Lab/altera_lite/15.1/nios2eds/bin/gnu/H-x86_64-pc-linux-gnu/bin/../lib/gcc/nios2-elf/4.9.2/../../../../../H-x86_64-pc-linux-gnu/nios2-elf/lib/mno-hw-mul/libc.a(lib_a-mprec.o)
                0x0000000000007cc0                __mdiff
 .text.__ulp    0x0000000000007e58       0x60 /home/heiko/UniZeugs/Lab/altera_lite/15.1/nios2eds/bin/gnu/H-x86_64-pc-linux-gnu/bin/../lib/gcc/nios2-elf/4.9.2/../../../../../H-x86_64-pc-linux-gnu/nios2-elf/lib/mno-hw-mul/libc.a(lib_a-mprec.o)
                0x0000000000007e58                __ulp
 .text.__b2d    0x0000000000007eb8      0x11c /home/heiko/UniZeugs/Lab/altera_lite/15.1/nios2eds/bin/gnu/H-x86_64-pc-linux-gnu/bin/../lib/gcc/nios2-elf/4.9.2/../../../../../H-x86_64-pc-linux-gnu/nios2-elf/lib/mno-hw-mul/libc.a(lib_a-mprec.o)
                0x0000000000007eb8                __b2d
 .text.__d2b    0x0000000000007fd4      0x13c /home/heiko/UniZeugs/Lab/altera_lite/15.1/nios2eds/bin/gnu/H-x86_64-pc-linux-gnu/bin/../lib/gcc/nios2-elf/4.9.2/../../../../../H-x86_64-pc-linux-gnu/nios2-elf/lib/mno-hw-mul/libc.a(lib_a-mprec.o)
                0x0000000000007fd4                __d2b
 .text.__ratio  0x0000000000008110       0xa4 /home/heiko/UniZeugs/Lab/altera_lite/15.1/nios2eds/bin/gnu/H-x86_64-pc-linux-gnu/bin/../lib/gcc/nios2-elf/4.9.2/../../../../../H-x86_64-pc-linux-gnu/nios2-elf/lib/mno-hw-mul/libc.a(lib_a-mprec.o)
                0x0000000000008110                __ratio
 .text._mprec_log10
                0x00000000000081b4       0x74 /home/heiko/UniZeugs/Lab/altera_lite/15.1/nios2eds/bin/gnu/H-x86_64-pc-linux-gnu/bin/../lib/gcc/nios2-elf/4.9.2/../../../../../H-x86_64-pc-linux-gnu/nios2-elf/lib/mno-hw-mul/libc.a(lib_a-mprec.o)
                0x00000000000081b4                _mprec_log10
 .text.__copybits
                0x0000000000008228       0x78 /home/heiko/UniZeugs/Lab/altera_lite/15.1/nios2eds/bin/gnu/H-x86_64-pc-linux-gnu/bin/../lib/gcc/nios2-elf/4.9.2/../../../../../H-x86_64-pc-linux-gnu/nios2-elf/lib/mno-hw-mul/libc.a(lib_a-mprec.o)
                0x0000000000008228                __copybits
 .text.__any_on
                0x00000000000082a0       0x8c /home/heiko/UniZeugs/Lab/altera_lite/15.1/nios2eds/bin/gnu/H-x86_64-pc-linux-gnu/bin/../lib/gcc/nios2-elf/4.9.2/../../../../../H-x86_64-pc-linux-gnu/nios2-elf/lib/mno-hw-mul/libc.a(lib_a-mprec.o)
                0x00000000000082a0                __any_on
 .text          0x000000000000832c        0x0 /home/heiko/UniZeugs/Lab/altera_lite/15.1/nios2eds/bin/gnu/H-x86_64-pc-linux-gnu/bin/../lib/gcc/nios2-elf/4.9.2/../../../../../H-x86_64-pc-linux-gnu/nios2-elf/lib/mno-hw-mul/libc.a(lib_a-reallocr.o)
 .text._realloc_r
                0x000000000000832c      0x568 /home/heiko/UniZeugs/Lab/altera_lite/15.1/nios2eds/bin/gnu/H-x86_64-pc-linux-gnu/bin/../lib/gcc/nios2-elf/4.9.2/../../../../../H-x86_64-pc-linux-gnu/nios2-elf/lib/mno-hw-mul/libc.a(lib_a-reallocr.o)
                0x000000000000832c                _realloc_r
 .text          0x0000000000008894        0x0 /home/heiko/UniZeugs/Lab/altera_lite/15.1/nios2eds/bin/gnu/H-x86_64-pc-linux-gnu/bin/../lib/gcc/nios2-elf/4.9.2/../../../../../H-x86_64-pc-linux-gnu/nios2-elf/lib/mno-hw-mul/libc.a(lib_a-s_fpclassify.o)
 .text.__fpclassifyd
                0x0000000000008894       0x74 /home/heiko/UniZeugs/Lab/altera_lite/15.1/nios2eds/bin/gnu/H-x86_64-pc-linux-gnu/bin/../lib/gcc/nios2-elf/4.9.2/../../../../../H-x86_64-pc-linux-gnu/nios2-elf/lib/mno-hw-mul/libc.a(lib_a-s_fpclassify.o)
                0x0000000000008894                __fpclassifyd
 .text          0x0000000000008908        0x0 /home/heiko/UniZeugs/Lab/altera_lite/15.1/nios2eds/bin/gnu/H-x86_64-pc-linux-gnu/bin/../lib/gcc/nios2-elf/4.9.2/../../../../../H-x86_64-pc-linux-gnu/nios2-elf/lib/mno-hw-mul/libc.a(lib_a-sbrkr.o)
 .text._sbrk_r  0x0000000000008908       0x54 /home/heiko/UniZeugs/Lab/altera_lite/15.1/nios2eds/bin/gnu/H-x86_64-pc-linux-gnu/bin/../lib/gcc/nios2-elf/4.9.2/../../../../../H-x86_64-pc-linux-gnu/nios2-elf/lib/mno-hw-mul/libc.a(lib_a-sbrkr.o)
                0x0000000000008908                _sbrk_r
 .text          0x000000000000895c        0x0 /home/heiko/UniZeugs/Lab/altera_lite/15.1/nios2eds/bin/gnu/H-x86_64-pc-linux-gnu/bin/../lib/gcc/nios2-elf/4.9.2/../../../../../H-x86_64-pc-linux-gnu/nios2-elf/lib/mno-hw-mul/libc.a(lib_a-stdio.o)
 .text.__sread  0x000000000000895c       0x54 /home/heiko/UniZeugs/Lab/altera_lite/15.1/nios2eds/bin/gnu/H-x86_64-pc-linux-gnu/bin/../lib/gcc/nios2-elf/4.9.2/../../../../../H-x86_64-pc-linux-gnu/nios2-elf/lib/mno-hw-mul/libc.a(lib_a-stdio.o)
                0x000000000000895c                __sread
 .text.__seofread
                0x00000000000089b0        0x8 /home/heiko/UniZeugs/Lab/altera_lite/15.1/nios2eds/bin/gnu/H-x86_64-pc-linux-gnu/bin/../lib/gcc/nios2-elf/4.9.2/../../../../../H-x86_64-pc-linux-gnu/nios2-elf/lib/mno-hw-mul/libc.a(lib_a-stdio.o)
                0x00000000000089b0                __seofread
 .text.__swrite
                0x00000000000089b8       0x7c /home/heiko/UniZeugs/Lab/altera_lite/15.1/nios2eds/bin/gnu/H-x86_64-pc-linux-gnu/bin/../lib/gcc/nios2-elf/4.9.2/../../../../../H-x86_64-pc-linux-gnu/nios2-elf/lib/mno-hw-mul/libc.a(lib_a-stdio.o)
                0x00000000000089b8                __swrite
 .text.__sseek  0x0000000000008a34       0x5c /home/heiko/UniZeugs/Lab/altera_lite/15.1/nios2eds/bin/gnu/H-x86_64-pc-linux-gnu/bin/../lib/gcc/nios2-elf/4.9.2/../../../../../H-x86_64-pc-linux-gnu/nios2-elf/lib/mno-hw-mul/libc.a(lib_a-stdio.o)
                0x0000000000008a34                __sseek
 .text.__sclose
                0x0000000000008a90        0x8 /home/heiko/UniZeugs/Lab/altera_lite/15.1/nios2eds/bin/gnu/H-x86_64-pc-linux-gnu/bin/../lib/gcc/nios2-elf/4.9.2/../../../../../H-x86_64-pc-linux-gnu/nios2-elf/lib/mno-hw-mul/libc.a(lib_a-stdio.o)
                0x0000000000008a90                __sclose
 .text          0x0000000000008a98        0x0 /home/heiko/UniZeugs/Lab/altera_lite/15.1/nios2eds/bin/gnu/H-x86_64-pc-linux-gnu/bin/../lib/gcc/nios2-elf/4.9.2/../../../../../H-x86_64-pc-linux-gnu/nios2-elf/lib/mno-hw-mul/libc.a(lib_a-strcmp.o)
 .text.strcmp   0x0000000000008a98       0xa4 /home/heiko/UniZeugs/Lab/altera_lite/15.1/nios2eds/bin/gnu/H-x86_64-pc-linux-gnu/bin/../lib/gcc/nios2-elf/4.9.2/../../../../../H-x86_64-pc-linux-gnu/nios2-elf/lib/mno-hw-mul/libc.a(lib_a-strcmp.o)
                0x0000000000008a98                strcmp
 .text          0x0000000000008b3c        0x0 /home/heiko/UniZeugs/Lab/altera_lite/15.1/nios2eds/bin/gnu/H-x86_64-pc-linux-gnu/bin/../lib/gcc/nios2-elf/4.9.2/../../../../../H-x86_64-pc-linux-gnu/nios2-elf/lib/mno-hw-mul/libc.a(lib_a-vfiprintf.o)
 .text.__sprint_r.part.0
                0x0000000000008b3c       0xfc /home/heiko/UniZeugs/Lab/altera_lite/15.1/nios2eds/bin/gnu/H-x86_64-pc-linux-gnu/bin/../lib/gcc/nios2-elf/4.9.2/../../../../../H-x86_64-pc-linux-gnu/nios2-elf/lib/mno-hw-mul/libc.a(lib_a-vfiprintf.o)
 .text.__sprint_r
                0x0000000000008c38       0x18 /home/heiko/UniZeugs/Lab/altera_lite/15.1/nios2eds/bin/gnu/H-x86_64-pc-linux-gnu/bin/../lib/gcc/nios2-elf/4.9.2/../../../../../H-x86_64-pc-linux-gnu/nios2-elf/lib/mno-hw-mul/libc.a(lib_a-vfiprintf.o)
                0x0000000000008c38                __sprint_r
 .text.___vfiprintf_internal_r
                0x0000000000008c50     0x12f0 /home/heiko/UniZeugs/Lab/altera_lite/15.1/nios2eds/bin/gnu/H-x86_64-pc-linux-gnu/bin/../lib/gcc/nios2-elf/4.9.2/../../../../../H-x86_64-pc-linux-gnu/nios2-elf/lib/mno-hw-mul/libc.a(lib_a-vfiprintf.o)
                0x0000000000008c50                ___vfiprintf_internal_r
 .text.__vfiprintf_internal
                0x0000000000009f40       0x24 /home/heiko/UniZeugs/Lab/altera_lite/15.1/nios2eds/bin/gnu/H-x86_64-pc-linux-gnu/bin/../lib/gcc/nios2-elf/4.9.2/../../../../../H-x86_64-pc-linux-gnu/nios2-elf/lib/mno-hw-mul/libc.a(lib_a-vfiprintf.o)
                0x0000000000009f40                __vfiprintf_internal
 .text.__sbprintf
                0x0000000000009f64       0xbc /home/heiko/UniZeugs/Lab/altera_lite/15.1/nios2eds/bin/gnu/H-x86_64-pc-linux-gnu/bin/../lib/gcc/nios2-elf/4.9.2/../../../../../H-x86_64-pc-linux-gnu/nios2-elf/lib/mno-hw-mul/libc.a(lib_a-vfiprintf.o)
 .text          0x000000000000a020        0x0 /home/heiko/UniZeugs/Lab/altera_lite/15.1/nios2eds/bin/gnu/H-x86_64-pc-linux-gnu/bin/../lib/gcc/nios2-elf/4.9.2/../../../../../H-x86_64-pc-linux-gnu/nios2-elf/lib/mno-hw-mul/libc.a(lib_a-writer.o)
 .text._write_r
                0x000000000000a020       0x5c /home/heiko/UniZeugs/Lab/altera_lite/15.1/nios2eds/bin/gnu/H-x86_64-pc-linux-gnu/bin/../lib/gcc/nios2-elf/4.9.2/../../../../../H-x86_64-pc-linux-gnu/nios2-elf/lib/mno-hw-mul/libc.a(lib_a-writer.o)
                0x000000000000a020                _write_r
 .text          0x000000000000a07c        0x0 /home/heiko/UniZeugs/Lab/altera_lite/15.1/nios2eds/bin/gnu/H-x86_64-pc-linux-gnu/bin/../lib/gcc/nios2-elf/4.9.2/../../../../../H-x86_64-pc-linux-gnu/nios2-elf/lib/mno-hw-mul/libc.a(closer.o)
 .text._close_r
                0x000000000000a07c       0x54 /home/heiko/UniZeugs/Lab/altera_lite/15.1/nios2eds/bin/gnu/H-x86_64-pc-linux-gnu/bin/../lib/gcc/nios2-elf/4.9.2/../../../../../H-x86_64-pc-linux-gnu/nios2-elf/lib/mno-hw-mul/libc.a(closer.o)
                0x000000000000a07c                _close_r
 .text          0x000000000000a0d0        0x0 /home/heiko/UniZeugs/Lab/altera_lite/15.1/nios2eds/bin/gnu/H-x86_64-pc-linux-gnu/bin/../lib/gcc/nios2-elf/4.9.2/../../../../../H-x86_64-pc-linux-gnu/nios2-elf/lib/mno-hw-mul/libc.a(lib_a-callocr.o)
 .text._calloc_r
                0x000000000000a0d0       0xd8 /home/heiko/UniZeugs/Lab/altera_lite/15.1/nios2eds/bin/gnu/H-x86_64-pc-linux-gnu/bin/../lib/gcc/nios2-elf/4.9.2/../../../../../H-x86_64-pc-linux-gnu/nios2-elf/lib/mno-hw-mul/libc.a(lib_a-callocr.o)
                0x000000000000a0d0                _calloc_r
 .text          0x000000000000a1a8        0x0 /home/heiko/UniZeugs/Lab/altera_lite/15.1/nios2eds/bin/gnu/H-x86_64-pc-linux-gnu/bin/../lib/gcc/nios2-elf/4.9.2/../../../../../H-x86_64-pc-linux-gnu/nios2-elf/lib/mno-hw-mul/libc.a(lib_a-fclose.o)
 .text._fclose_r
                0x000000000000a1a8       0xf0 /home/heiko/UniZeugs/Lab/altera_lite/15.1/nios2eds/bin/gnu/H-x86_64-pc-linux-gnu/bin/../lib/gcc/nios2-elf/4.9.2/../../../../../H-x86_64-pc-linux-gnu/nios2-elf/lib/mno-hw-mul/libc.a(lib_a-fclose.o)
                0x000000000000a1a8                _fclose_r
 .text.fclose   0x000000000000a298       0x14 /home/heiko/UniZeugs/Lab/altera_lite/15.1/nios2eds/bin/gnu/H-x86_64-pc-linux-gnu/bin/../lib/gcc/nios2-elf/4.9.2/../../../../../H-x86_64-pc-linux-gnu/nios2-elf/lib/mno-hw-mul/libc.a(lib_a-fclose.o)
                0x000000000000a298                fclose
 .text          0x000000000000a2ac        0x0 /home/heiko/UniZeugs/Lab/altera_lite/15.1/nios2eds/bin/gnu/H-x86_64-pc-linux-gnu/bin/../lib/gcc/nios2-elf/4.9.2/../../../../../H-x86_64-pc-linux-gnu/nios2-elf/lib/mno-hw-mul/libc.a(lib_a-fputwc.o)
 .text._fputwc_r
                0x000000000000a2ac      0x184 /home/heiko/UniZeugs/Lab/altera_lite/15.1/nios2eds/bin/gnu/H-x86_64-pc-linux-gnu/bin/../lib/gcc/nios2-elf/4.9.2/../../../../../H-x86_64-pc-linux-gnu/nios2-elf/lib/mno-hw-mul/libc.a(lib_a-fputwc.o)
                0x000000000000a2ac                _fputwc_r
 .text.fputwc   0x000000000000a430       0x5c /home/heiko/UniZeugs/Lab/altera_lite/15.1/nios2eds/bin/gnu/H-x86_64-pc-linux-gnu/bin/../lib/gcc/nios2-elf/4.9.2/../../../../../H-x86_64-pc-linux-gnu/nios2-elf/lib/mno-hw-mul/libc.a(lib_a-fputwc.o)
                0x000000000000a430                fputwc
 .text          0x000000000000a48c        0x0 /home/heiko/UniZeugs/Lab/altera_lite/15.1/nios2eds/bin/gnu/H-x86_64-pc-linux-gnu/bin/../lib/gcc/nios2-elf/4.9.2/../../../../../H-x86_64-pc-linux-gnu/nios2-elf/lib/mno-hw-mul/libc.a(lib_a-fstatr.o)
 .text._fstat_r
                0x000000000000a48c       0x58 /home/heiko/UniZeugs/Lab/altera_lite/15.1/nios2eds/bin/gnu/H-x86_64-pc-linux-gnu/bin/../lib/gcc/nios2-elf/4.9.2/../../../../../H-x86_64-pc-linux-gnu/nios2-elf/lib/mno-hw-mul/libc.a(lib_a-fstatr.o)
                0x000000000000a48c                _fstat_r
 .text          0x000000000000a4e4        0x0 /home/heiko/UniZeugs/Lab/altera_lite/15.1/nios2eds/bin/gnu/H-x86_64-pc-linux-gnu/bin/../lib/gcc/nios2-elf/4.9.2/../../../../../H-x86_64-pc-linux-gnu/nios2-elf/lib/mno-hw-mul/libc.a(lib_a-int_errno.o)
 .text          0x000000000000a4e4        0x0 /home/heiko/UniZeugs/Lab/altera_lite/15.1/nios2eds/bin/gnu/H-x86_64-pc-linux-gnu/bin/../lib/gcc/nios2-elf/4.9.2/../../../../../H-x86_64-pc-linux-gnu/nios2-elf/lib/mno-hw-mul/libc.a(lib_a-isattyr.o)
 .text._isatty_r
                0x000000000000a4e4       0x54 /home/heiko/UniZeugs/Lab/altera_lite/15.1/nios2eds/bin/gnu/H-x86_64-pc-linux-gnu/bin/../lib/gcc/nios2-elf/4.9.2/../../../../../H-x86_64-pc-linux-gnu/nios2-elf/lib/mno-hw-mul/libc.a(lib_a-isattyr.o)
                0x000000000000a4e4                _isatty_r
 .text          0x000000000000a538        0x0 /home/heiko/UniZeugs/Lab/altera_lite/15.1/nios2eds/bin/gnu/H-x86_64-pc-linux-gnu/bin/../lib/gcc/nios2-elf/4.9.2/../../../../../H-x86_64-pc-linux-gnu/nios2-elf/lib/mno-hw-mul/libc.a(lib_a-lseekr.o)
 .text._lseek_r
                0x000000000000a538       0x5c /home/heiko/UniZeugs/Lab/altera_lite/15.1/nios2eds/bin/gnu/H-x86_64-pc-linux-gnu/bin/../lib/gcc/nios2-elf/4.9.2/../../../../../H-x86_64-pc-linux-gnu/nios2-elf/lib/mno-hw-mul/libc.a(lib_a-lseekr.o)
                0x000000000000a538                _lseek_r
 .text          0x000000000000a594        0x0 /home/heiko/UniZeugs/Lab/altera_lite/15.1/nios2eds/bin/gnu/H-x86_64-pc-linux-gnu/bin/../lib/gcc/nios2-elf/4.9.2/../../../../../H-x86_64-pc-linux-gnu/nios2-elf/lib/mno-hw-mul/libc.a(lib_a-readr.o)
 .text._read_r  0x000000000000a594       0x5c /home/heiko/UniZeugs/Lab/altera_lite/15.1/nios2eds/bin/gnu/H-x86_64-pc-linux-gnu/bin/../lib/gcc/nios2-elf/4.9.2/../../../../../H-x86_64-pc-linux-gnu/nios2-elf/lib/mno-hw-mul/libc.a(lib_a-readr.o)
                0x000000000000a594                _read_r
 .text          0x000000000000a5f0        0x0 /home/heiko/UniZeugs/Lab/altera_lite/15.1/nios2eds/bin/gnu/H-x86_64-pc-linux-gnu/bin/../lib/gcc/nios2-elf/4.9.2/../../../../../H-x86_64-pc-linux-gnu/nios2-elf/lib/mno-hw-mul/libc.a(lib_a-wbuf.o)
 .text.__swbuf_r
                0x000000000000a5f0      0x138 /home/heiko/UniZeugs/Lab/altera_lite/15.1/nios2eds/bin/gnu/H-x86_64-pc-linux-gnu/bin/../lib/gcc/nios2-elf/4.9.2/../../../../../H-x86_64-pc-linux-gnu/nios2-elf/lib/mno-hw-mul/libc.a(lib_a-wbuf.o)
                0x000000000000a5f0                __swbuf_r
 .text.__swbuf  0x000000000000a728       0x1c /home/heiko/UniZeugs/Lab/altera_lite/15.1/nios2eds/bin/gnu/H-x86_64-pc-linux-gnu/bin/../lib/gcc/nios2-elf/4.9.2/../../../../../H-x86_64-pc-linux-gnu/nios2-elf/lib/mno-hw-mul/libc.a(lib_a-wbuf.o)
                0x000000000000a728                __swbuf
 .text          0x000000000000a744        0x0 /home/heiko/UniZeugs/Lab/altera_lite/15.1/nios2eds/bin/gnu/H-x86_64-pc-linux-gnu/bin/../lib/gcc/nios2-elf/4.9.2/../../../../../H-x86_64-pc-linux-gnu/nios2-elf/lib/mno-hw-mul/libc.a(lib_a-wcrtomb.o)
 .text._wcrtomb_r
                0x000000000000a744       0x9c /home/heiko/UniZeugs/Lab/altera_lite/15.1/nios2eds/bin/gnu/H-x86_64-pc-linux-gnu/bin/../lib/gcc/nios2-elf/4.9.2/../../../../../H-x86_64-pc-linux-gnu/nios2-elf/lib/mno-hw-mul/libc.a(lib_a-wcrtomb.o)
                0x000000000000a744                _wcrtomb_r
 .text.wcrtomb  0x000000000000a7e0       0xc0 /home/heiko/UniZeugs/Lab/altera_lite/15.1/nios2eds/bin/gnu/H-x86_64-pc-linux-gnu/bin/../lib/gcc/nios2-elf/4.9.2/../../../../../H-x86_64-pc-linux-gnu/nios2-elf/lib/mno-hw-mul/libc.a(lib_a-wcrtomb.o)
                0x000000000000a7e0                wcrtomb
 .text          0x000000000000a8a0        0x0 /home/heiko/UniZeugs/Lab/altera_lite/15.1/nios2eds/bin/gnu/H-x86_64-pc-linux-gnu/bin/../lib/gcc/nios2-elf/4.9.2/../../../../../H-x86_64-pc-linux-gnu/nios2-elf/lib/mno-hw-mul/libc.a(lib_a-wctomb_r.o)
 .text.__ascii_wctomb
                0x000000000000a8a0       0x30 /home/heiko/UniZeugs/Lab/altera_lite/15.1/nios2eds/bin/gnu/H-x86_64-pc-linux-gnu/bin/../lib/gcc/nios2-elf/4.9.2/../../../../../H-x86_64-pc-linux-gnu/nios2-elf/lib/mno-hw-mul/libc.a(lib_a-wctomb_r.o)
                0x000000000000a8a0                __ascii_wctomb
 .text._wctomb_r
                0x000000000000a8d0       0x5c /home/heiko/UniZeugs/Lab/altera_lite/15.1/nios2eds/bin/gnu/H-x86_64-pc-linux-gnu/bin/../lib/gcc/nios2-elf/4.9.2/../../../../../H-x86_64-pc-linux-gnu/nios2-elf/lib/mno-hw-mul/libc.a(lib_a-wctomb_r.o)
                0x000000000000a8d0                _wctomb_r
 .text          0x000000000000a92c      0x640 /home/heiko/UniZeugs/Lab/altera_lite/15.1/nios2eds/bin/gnu/H-x86_64-pc-linux-gnu/bin/../lib/gcc/nios2-elf/4.9.2/mno-hw-mul/libgcc.a(_udivdi3.o)
                0x000000000000a92c                __udivdi3
 .text          0x000000000000af6c      0x61c /home/heiko/UniZeugs/Lab/altera_lite/15.1/nios2eds/bin/gnu/H-x86_64-pc-linux-gnu/bin/../lib/gcc/nios2-elf/4.9.2/mno-hw-mul/libgcc.a(_umoddi3.o)
                0x000000000000af6c                __umoddi3
 .text          0x000000000000b588      0x12c /home/heiko/UniZeugs/Lab/altera_lite/15.1/nios2eds/bin/gnu/H-x86_64-pc-linux-gnu/bin/../lib/gcc/nios2-elf/4.9.2/mno-hw-mul/libgcc.a(lib2-divmod.o)
                0x000000000000b5f4                __divsi3
                0x000000000000b648                __modsi3
                0x000000000000b6a4                __udivsi3
                0x000000000000b6ac                __umodsi3
 .text          0x000000000000b6b4      0x89c /home/heiko/UniZeugs/Lab/altera_lite/15.1/nios2eds/bin/gnu/H-x86_64-pc-linux-gnu/bin/../lib/gcc/nios2-elf/4.9.2/mno-hw-mul/libgcc.a(adddf3.o)
                0x000000000000b6b4                __adddf3
 .text          0x000000000000bf50      0x980 /home/heiko/UniZeugs/Lab/altera_lite/15.1/nios2eds/bin/gnu/H-x86_64-pc-linux-gnu/bin/../lib/gcc/nios2-elf/4.9.2/mno-hw-mul/libgcc.a(divdf3.o)
                0x000000000000bf50                __divdf3
 .text          0x000000000000c8d0       0x84 /home/heiko/UniZeugs/Lab/altera_lite/15.1/nios2eds/bin/gnu/H-x86_64-pc-linux-gnu/bin/../lib/gcc/nios2-elf/4.9.2/mno-hw-mul/libgcc.a(eqdf2.o)
                0x000000000000c8d0                __eqdf2
                0x000000000000c8d0                __nedf2
 .text          0x000000000000c954       0xe0 /home/heiko/UniZeugs/Lab/altera_lite/15.1/nios2eds/bin/gnu/H-x86_64-pc-linux-gnu/bin/../lib/gcc/nios2-elf/4.9.2/mno-hw-mul/libgcc.a(gedf2.o)
                0x000000000000c954                __gtdf2
                0x000000000000c954                __gedf2
 .text          0x000000000000ca34       0xe0 /home/heiko/UniZeugs/Lab/altera_lite/15.1/nios2eds/bin/gnu/H-x86_64-pc-linux-gnu/bin/../lib/gcc/nios2-elf/4.9.2/mno-hw-mul/libgcc.a(ledf2.o)
                0x000000000000ca34                __ltdf2
                0x000000000000ca34                __ledf2
 .text          0x000000000000cb14      0x86c /home/heiko/UniZeugs/Lab/altera_lite/15.1/nios2eds/bin/gnu/H-x86_64-pc-linux-gnu/bin/../lib/gcc/nios2-elf/4.9.2/mno-hw-mul/libgcc.a(muldf3.o)
                0x000000000000cb14                __muldf3
 .text          0x000000000000d380      0x8d0 /home/heiko/UniZeugs/Lab/altera_lite/15.1/nios2eds/bin/gnu/H-x86_64-pc-linux-gnu/bin/../lib/gcc/nios2-elf/4.9.2/mno-hw-mul/libgcc.a(subdf3.o)
                0x000000000000d380                __subdf3
 .text          0x000000000000dc50       0x88 /home/heiko/UniZeugs/Lab/altera_lite/15.1/nios2eds/bin/gnu/H-x86_64-pc-linux-gnu/bin/../lib/gcc/nios2-elf/4.9.2/mno-hw-mul/libgcc.a(fixdfsi.o)
                0x000000000000dc50                __fixdfsi
 .text          0x000000000000dcd8       0xd0 /home/heiko/UniZeugs/Lab/altera_lite/15.1/nios2eds/bin/gnu/H-x86_64-pc-linux-gnu/bin/../lib/gcc/nios2-elf/4.9.2/mno-hw-mul/libgcc.a(floatsidf.o)
                0x000000000000dcd8                __floatsidf
 .text          0x000000000000dda8       0xa4 /home/heiko/UniZeugs/Lab/altera_lite/15.1/nios2eds/bin/gnu/H-x86_64-pc-linux-gnu/bin/../lib/gcc/nios2-elf/4.9.2/mno-hw-mul/libgcc.a(floatunsidf.o)
                0x000000000000dda8                __floatunsidf
 .text          0x000000000000de4c      0x128 ../test_bsp//libhal_bsp.a(alt_close.o)
                0x000000000000de9c                close
 .text          0x000000000000df74       0x2c ../test_bsp//libhal_bsp.a(alt_dev.o)
 .text          0x000000000000dfa0        0x0 ../test_bsp//libhal_bsp.a(alt_errno.o)
 .text          0x000000000000dfa0      0x108 ../test_bsp//libhal_bsp.a(alt_fstat.o)
                0x000000000000dff0                fstat
 .text          0x000000000000e0a8       0xfc ../test_bsp//libhal_bsp.a(alt_isatty.o)
                0x000000000000e0f8                isatty
 .text          0x000000000000e1a4      0x12c ../test_bsp//libhal_bsp.a(alt_lseek.o)
                0x000000000000e1f4                lseek
 .text          0x000000000000e2d0       0x78 ../test_bsp//libhal_bsp.a(alt_main.o)
                0x000000000000e2d0                alt_main
 .text          0x000000000000e348       0x40 ../test_bsp//libhal_bsp.a(alt_malloc_lock.o)
                0x000000000000e348                __malloc_lock
                0x000000000000e368                __malloc_unlock
 .text          0x000000000000e388      0x154 ../test_bsp//libhal_bsp.a(alt_read.o)
                0x000000000000e3d8                read
 .text          0x000000000000e4dc       0x80 ../test_bsp//libhal_bsp.a(alt_release_fd.o)
                0x000000000000e4dc                alt_release_fd
 .text          0x000000000000e55c       0xb0 ../test_bsp//libhal_bsp.a(alt_sbrk.o)
                0x000000000000e55c                sbrk
 .text          0x000000000000e60c      0x150 ../test_bsp//libhal_bsp.a(alt_write.o)
                0x000000000000e65c                write
 .text          0x000000000000e75c      0x184 ../test_bsp//libhal_bsp.a(alt_sys_init.o)
                0x000000000000e794                alt_irq_init
                0x000000000000e7c8                alt_sys_init
 .text          0x000000000000e8e0      0xaf8 ../test_bsp//libhal_bsp.a(altera_avalon_epcs_flash_controller.o)
                0x000000000000e918                alt_epcs_flash_init
                0x000000000000ee4c                alt_epcs_flash_write
                0x000000000000f0ac                alt_epcs_flash_get_info
                0x000000000000f1cc                alt_epcs_flash_erase_block
                0x000000000000f240                alt_epcs_flash_write_block
                0x000000000000f340                alt_epcs_flash_read
 .text          0x000000000000f3d8      0x164 ../test_bsp//libhal_bsp.a(altera_avalon_jtag_uart_fd.o)
                0x000000000000f3d8                altera_avalon_jtag_uart_read_fd
                0x000000000000f438                altera_avalon_jtag_uart_write_fd
                0x000000000000f498                altera_avalon_jtag_uart_close_fd
                0x000000000000f4e8                altera_avalon_jtag_uart_ioctl_fd
 .text          0x000000000000f53c      0x3d8 ../test_bsp//libhal_bsp.a(altera_avalon_jtag_uart_init.o)
                0x000000000000f53c                altera_avalon_jtag_uart_init
                0x000000000000f8ac                altera_avalon_jtag_uart_close
 .text          0x000000000000f914       0xec ../test_bsp//libhal_bsp.a(altera_avalon_jtag_uart_ioctl.o)
                0x000000000000f914                altera_avalon_jtag_uart_ioctl
 .text          0x000000000000fa00      0x20c ../test_bsp//libhal_bsp.a(altera_avalon_jtag_uart_read.o)
                0x000000000000fa00                altera_avalon_jtag_uart_read
 .text          0x000000000000fc0c      0x218 ../test_bsp//libhal_bsp.a(altera_avalon_jtag_uart_write.o)
                0x000000000000fc0c                altera_avalon_jtag_uart_write
 .text          0x000000000000fe24       0xfc ../test_bsp//libhal_bsp.a(altera_avalon_timer_sc.o)
                0x000000000000fe98                alt_avalon_timer_sc_init
 .text          0x000000000000ff20      0x110 ../test_bsp//libhal_bsp.a(altera_avalon_uart_fd.o)
                0x000000000000ff20                altera_avalon_uart_read_fd
                0x000000000000ff80                altera_avalon_uart_write_fd
                0x000000000000ffe0                altera_avalon_uart_close_fd
 .text          0x0000000000010030      0x3b8 ../test_bsp//libhal_bsp.a(altera_avalon_uart_init.o)
                0x0000000000010030                altera_avalon_uart_init
                0x0000000000010394                altera_avalon_uart_close
 .text          0x00000000000103e8      0x22c ../test_bsp//libhal_bsp.a(altera_avalon_uart_read.o)
                0x0000000000010438                altera_avalon_uart_read
 .text          0x0000000000010614      0x1fc ../test_bsp//libhal_bsp.a(altera_avalon_uart_write.o)
                0x0000000000010664                altera_avalon_uart_write
 .text          0x0000000000010810      0x62c ../test_bsp//libhal_bsp.a(epcs_commands.o)
                0x0000000000010810                epcs_read_status_register
                0x00000000000108dc                epcs_sector_erase
                0x00000000000109d4                epcs_read_buffer
                0x0000000000010ac8                epcs_write_enable
                0x0000000000010b18                epcs_write_status_register
                0x0000000000010b80                epcs_write_buffer
                0x0000000000010c9c                epcs_read_electronic_signature
                0x0000000000010d04                epcs_read_device_id
                0x0000000000010d84                epcs_enter_4_bytes_mode
                0x0000000000010de0                epcs_exit_4_bytes_mode
 .text          0x0000000000010e3c      0x140 ../test_bsp//libhal_bsp.a(alt_alarm_start.o)
                0x0000000000010e3c                alt_alarm_start
 .text          0x0000000000010f7c       0xf4 ../test_bsp//libhal_bsp.a(alt_dev_llist_insert.o)
                0x0000000000010fcc                alt_dev_llist_insert
 .text          0x0000000000011070       0x5c ../test_bsp//libhal_bsp.a(alt_do_ctors.o)
                0x0000000000011070                _do_ctors
 .text          0x00000000000110cc       0x5c ../test_bsp//libhal_bsp.a(alt_do_dtors.o)
                0x00000000000110cc                _do_dtors
 .text          0x0000000000011128       0xb8 ../test_bsp//libhal_bsp.a(alt_flash_dev.o)
                0x0000000000011128                alt_flash_open_dev
                0x0000000000011190                alt_flash_close_dev
 .text          0x00000000000111e0      0x1e0 ../test_bsp//libhal_bsp.a(alt_iic.o)
                0x00000000000111e0                alt_ic_isr_register
                0x0000000000011230                alt_ic_irq_enable
                0x00000000000112d0                alt_ic_irq_disable
                0x0000000000011374                alt_ic_irq_enabled
 .text          0x00000000000113c0       0xf0 ../test_bsp//libhal_bsp.a(alt_iic_isr_register.o)
                0x00000000000113c0                alt_iic_isr_register
 .text          0x00000000000114b0      0x158 ../test_bsp//libhal_bsp.a(alt_io_redirect.o)
                0x0000000000011590                alt_io_redirect
 .text          0x0000000000011608        0x0 ../test_bsp//libhal_bsp.a(alt_irq_entry.o)
 .text          0x0000000000011608        0x0 ../test_bsp//libhal_bsp.a(alt_irq_handler.o)
 .text          0x0000000000011608        0x0 ../test_bsp//libhal_bsp.a(alt_irq_vars.o)
 .text          0x0000000000011608      0x2a4 ../test_bsp//libhal_bsp.a(alt_open.o)
                0x000000000001174c                open
 .text          0x00000000000118ac      0x19c ../test_bsp//libhal_bsp.a(alt_tick.o)
                0x00000000000118ac                alt_alarm_stop
                0x0000000000011944                alt_tick
 .text          0x0000000000011a48       0x20 ../test_bsp//libhal_bsp.a(altera_nios2_qsys_irq.o)
                0x0000000000011a48                altera_nios2_qsys_irq_init
 .text          0x0000000000011a68      0x204 ../test_bsp//libhal_bsp.a(altera_avalon_spi.o)
                0x0000000000011a68                alt_avalon_spi_command
 .text          0x0000000000011c6c        0x0 ../test_bsp//libhal_bsp.a(alt_exception_entry.o)
 .text          0x0000000000011c6c       0x90 ../test_bsp//libhal_bsp.a(alt_find_dev.o)
                0x0000000000011c6c                alt_find_dev
 .text          0x0000000000011cfc      0x114 ../test_bsp//libhal_bsp.a(alt_find_file.o)
                0x0000000000011cfc                alt_find_file
 .text          0x0000000000011e10       0xd4 ../test_bsp//libhal_bsp.a(alt_get_fd.o)
                0x0000000000011e10                alt_get_fd
 .text          0x0000000000011ee4        0x0 /home/heiko/UniZeugs/Lab/altera_lite/15.1/nios2eds/bin/gnu/H-x86_64-pc-linux-gnu/bin/../lib/gcc/nios2-elf/4.9.2/../../../../../H-x86_64-pc-linux-gnu/nios2-elf/lib/mno-hw-mul/libc.a(lib_a-atexit.o)
 .text.atexit   0x0000000000011ee4       0x14 /home/heiko/UniZeugs/Lab/altera_lite/15.1/nios2eds/bin/gnu/H-x86_64-pc-linux-gnu/bin/../lib/gcc/nios2-elf/4.9.2/../../../../../H-x86_64-pc-linux-gnu/nios2-elf/lib/mno-hw-mul/libc.a(lib_a-atexit.o)
                0x0000000000011ee4                atexit
 .text          0x0000000000011ef8        0x0 /home/heiko/UniZeugs/Lab/altera_lite/15.1/nios2eds/bin/gnu/H-x86_64-pc-linux-gnu/bin/../lib/gcc/nios2-elf/4.9.2/../../../../../H-x86_64-pc-linux-gnu/nios2-elf/lib/mno-hw-mul/libc.a(lib_a-exit.o)
 .text.exit     0x0000000000011ef8       0x38 /home/heiko/UniZeugs/Lab/altera_lite/15.1/nios2eds/bin/gnu/H-x86_64-pc-linux-gnu/bin/../lib/gcc/nios2-elf/4.9.2/../../../../../H-x86_64-pc-linux-gnu/nios2-elf/lib/mno-hw-mul/libc.a(lib_a-exit.o)
                0x0000000000011ef8                exit
 .text          0x0000000000011f30        0x0 /home/heiko/UniZeugs/Lab/altera_lite/15.1/nios2eds/bin/gnu/H-x86_64-pc-linux-gnu/bin/../lib/gcc/nios2-elf/4.9.2/../../../../../H-x86_64-pc-linux-gnu/nios2-elf/lib/mno-hw-mul/libc.a(lib_a-memcmp.o)
 .text.memcmp   0x0000000000011f30       0x7c /home/heiko/UniZeugs/Lab/altera_lite/15.1/nios2eds/bin/gnu/H-x86_64-pc-linux-gnu/bin/../lib/gcc/nios2-elf/4.9.2/../../../../../H-x86_64-pc-linux-gnu/nios2-elf/lib/mno-hw-mul/libc.a(lib_a-memcmp.o)
                0x0000000000011f30                memcmp
 .text          0x0000000000011fac        0x0 /home/heiko/UniZeugs/Lab/altera_lite/15.1/nios2eds/bin/gnu/H-x86_64-pc-linux-gnu/bin/../lib/gcc/nios2-elf/4.9.2/../../../../../H-x86_64-pc-linux-gnu/nios2-elf/lib/mno-hw-mul/libc.a(lib_a-__atexit.o)
 .text.__register_exitproc
                0x0000000000011fac      0x114 /home/heiko/UniZeugs/Lab/altera_lite/15.1/nios2eds/bin/gnu/H-x86_64-pc-linux-gnu/bin/../lib/gcc/nios2-elf/4.9.2/../../../../../H-x86_64-pc-linux-gnu/nios2-elf/lib/mno-hw-mul/libc.a(lib_a-__atexit.o)
                0x0000000000011fac                __register_exitproc
 .text          0x00000000000120c0        0x0 /home/heiko/UniZeugs/Lab/altera_lite/15.1/nios2eds/bin/gnu/H-x86_64-pc-linux-gnu/bin/../lib/gcc/nios2-elf/4.9.2/../../../../../H-x86_64-pc-linux-gnu/nios2-elf/lib/mno-hw-mul/libc.a(lib_a-__call_atexit.o)
 .text.__call_exitprocs
                0x00000000000120c0      0x194 /home/heiko/UniZeugs/Lab/altera_lite/15.1/nios2eds/bin/gnu/H-x86_64-pc-linux-gnu/bin/../lib/gcc/nios2-elf/4.9.2/../../../../../H-x86_64-pc-linux-gnu/nios2-elf/lib/mno-hw-mul/libc.a(lib_a-__call_atexit.o)
                0x00000000000120c0                __call_exitprocs
 .text          0x0000000000012254       0x34 ../test_bsp//libhal_bsp.a(alt_exit.o)
                0x0000000000012254                _exit
 *(.gnu.warning.*)
 *(.fini)
                0x0000000000012288                PROVIDE (__etext, ABSOLUTE (.))
                0x0000000000012288                PROVIDE (_etext, ABSOLUTE (.))
                0x0000000000012288                PROVIDE (etext, ABSOLUTE (.))
 *(.eh_frame_hdr)
                0x0000000000012288                . = ALIGN (0x4)
                0x0000000000012288                PROVIDE (__preinit_array_start, ABSOLUTE (.))
 *(.preinit_array)
                0x0000000000012288                PROVIDE (__preinit_array_end, ABSOLUTE (.))
                0x0000000000012288                PROVIDE (__init_array_start, ABSOLUTE (.))
 *(.init_array)
                0x0000000000012288                PROVIDE (__init_array_end, ABSOLUTE (.))
                0x0000000000012288                PROVIDE (__fini_array_start, ABSOLUTE (.))
 *(.fini_array)
                0x0000000000012288                PROVIDE (__fini_array_end, ABSOLUTE (.))
 *(.eh_frame)
 *(.gcc_except_table .gcc_except_table.*)
 *(.dynamic)
                0x0000000000012288                PROVIDE (__CTOR_LIST__, ABSOLUTE (.))
 *(.ctors)
 *(SORT(.ctors.*))
                0x0000000000012288                PROVIDE (__CTOR_END__, ABSOLUTE (.))
                0x0000000000012288                PROVIDE (__DTOR_LIST__, ABSOLUTE (.))
 *(.dtors)
 *(SORT(.dtors.*))
                0x0000000000012288                PROVIDE (__DTOR_END__, ABSOLUTE (.))
 *(.jcr)
                0x0000000000012288                . = ALIGN (0x4)

.rodata         0x0000000000012288      0x414
                0x0000000000012288                PROVIDE (__ram_rodata_start, ABSOLUTE (.))
                0x0000000000012288                . = ALIGN (0x4)
 *(.rodata .rodata.* .gnu.linkonce.r.*)
 .rodata        0x0000000000012288       0x88 obj/default/main.o
 .rodata        0x0000000000012310      0x100 /home/heiko/UniZeugs/Lab/altera_lite/15.1/nios2eds/bin/gnu/H-x86_64-pc-linux-gnu/bin/../lib/gcc/nios2-elf/4.9.2/mno-hw-mul/libgcc.a(_clz.o)
                0x0000000000012310                __clz_tab
 .rodata.str1.4
                0x0000000000012410        0x2 /home/heiko/UniZeugs/Lab/altera_lite/15.1/nios2eds/bin/gnu/H-x86_64-pc-linux-gnu/bin/../lib/gcc/nios2-elf/4.9.2/../../../../../H-x86_64-pc-linux-gnu/nios2-elf/lib/mno-hw-mul/libc.a(lib_a-puts.o)
                                          0x4 (size before relaxing)
 *fill*         0x0000000000012412        0x2 
 .rodata.str1.4
                0x0000000000012414       0x42 /home/heiko/UniZeugs/Lab/altera_lite/15.1/nios2eds/bin/gnu/H-x86_64-pc-linux-gnu/bin/../lib/gcc/nios2-elf/4.9.2/../../../../../H-x86_64-pc-linux-gnu/nios2-elf/lib/mno-hw-mul/libc.a(lib_a-vfprintf.o)
                                         0x44 (size before relaxing)
 .rodata.zeroes.4255
                0x0000000000012456       0x10 /home/heiko/UniZeugs/Lab/altera_lite/15.1/nios2eds/bin/gnu/H-x86_64-pc-linux-gnu/bin/../lib/gcc/nios2-elf/4.9.2/../../../../../H-x86_64-pc-linux-gnu/nios2-elf/lib/mno-hw-mul/libc.a(lib_a-vfprintf.o)
 .rodata.blanks.4254
                0x0000000000012466       0x10 /home/heiko/UniZeugs/Lab/altera_lite/15.1/nios2eds/bin/gnu/H-x86_64-pc-linux-gnu/bin/../lib/gcc/nios2-elf/4.9.2/../../../../../H-x86_64-pc-linux-gnu/nios2-elf/lib/mno-hw-mul/libc.a(lib_a-vfprintf.o)
 *fill*         0x0000000000012476        0x2 
 .rodata.str1.4
                0x0000000000012478       0x10 /home/heiko/UniZeugs/Lab/altera_lite/15.1/nios2eds/bin/gnu/H-x86_64-pc-linux-gnu/bin/../lib/gcc/nios2-elf/4.9.2/../../../../../H-x86_64-pc-linux-gnu/nios2-elf/lib/mno-hw-mul/libc.a(lib_a-dtoa.o)
                                         0x14 (size before relaxing)
 .rodata.str1.4
                0x0000000000012488        0x2 /home/heiko/UniZeugs/Lab/altera_lite/15.1/nios2eds/bin/gnu/H-x86_64-pc-linux-gnu/bin/../lib/gcc/nios2-elf/4.9.2/../../../../../H-x86_64-pc-linux-gnu/nios2-elf/lib/mno-hw-mul/libc.a(lib_a-impure.o)
                                          0x4 (size before relaxing)
 *fill*         0x000000000001248a        0x2 
 .rodata.str1.4
                0x000000000001248c        0xc /home/heiko/UniZeugs/Lab/altera_lite/15.1/nios2eds/bin/gnu/H-x86_64-pc-linux-gnu/bin/../lib/gcc/nios2-elf/4.9.2/../../../../../H-x86_64-pc-linux-gnu/nios2-elf/lib/mno-hw-mul/libc.a(lib_a-locale.o)
                                         0x14 (size before relaxing)
 .rodata.p05.2710
                0x0000000000012498        0xc /home/heiko/UniZeugs/Lab/altera_lite/15.1/nios2eds/bin/gnu/H-x86_64-pc-linux-gnu/bin/../lib/gcc/nios2-elf/4.9.2/../../../../../H-x86_64-pc-linux-gnu/nios2-elf/lib/mno-hw-mul/libc.a(lib_a-mprec.o)
 .rodata.__mprec_tinytens
                0x00000000000124a4       0x28 /home/heiko/UniZeugs/Lab/altera_lite/15.1/nios2eds/bin/gnu/H-x86_64-pc-linux-gnu/bin/../lib/gcc/nios2-elf/4.9.2/../../../../../H-x86_64-pc-linux-gnu/nios2-elf/lib/mno-hw-mul/libc.a(lib_a-mprec.o)
                0x00000000000124a4                __mprec_tinytens
 .rodata.__mprec_bigtens
                0x00000000000124cc       0x28 /home/heiko/UniZeugs/Lab/altera_lite/15.1/nios2eds/bin/gnu/H-x86_64-pc-linux-gnu/bin/../lib/gcc/nios2-elf/4.9.2/../../../../../H-x86_64-pc-linux-gnu/nios2-elf/lib/mno-hw-mul/libc.a(lib_a-mprec.o)
                0x00000000000124cc                __mprec_bigtens
 .rodata.__mprec_tens
                0x00000000000124f4       0xc8 /home/heiko/UniZeugs/Lab/altera_lite/15.1/nios2eds/bin/gnu/H-x86_64-pc-linux-gnu/bin/../lib/gcc/nios2-elf/4.9.2/../../../../../H-x86_64-pc-linux-gnu/nios2-elf/lib/mno-hw-mul/libc.a(lib_a-mprec.o)
                0x00000000000124f4                __mprec_tens
 .rodata.str1.4
                0x0000000000000000       0x30 /home/heiko/UniZeugs/Lab/altera_lite/15.1/nios2eds/bin/gnu/H-x86_64-pc-linux-gnu/bin/../lib/gcc/nios2-elf/4.9.2/../../../../../H-x86_64-pc-linux-gnu/nios2-elf/lib/mno-hw-mul/libc.a(lib_a-vfiprintf.o)
 .rodata.zeroes.4200
                0x00000000000125bc       0x10 /home/heiko/UniZeugs/Lab/altera_lite/15.1/nios2eds/bin/gnu/H-x86_64-pc-linux-gnu/bin/../lib/gcc/nios2-elf/4.9.2/../../../../../H-x86_64-pc-linux-gnu/nios2-elf/lib/mno-hw-mul/libc.a(lib_a-vfiprintf.o)
 .rodata.blanks.4199
                0x00000000000125cc       0x10 /home/heiko/UniZeugs/Lab/altera_lite/15.1/nios2eds/bin/gnu/H-x86_64-pc-linux-gnu/bin/../lib/gcc/nios2-elf/4.9.2/../../../../../H-x86_64-pc-linux-gnu/nios2-elf/lib/mno-hw-mul/libc.a(lib_a-vfiprintf.o)
 .rodata        0x00000000000125dc        0xc ../test_bsp//libhal_bsp.a(alt_dev.o)
 .rodata        0x00000000000125e8       0x14 ../test_bsp//libhal_bsp.a(alt_main.o)
 .rodata        0x00000000000125fc       0xa0 ../test_bsp//libhal_bsp.a(alt_sys_init.o)
 *(.rodata1)
                0x000000000001269c                . = ALIGN (0x4)
                0x000000000001269c                PROVIDE (__ram_rodata_end, ABSOLUTE (.))
                0x0000000000012288                PROVIDE (__flash_rodata_start, LOADADDR (.rodata))

.rwdata         0x000000000001269c     0x1f94
                0x000000000001269c                PROVIDE (__ram_rwdata_start, ABSOLUTE (.))
                0x000000000001269c                . = ALIGN (0x4)
 *(.got.plt)
 *(.got)
 *(.data1)
 *(.data .data.* .gnu.linkonce.d.*)
 .data          0x000000000001269c        0x0 ../test_bsp//obj/HAL/src/crt0.o
 .data          0x000000000001269c        0x0 obj/default/hello_world.o
 .data          0x000000000001269c        0x0 obj/default/main.o
 .data          0x000000000001269c        0x0 obj/default/motor_setting.o
 .data          0x000000000001269c        0x0 obj/default/pin_tests.o
 .data          0x000000000001269c        0x0 obj/default/raspberry_uart.o
 .data          0x000000000001269c        0x0 obj/default/steering_setting.o
 .data          0x000000000001269c        0x0 obj/default/uart.o
 .data          0x000000000001269c        0x0 obj/default/ultrasound.o
 .data          0x000000000001269c        0x0 /home/heiko/UniZeugs/Lab/altera_lite/15.1/nios2eds/bin/gnu/H-x86_64-pc-linux-gnu/bin/../lib/gcc/nios2-elf/4.9.2/mno-hw-mul/libgcc.a(lib2-mul.o)
 .data          0x000000000001269c        0x0 /home/heiko/UniZeugs/Lab/altera_lite/15.1/nios2eds/bin/gnu/H-x86_64-pc-linux-gnu/bin/../lib/gcc/nios2-elf/4.9.2/mno-hw-mul/libgcc.a(divsf3.o)
 .data          0x000000000001269c        0x0 /home/heiko/UniZeugs/Lab/altera_lite/15.1/nios2eds/bin/gnu/H-x86_64-pc-linux-gnu/bin/../lib/gcc/nios2-elf/4.9.2/mno-hw-mul/libgcc.a(floatunsisf.o)
 .data          0x000000000001269c        0x0 /home/heiko/UniZeugs/Lab/altera_lite/15.1/nios2eds/bin/gnu/H-x86_64-pc-linux-gnu/bin/../lib/gcc/nios2-elf/4.9.2/mno-hw-mul/libgcc.a(extendsfdf2.o)
 .data          0x000000000001269c        0x0 /home/heiko/UniZeugs/Lab/altera_lite/15.1/nios2eds/bin/gnu/H-x86_64-pc-linux-gnu/bin/../lib/gcc/nios2-elf/4.9.2/mno-hw-mul/libgcc.a(_clzsi2.o)
 .data          0x000000000001269c        0x0 /home/heiko/UniZeugs/Lab/altera_lite/15.1/nios2eds/bin/gnu/H-x86_64-pc-linux-gnu/bin/../lib/gcc/nios2-elf/4.9.2/mno-hw-mul/libgcc.a(_clz.o)
 .data          0x000000000001269c        0x0 /home/heiko/UniZeugs/Lab/altera_lite/15.1/nios2eds/bin/gnu/H-x86_64-pc-linux-gnu/bin/../lib/gcc/nios2-elf/4.9.2/../../../../../H-x86_64-pc-linux-gnu/nios2-elf/lib/mno-hw-mul/libc.a(lib_a-printf.o)
 .data          0x000000000001269c        0x0 /home/heiko/UniZeugs/Lab/altera_lite/15.1/nios2eds/bin/gnu/H-x86_64-pc-linux-gnu/bin/../lib/gcc/nios2-elf/4.9.2/../../../../../H-x86_64-pc-linux-gnu/nios2-elf/lib/mno-hw-mul/libc.a(lib_a-puts.o)
 .data          0x000000000001269c        0x0 /home/heiko/UniZeugs/Lab/altera_lite/15.1/nios2eds/bin/gnu/H-x86_64-pc-linux-gnu/bin/../lib/gcc/nios2-elf/4.9.2/../../../../../H-x86_64-pc-linux-gnu/nios2-elf/lib/mno-hw-mul/libc.a(lib_a-strlen.o)
 .data          0x000000000001269c        0x0 /home/heiko/UniZeugs/Lab/altera_lite/15.1/nios2eds/bin/gnu/H-x86_64-pc-linux-gnu/bin/../lib/gcc/nios2-elf/4.9.2/../../../../../H-x86_64-pc-linux-gnu/nios2-elf/lib/mno-hw-mul/libc.a(lib_a-vfprintf.o)
 .data          0x000000000001269c        0x0 /home/heiko/UniZeugs/Lab/altera_lite/15.1/nios2eds/bin/gnu/H-x86_64-pc-linux-gnu/bin/../lib/gcc/nios2-elf/4.9.2/../../../../../H-x86_64-pc-linux-gnu/nios2-elf/lib/mno-hw-mul/libc.a(lib_a-wsetup.o)
 .data          0x000000000001269c        0x0 /home/heiko/UniZeugs/Lab/altera_lite/15.1/nios2eds/bin/gnu/H-x86_64-pc-linux-gnu/bin/../lib/gcc/nios2-elf/4.9.2/../../../../../H-x86_64-pc-linux-gnu/nios2-elf/lib/mno-hw-mul/libc.a(lib_a-dtoa.o)
 .data          0x000000000001269c        0x0 /home/heiko/UniZeugs/Lab/altera_lite/15.1/nios2eds/bin/gnu/H-x86_64-pc-linux-gnu/bin/../lib/gcc/nios2-elf/4.9.2/../../../../../H-x86_64-pc-linux-gnu/nios2-elf/lib/mno-hw-mul/libc.a(lib_a-fflush.o)
 .data          0x000000000001269c        0x0 /home/heiko/UniZeugs/Lab/altera_lite/15.1/nios2eds/bin/gnu/H-x86_64-pc-linux-gnu/bin/../lib/gcc/nios2-elf/4.9.2/../../../../../H-x86_64-pc-linux-gnu/nios2-elf/lib/mno-hw-mul/libc.a(lib_a-findfp.o)
 .data          0x000000000001269c        0x0 /home/heiko/UniZeugs/Lab/altera_lite/15.1/nios2eds/bin/gnu/H-x86_64-pc-linux-gnu/bin/../lib/gcc/nios2-elf/4.9.2/../../../../../H-x86_64-pc-linux-gnu/nios2-elf/lib/mno-hw-mul/libc.a(lib_a-freer.o)
 .data          0x000000000001269c        0x0 /home/heiko/UniZeugs/Lab/altera_lite/15.1/nios2eds/bin/gnu/H-x86_64-pc-linux-gnu/bin/../lib/gcc/nios2-elf/4.9.2/../../../../../H-x86_64-pc-linux-gnu/nios2-elf/lib/mno-hw-mul/libc.a(lib_a-fvwrite.o)
 .data          0x000000000001269c        0x0 /home/heiko/UniZeugs/Lab/altera_lite/15.1/nios2eds/bin/gnu/H-x86_64-pc-linux-gnu/bin/../lib/gcc/nios2-elf/4.9.2/../../../../../H-x86_64-pc-linux-gnu/nios2-elf/lib/mno-hw-mul/libc.a(lib_a-fwalk.o)
 .data          0x000000000001269c        0x0 /home/heiko/UniZeugs/Lab/altera_lite/15.1/nios2eds/bin/gnu/H-x86_64-pc-linux-gnu/bin/../lib/gcc/nios2-elf/4.9.2/../../../../../H-x86_64-pc-linux-gnu/nios2-elf/lib/mno-hw-mul/libc.a(lib_a-impure.o)
 .data.impure_data
                0x000000000001269c      0x424 /home/heiko/UniZeugs/Lab/altera_lite/15.1/nios2eds/bin/gnu/H-x86_64-pc-linux-gnu/bin/../lib/gcc/nios2-elf/4.9.2/../../../../../H-x86_64-pc-linux-gnu/nios2-elf/lib/mno-hw-mul/libc.a(lib_a-impure.o)
 .data          0x0000000000012ac0        0x0 /home/heiko/UniZeugs/Lab/altera_lite/15.1/nios2eds/bin/gnu/H-x86_64-pc-linux-gnu/bin/../lib/gcc/nios2-elf/4.9.2/../../../../../H-x86_64-pc-linux-gnu/nios2-elf/lib/mno-hw-mul/libc.a(lib_a-locale.o)
 .data.lc_message_charset
                0x0000000000012ac0       0x20 /home/heiko/UniZeugs/Lab/altera_lite/15.1/nios2eds/bin/gnu/H-x86_64-pc-linux-gnu/bin/../lib/gcc/nios2-elf/4.9.2/../../../../../H-x86_64-pc-linux-gnu/nios2-elf/lib/mno-hw-mul/libc.a(lib_a-locale.o)
 .data.lc_ctype_charset
                0x0000000000012ae0       0x20 /home/heiko/UniZeugs/Lab/altera_lite/15.1/nios2eds/bin/gnu/H-x86_64-pc-linux-gnu/bin/../lib/gcc/nios2-elf/4.9.2/../../../../../H-x86_64-pc-linux-gnu/nios2-elf/lib/mno-hw-mul/libc.a(lib_a-locale.o)
 .data.lconv    0x0000000000012b00       0x38 /home/heiko/UniZeugs/Lab/altera_lite/15.1/nios2eds/bin/gnu/H-x86_64-pc-linux-gnu/bin/../lib/gcc/nios2-elf/4.9.2/../../../../../H-x86_64-pc-linux-gnu/nios2-elf/lib/mno-hw-mul/libc.a(lib_a-locale.o)
 .data          0x0000000000012b38        0x0 /home/heiko/UniZeugs/Lab/altera_lite/15.1/nios2eds/bin/gnu/H-x86_64-pc-linux-gnu/bin/../lib/gcc/nios2-elf/4.9.2/../../../../../H-x86_64-pc-linux-gnu/nios2-elf/lib/mno-hw-mul/libc.a(lib_a-makebuf.o)
 .data          0x0000000000012b38        0x0 /home/heiko/UniZeugs/Lab/altera_lite/15.1/nios2eds/bin/gnu/H-x86_64-pc-linux-gnu/bin/../lib/gcc/nios2-elf/4.9.2/../../../../../H-x86_64-pc-linux-gnu/nios2-elf/lib/mno-hw-mul/libc.a(lib_a-mallocr.o)
 .data.__malloc_av_
                0x0000000000012b38      0x408 /home/heiko/UniZeugs/Lab/altera_lite/15.1/nios2eds/bin/gnu/H-x86_64-pc-linux-gnu/bin/../lib/gcc/nios2-elf/4.9.2/../../../../../H-x86_64-pc-linux-gnu/nios2-elf/lib/mno-hw-mul/libc.a(lib_a-mallocr.o)
                0x0000000000012b38                __malloc_av_
 .data          0x0000000000012f40        0x0 /home/heiko/UniZeugs/Lab/altera_lite/15.1/nios2eds/bin/gnu/H-x86_64-pc-linux-gnu/bin/../lib/gcc/nios2-elf/4.9.2/../../../../../H-x86_64-pc-linux-gnu/nios2-elf/lib/mno-hw-mul/libc.a(lib_a-memchr.o)
 .data          0x0000000000012f40        0x0 /home/heiko/UniZeugs/Lab/altera_lite/15.1/nios2eds/bin/gnu/H-x86_64-pc-linux-gnu/bin/../lib/gcc/nios2-elf/4.9.2/../../../../../H-x86_64-pc-linux-gnu/nios2-elf/lib/mno-hw-mul/libc.a(lib_a-memcpy.o)
 .data          0x0000000000012f40        0x0 /home/heiko/UniZeugs/Lab/altera_lite/15.1/nios2eds/bin/gnu/H-x86_64-pc-linux-gnu/bin/../lib/gcc/nios2-elf/4.9.2/../../../../../H-x86_64-pc-linux-gnu/nios2-elf/lib/mno-hw-mul/libc.a(lib_a-memmove.o)
 .data          0x0000000000012f40        0x0 /home/heiko/UniZeugs/Lab/altera_lite/15.1/nios2eds/bin/gnu/H-x86_64-pc-linux-gnu/bin/../lib/gcc/nios2-elf/4.9.2/../../../../../H-x86_64-pc-linux-gnu/nios2-elf/lib/mno-hw-mul/libc.a(lib_a-memset.o)
 .data          0x0000000000012f40        0x0 /home/heiko/UniZeugs/Lab/altera_lite/15.1/nios2eds/bin/gnu/H-x86_64-pc-linux-gnu/bin/../lib/gcc/nios2-elf/4.9.2/../../../../../H-x86_64-pc-linux-gnu/nios2-elf/lib/mno-hw-mul/libc.a(lib_a-mprec.o)
 .data          0x0000000000012f40        0x0 /home/heiko/UniZeugs/Lab/altera_lite/15.1/nios2eds/bin/gnu/H-x86_64-pc-linux-gnu/bin/../lib/gcc/nios2-elf/4.9.2/../../../../../H-x86_64-pc-linux-gnu/nios2-elf/lib/mno-hw-mul/libc.a(lib_a-reallocr.o)
 .data          0x0000000000012f40        0x0 /home/heiko/UniZeugs/Lab/altera_lite/15.1/nios2eds/bin/gnu/H-x86_64-pc-linux-gnu/bin/../lib/gcc/nios2-elf/4.9.2/../../../../../H-x86_64-pc-linux-gnu/nios2-elf/lib/mno-hw-mul/libc.a(lib_a-s_fpclassify.o)
 .data          0x0000000000012f40        0x0 /home/heiko/UniZeugs/Lab/altera_lite/15.1/nios2eds/bin/gnu/H-x86_64-pc-linux-gnu/bin/../lib/gcc/nios2-elf/4.9.2/../../../../../H-x86_64-pc-linux-gnu/nios2-elf/lib/mno-hw-mul/libc.a(lib_a-sbrkr.o)
 .data          0x0000000000012f40        0x0 /home/heiko/UniZeugs/Lab/altera_lite/15.1/nios2eds/bin/gnu/H-x86_64-pc-linux-gnu/bin/../lib/gcc/nios2-elf/4.9.2/../../../../../H-x86_64-pc-linux-gnu/nios2-elf/lib/mno-hw-mul/libc.a(lib_a-stdio.o)
 .data          0x0000000000012f40        0x0 /home/heiko/UniZeugs/Lab/altera_lite/15.1/nios2eds/bin/gnu/H-x86_64-pc-linux-gnu/bin/../lib/gcc/nios2-elf/4.9.2/../../../../../H-x86_64-pc-linux-gnu/nios2-elf/lib/mno-hw-mul/libc.a(lib_a-strcmp.o)
 .data          0x0000000000012f40        0x0 /home/heiko/UniZeugs/Lab/altera_lite/15.1/nios2eds/bin/gnu/H-x86_64-pc-linux-gnu/bin/../lib/gcc/nios2-elf/4.9.2/../../../../../H-x86_64-pc-linux-gnu/nios2-elf/lib/mno-hw-mul/libc.a(lib_a-vfiprintf.o)
 .data          0x0000000000012f40        0x0 /home/heiko/UniZeugs/Lab/altera_lite/15.1/nios2eds/bin/gnu/H-x86_64-pc-linux-gnu/bin/../lib/gcc/nios2-elf/4.9.2/../../../../../H-x86_64-pc-linux-gnu/nios2-elf/lib/mno-hw-mul/libc.a(lib_a-writer.o)
 .data          0x0000000000012f40        0x0 /home/heiko/UniZeugs/Lab/altera_lite/15.1/nios2eds/bin/gnu/H-x86_64-pc-linux-gnu/bin/../lib/gcc/nios2-elf/4.9.2/../../../../../H-x86_64-pc-linux-gnu/nios2-elf/lib/mno-hw-mul/libc.a(closer.o)
 .data          0x0000000000012f40        0x0 /home/heiko/UniZeugs/Lab/altera_lite/15.1/nios2eds/bin/gnu/H-x86_64-pc-linux-gnu/bin/../lib/gcc/nios2-elf/4.9.2/../../../../../H-x86_64-pc-linux-gnu/nios2-elf/lib/mno-hw-mul/libc.a(lib_a-callocr.o)
 .data          0x0000000000012f40        0x0 /home/heiko/UniZeugs/Lab/altera_lite/15.1/nios2eds/bin/gnu/H-x86_64-pc-linux-gnu/bin/../lib/gcc/nios2-elf/4.9.2/../../../../../H-x86_64-pc-linux-gnu/nios2-elf/lib/mno-hw-mul/libc.a(lib_a-fclose.o)
 .data          0x0000000000012f40        0x0 /home/heiko/UniZeugs/Lab/altera_lite/15.1/nios2eds/bin/gnu/H-x86_64-pc-linux-gnu/bin/../lib/gcc/nios2-elf/4.9.2/../../../../../H-x86_64-pc-linux-gnu/nios2-elf/lib/mno-hw-mul/libc.a(lib_a-fputwc.o)
 .data          0x0000000000012f40        0x0 /home/heiko/UniZeugs/Lab/altera_lite/15.1/nios2eds/bin/gnu/H-x86_64-pc-linux-gnu/bin/../lib/gcc/nios2-elf/4.9.2/../../../../../H-x86_64-pc-linux-gnu/nios2-elf/lib/mno-hw-mul/libc.a(lib_a-fstatr.o)
 .data          0x0000000000012f40        0x0 /home/heiko/UniZeugs/Lab/altera_lite/15.1/nios2eds/bin/gnu/H-x86_64-pc-linux-gnu/bin/../lib/gcc/nios2-elf/4.9.2/../../../../../H-x86_64-pc-linux-gnu/nios2-elf/lib/mno-hw-mul/libc.a(lib_a-int_errno.o)
 .data          0x0000000000012f40        0x0 /home/heiko/UniZeugs/Lab/altera_lite/15.1/nios2eds/bin/gnu/H-x86_64-pc-linux-gnu/bin/../lib/gcc/nios2-elf/4.9.2/../../../../../H-x86_64-pc-linux-gnu/nios2-elf/lib/mno-hw-mul/libc.a(lib_a-isattyr.o)
 .data          0x0000000000012f40        0x0 /home/heiko/UniZeugs/Lab/altera_lite/15.1/nios2eds/bin/gnu/H-x86_64-pc-linux-gnu/bin/../lib/gcc/nios2-elf/4.9.2/../../../../../H-x86_64-pc-linux-gnu/nios2-elf/lib/mno-hw-mul/libc.a(lib_a-lseekr.o)
 .data          0x0000000000012f40        0x0 /home/heiko/UniZeugs/Lab/altera_lite/15.1/nios2eds/bin/gnu/H-x86_64-pc-linux-gnu/bin/../lib/gcc/nios2-elf/4.9.2/../../../../../H-x86_64-pc-linux-gnu/nios2-elf/lib/mno-hw-mul/libc.a(lib_a-readr.o)
 .data          0x0000000000012f40        0x0 /home/heiko/UniZeugs/Lab/altera_lite/15.1/nios2eds/bin/gnu/H-x86_64-pc-linux-gnu/bin/../lib/gcc/nios2-elf/4.9.2/../../../../../H-x86_64-pc-linux-gnu/nios2-elf/lib/mno-hw-mul/libc.a(lib_a-wbuf.o)
 .data          0x0000000000012f40        0x0 /home/heiko/UniZeugs/Lab/altera_lite/15.1/nios2eds/bin/gnu/H-x86_64-pc-linux-gnu/bin/../lib/gcc/nios2-elf/4.9.2/../../../../../H-x86_64-pc-linux-gnu/nios2-elf/lib/mno-hw-mul/libc.a(lib_a-wcrtomb.o)
 .data          0x0000000000012f40        0x0 /home/heiko/UniZeugs/Lab/altera_lite/15.1/nios2eds/bin/gnu/H-x86_64-pc-linux-gnu/bin/../lib/gcc/nios2-elf/4.9.2/../../../../../H-x86_64-pc-linux-gnu/nios2-elf/lib/mno-hw-mul/libc.a(lib_a-wctomb_r.o)
 .data          0x0000000000012f40        0x0 /home/heiko/UniZeugs/Lab/altera_lite/15.1/nios2eds/bin/gnu/H-x86_64-pc-linux-gnu/bin/../lib/gcc/nios2-elf/4.9.2/mno-hw-mul/libgcc.a(_udivdi3.o)
 .data          0x0000000000012f40        0x0 /home/heiko/UniZeugs/Lab/altera_lite/15.1/nios2eds/bin/gnu/H-x86_64-pc-linux-gnu/bin/../lib/gcc/nios2-elf/4.9.2/mno-hw-mul/libgcc.a(_umoddi3.o)
 .data          0x0000000000012f40        0x0 /home/heiko/UniZeugs/Lab/altera_lite/15.1/nios2eds/bin/gnu/H-x86_64-pc-linux-gnu/bin/../lib/gcc/nios2-elf/4.9.2/mno-hw-mul/libgcc.a(lib2-divmod.o)
 .data          0x0000000000012f40        0x0 /home/heiko/UniZeugs/Lab/altera_lite/15.1/nios2eds/bin/gnu/H-x86_64-pc-linux-gnu/bin/../lib/gcc/nios2-elf/4.9.2/mno-hw-mul/libgcc.a(adddf3.o)
 .data          0x0000000000012f40        0x0 /home/heiko/UniZeugs/Lab/altera_lite/15.1/nios2eds/bin/gnu/H-x86_64-pc-linux-gnu/bin/../lib/gcc/nios2-elf/4.9.2/mno-hw-mul/libgcc.a(divdf3.o)
 .data          0x0000000000012f40        0x0 /home/heiko/UniZeugs/Lab/altera_lite/15.1/nios2eds/bin/gnu/H-x86_64-pc-linux-gnu/bin/../lib/gcc/nios2-elf/4.9.2/mno-hw-mul/libgcc.a(eqdf2.o)
 .data          0x0000000000012f40        0x0 /home/heiko/UniZeugs/Lab/altera_lite/15.1/nios2eds/bin/gnu/H-x86_64-pc-linux-gnu/bin/../lib/gcc/nios2-elf/4.9.2/mno-hw-mul/libgcc.a(gedf2.o)
 .data          0x0000000000012f40        0x0 /home/heiko/UniZeugs/Lab/altera_lite/15.1/nios2eds/bin/gnu/H-x86_64-pc-linux-gnu/bin/../lib/gcc/nios2-elf/4.9.2/mno-hw-mul/libgcc.a(ledf2.o)
 .data          0x0000000000012f40        0x0 /home/heiko/UniZeugs/Lab/altera_lite/15.1/nios2eds/bin/gnu/H-x86_64-pc-linux-gnu/bin/../lib/gcc/nios2-elf/4.9.2/mno-hw-mul/libgcc.a(muldf3.o)
 .data          0x0000000000012f40        0x0 /home/heiko/UniZeugs/Lab/altera_lite/15.1/nios2eds/bin/gnu/H-x86_64-pc-linux-gnu/bin/../lib/gcc/nios2-elf/4.9.2/mno-hw-mul/libgcc.a(subdf3.o)
 .data          0x0000000000012f40        0x0 /home/heiko/UniZeugs/Lab/altera_lite/15.1/nios2eds/bin/gnu/H-x86_64-pc-linux-gnu/bin/../lib/gcc/nios2-elf/4.9.2/mno-hw-mul/libgcc.a(fixdfsi.o)
 .data          0x0000000000012f40        0x0 /home/heiko/UniZeugs/Lab/altera_lite/15.1/nios2eds/bin/gnu/H-x86_64-pc-linux-gnu/bin/../lib/gcc/nios2-elf/4.9.2/mno-hw-mul/libgcc.a(floatsidf.o)
 .data          0x0000000000012f40        0x0 /home/heiko/UniZeugs/Lab/altera_lite/15.1/nios2eds/bin/gnu/H-x86_64-pc-linux-gnu/bin/../lib/gcc/nios2-elf/4.9.2/mno-hw-mul/libgcc.a(floatunsidf.o)
 .data          0x0000000000012f40        0x0 ../test_bsp//libhal_bsp.a(alt_close.o)
 .data          0x0000000000012f40      0x1a8 ../test_bsp//libhal_bsp.a(alt_dev.o)
                0x0000000000012f40                alt_dev_null
                0x0000000000012f68                alt_fd_list
 .data          0x00000000000130e8        0x0 ../test_bsp//libhal_bsp.a(alt_errno.o)
 .data          0x00000000000130e8        0x0 ../test_bsp//libhal_bsp.a(alt_fstat.o)
 .data          0x00000000000130e8        0x0 ../test_bsp//libhal_bsp.a(alt_isatty.o)
 .data          0x00000000000130e8        0x0 ../test_bsp//libhal_bsp.a(alt_lseek.o)
 .data          0x00000000000130e8        0x0 ../test_bsp//libhal_bsp.a(alt_main.o)
 .data          0x00000000000130e8        0x0 ../test_bsp//libhal_bsp.a(alt_malloc_lock.o)
 .data          0x00000000000130e8        0x0 ../test_bsp//libhal_bsp.a(alt_read.o)
 .data          0x00000000000130e8        0x0 ../test_bsp//libhal_bsp.a(alt_release_fd.o)
 .data          0x00000000000130e8        0x0 ../test_bsp//libhal_bsp.a(alt_sbrk.o)
 .data          0x00000000000130e8        0x0 ../test_bsp//libhal_bsp.a(alt_write.o)
 .data          0x00000000000130e8     0x1500 ../test_bsp//libhal_bsp.a(alt_sys_init.o)
 .data          0x00000000000145e8        0x0 ../test_bsp//libhal_bsp.a(altera_avalon_epcs_flash_controller.o)
 .data          0x00000000000145e8        0x0 ../test_bsp//libhal_bsp.a(altera_avalon_jtag_uart_fd.o)
 .data          0x00000000000145e8        0x0 ../test_bsp//libhal_bsp.a(altera_avalon_jtag_uart_init.o)
 .data          0x00000000000145e8        0x0 ../test_bsp//libhal_bsp.a(altera_avalon_jtag_uart_ioctl.o)
 .data          0x00000000000145e8        0x0 ../test_bsp//libhal_bsp.a(altera_avalon_jtag_uart_read.o)
 .data          0x00000000000145e8        0x0 ../test_bsp//libhal_bsp.a(altera_avalon_jtag_uart_write.o)
 .data          0x00000000000145e8        0x0 ../test_bsp//libhal_bsp.a(altera_avalon_timer_sc.o)
 .data          0x00000000000145e8        0x0 ../test_bsp//libhal_bsp.a(altera_avalon_uart_fd.o)
 .data          0x00000000000145e8        0x0 ../test_bsp//libhal_bsp.a(altera_avalon_uart_init.o)
 .data          0x00000000000145e8        0x0 ../test_bsp//libhal_bsp.a(altera_avalon_uart_read.o)
 .data          0x00000000000145e8        0x0 ../test_bsp//libhal_bsp.a(altera_avalon_uart_write.o)
 .data          0x00000000000145e8        0x0 ../test_bsp//libhal_bsp.a(epcs_commands.o)
 .data          0x00000000000145e8        0x0 ../test_bsp//libhal_bsp.a(alt_alarm_start.o)
 .data          0x00000000000145e8        0x0 ../test_bsp//libhal_bsp.a(alt_dev_llist_insert.o)
 .data          0x00000000000145e8        0x0 ../test_bsp//libhal_bsp.a(alt_do_ctors.o)
 .data          0x00000000000145e8        0x0 ../test_bsp//libhal_bsp.a(alt_do_dtors.o)
 .data          0x00000000000145e8        0x0 ../test_bsp//libhal_bsp.a(alt_flash_dev.o)
 .data          0x00000000000145e8        0x0 ../test_bsp//libhal_bsp.a(alt_iic.o)
 .data          0x00000000000145e8        0x0 ../test_bsp//libhal_bsp.a(alt_iic_isr_register.o)
 .data          0x00000000000145e8        0x0 ../test_bsp//libhal_bsp.a(alt_io_redirect.o)
 .data          0x00000000000145e8        0x0 ../test_bsp//libhal_bsp.a(alt_irq_entry.o)
 .data          0x00000000000145e8        0x0 ../test_bsp//libhal_bsp.a(alt_irq_handler.o)
 .data          0x00000000000145e8        0x0 ../test_bsp//libhal_bsp.a(alt_irq_vars.o)
 .data          0x00000000000145e8        0x0 ../test_bsp//libhal_bsp.a(alt_open.o)
 .data          0x00000000000145e8        0x0 ../test_bsp//libhal_bsp.a(alt_tick.o)
 .data          0x00000000000145e8        0x0 ../test_bsp//libhal_bsp.a(altera_nios2_qsys_irq.o)
 .data          0x00000000000145e8        0x0 ../test_bsp//libhal_bsp.a(altera_avalon_spi.o)
 .data          0x00000000000145e8        0x0 ../test_bsp//libhal_bsp.a(alt_exception_entry.o)
 .data          0x00000000000145e8        0x0 ../test_bsp//libhal_bsp.a(alt_find_dev.o)
 .data          0x00000000000145e8        0x0 ../test_bsp//libhal_bsp.a(alt_find_file.o)
 .data          0x00000000000145e8        0x0 ../test_bsp//libhal_bsp.a(alt_get_fd.o)
 .data          0x00000000000145e8        0x0 /home/heiko/UniZeugs/Lab/altera_lite/15.1/nios2eds/bin/gnu/H-x86_64-pc-linux-gnu/bin/../lib/gcc/nios2-elf/4.9.2/../../../../../H-x86_64-pc-linux-gnu/nios2-elf/lib/mno-hw-mul/libc.a(lib_a-atexit.o)
 .data          0x00000000000145e8        0x0 /home/heiko/UniZeugs/Lab/altera_lite/15.1/nios2eds/bin/gnu/H-x86_64-pc-linux-gnu/bin/../lib/gcc/nios2-elf/4.9.2/../../../../../H-x86_64-pc-linux-gnu/nios2-elf/lib/mno-hw-mul/libc.a(lib_a-exit.o)
 .data          0x00000000000145e8        0x0 /home/heiko/UniZeugs/Lab/altera_lite/15.1/nios2eds/bin/gnu/H-x86_64-pc-linux-gnu/bin/../lib/gcc/nios2-elf/4.9.2/../../../../../H-x86_64-pc-linux-gnu/nios2-elf/lib/mno-hw-mul/libc.a(lib_a-memcmp.o)
 .data          0x00000000000145e8        0x0 /home/heiko/UniZeugs/Lab/altera_lite/15.1/nios2eds/bin/gnu/H-x86_64-pc-linux-gnu/bin/../lib/gcc/nios2-elf/4.9.2/../../../../../H-x86_64-pc-linux-gnu/nios2-elf/lib/mno-hw-mul/libc.a(lib_a-__atexit.o)
 .data          0x00000000000145e8        0x0 /home/heiko/UniZeugs/Lab/altera_lite/15.1/nios2eds/bin/gnu/H-x86_64-pc-linux-gnu/bin/../lib/gcc/nios2-elf/4.9.2/../../../../../H-x86_64-pc-linux-gnu/nios2-elf/lib/mno-hw-mul/libc.a(lib_a-__call_atexit.o)
 .data          0x00000000000145e8        0x0 ../test_bsp//libhal_bsp.a(alt_exit.o)
                0x000000000001c5e8                _gp = ABSOLUTE ((. + 0x8000))
                0x000000000001c5e8                PROVIDE (gp, _gp)
 *(.rwdata .rwdata.*)
 *(.sdata .sdata.* .gnu.linkonce.s.*)
 .sdata._global_impure_ptr
                0x00000000000145e8        0x4 /home/heiko/UniZeugs/Lab/altera_lite/15.1/nios2eds/bin/gnu/H-x86_64-pc-linux-gnu/bin/../lib/gcc/nios2-elf/4.9.2/../../../../../H-x86_64-pc-linux-gnu/nios2-elf/lib/mno-hw-mul/libc.a(lib_a-impure.o)
                0x00000000000145e8                _global_impure_ptr
 .sdata._impure_ptr
                0x00000000000145ec        0x4 /home/heiko/UniZeugs/Lab/altera_lite/15.1/nios2eds/bin/gnu/H-x86_64-pc-linux-gnu/bin/../lib/gcc/nios2-elf/4.9.2/../../../../../H-x86_64-pc-linux-gnu/nios2-elf/lib/mno-hw-mul/libc.a(lib_a-impure.o)
                0x00000000000145ec                _impure_ptr
 .sdata.__mb_cur_max
                0x00000000000145f0        0x4 /home/heiko/UniZeugs/Lab/altera_lite/15.1/nios2eds/bin/gnu/H-x86_64-pc-linux-gnu/bin/../lib/gcc/nios2-elf/4.9.2/../../../../../H-x86_64-pc-linux-gnu/nios2-elf/lib/mno-hw-mul/libc.a(lib_a-locale.o)
                0x00000000000145f0                __mb_cur_max
 .sdata.__malloc_sbrk_base
                0x00000000000145f4        0x4 /home/heiko/UniZeugs/Lab/altera_lite/15.1/nios2eds/bin/gnu/H-x86_64-pc-linux-gnu/bin/../lib/gcc/nios2-elf/4.9.2/../../../../../H-x86_64-pc-linux-gnu/nios2-elf/lib/mno-hw-mul/libc.a(lib_a-mallocr.o)
                0x00000000000145f4                __malloc_sbrk_base
 .sdata.__malloc_trim_threshold
                0x00000000000145f8        0x4 /home/heiko/UniZeugs/Lab/altera_lite/15.1/nios2eds/bin/gnu/H-x86_64-pc-linux-gnu/bin/../lib/gcc/nios2-elf/4.9.2/../../../../../H-x86_64-pc-linux-gnu/nios2-elf/lib/mno-hw-mul/libc.a(lib_a-mallocr.o)
                0x00000000000145f8                __malloc_trim_threshold
 .sdata.__wctomb
                0x00000000000145fc        0x4 /home/heiko/UniZeugs/Lab/altera_lite/15.1/nios2eds/bin/gnu/H-x86_64-pc-linux-gnu/bin/../lib/gcc/nios2-elf/4.9.2/../../../../../H-x86_64-pc-linux-gnu/nios2-elf/lib/mno-hw-mul/libc.a(lib_a-wctomb_r.o)
                0x00000000000145fc                __wctomb
 .sdata         0x0000000000014600       0x14 ../test_bsp//libhal_bsp.a(alt_dev.o)
                0x0000000000014600                alt_fs_list
                0x0000000000014608                alt_dev_list
                0x0000000000014610                alt_max_fd
 .sdata         0x0000000000014614        0x4 ../test_bsp//libhal_bsp.a(alt_errno.o)
                0x0000000000014614                alt_errno